Archive member included to satisfy reference by file (symbol)

c:/program files (x86)/atmel/studio/7.0/toolchain/arm/arm-gnu-toolchain/bin/../lib/gcc/arm-none-eabi/6.3.1/../../../../arm-none-eabi/lib/thumb/v7e-m\libc.a(lib_a-exit.o)
                              c:/program files (x86)/atmel/studio/7.0/toolchain/arm/arm-gnu-toolchain/bin/../lib/gcc/arm-none-eabi/6.3.1/../../../../arm-none-eabi/lib/thumb/v7e-m/crt0.o (exit)
c:/program files (x86)/atmel/studio/7.0/toolchain/arm/arm-gnu-toolchain/bin/../lib/gcc/arm-none-eabi/6.3.1/../../../../arm-none-eabi/lib/thumb/v7e-m\libc.a(lib_a-impure.o)
                              c:/program files (x86)/atmel/studio/7.0/toolchain/arm/arm-gnu-toolchain/bin/../lib/gcc/arm-none-eabi/6.3.1/../../../../arm-none-eabi/lib/thumb/v7e-m\libc.a(lib_a-exit.o) (_global_impure_ptr)
c:/program files (x86)/atmel/studio/7.0/toolchain/arm/arm-gnu-toolchain/bin/../lib/gcc/arm-none-eabi/6.3.1/../../../../arm-none-eabi/lib/thumb/v7e-m\libc.a(lib_a-init.o)
                              c:/program files (x86)/atmel/studio/7.0/toolchain/arm/arm-gnu-toolchain/bin/../lib/gcc/arm-none-eabi/6.3.1/../../../../arm-none-eabi/lib/thumb/v7e-m/crt0.o (__libc_init_array)
c:/program files (x86)/atmel/studio/7.0/toolchain/arm/arm-gnu-toolchain/bin/../lib/gcc/arm-none-eabi/6.3.1/../../../../arm-none-eabi/lib/thumb/v7e-m\libc.a(lib_a-iprintf.o)
                              src/usart_rs485_example_canopus.o (iprintf)
c:/program files (x86)/atmel/studio/7.0/toolchain/arm/arm-gnu-toolchain/bin/../lib/gcc/arm-none-eabi/6.3.1/../../../../arm-none-eabi/lib/thumb/v7e-m\libc.a(lib_a-iscanf.o)
                              src/usart_rs485_example_canopus.o (iscanf)
c:/program files (x86)/atmel/studio/7.0/toolchain/arm/arm-gnu-toolchain/bin/../lib/gcc/arm-none-eabi/6.3.1/../../../../arm-none-eabi/lib/thumb/v7e-m\libc.a(lib_a-memset.o)
                              c:/program files (x86)/atmel/studio/7.0/toolchain/arm/arm-gnu-toolchain/bin/../lib/gcc/arm-none-eabi/6.3.1/../../../../arm-none-eabi/lib/thumb/v7e-m/crt0.o (memset)
c:/program files (x86)/atmel/studio/7.0/toolchain/arm/arm-gnu-toolchain/bin/../lib/gcc/arm-none-eabi/6.3.1/../../../../arm-none-eabi/lib/thumb/v7e-m\libc.a(lib_a-setbuf.o)
                              src/usart_rs485_example_canopus.o (setbuf)
c:/program files (x86)/atmel/studio/7.0/toolchain/arm/arm-gnu-toolchain/bin/../lib/gcc/arm-none-eabi/6.3.1/../../../../arm-none-eabi/lib/thumb/v7e-m\libc.a(lib_a-setvbuf.o)
                              c:/program files (x86)/atmel/studio/7.0/toolchain/arm/arm-gnu-toolchain/bin/../lib/gcc/arm-none-eabi/6.3.1/../../../../arm-none-eabi/lib/thumb/v7e-m\libc.a(lib_a-setbuf.o) (setvbuf)
c:/program files (x86)/atmel/studio/7.0/toolchain/arm/arm-gnu-toolchain/bin/../lib/gcc/arm-none-eabi/6.3.1/../../../../arm-none-eabi/lib/thumb/v7e-m\libc.a(lib_a-vfiprintf.o)
                              c:/program files (x86)/atmel/studio/7.0/toolchain/arm/arm-gnu-toolchain/bin/../lib/gcc/arm-none-eabi/6.3.1/../../../../arm-none-eabi/lib/thumb/v7e-m\libc.a(lib_a-iprintf.o) (_vfiprintf_r)
c:/program files (x86)/atmel/studio/7.0/toolchain/arm/arm-gnu-toolchain/bin/../lib/gcc/arm-none-eabi/6.3.1/../../../../arm-none-eabi/lib/thumb/v7e-m\libc.a(lib_a-vfiscanf.o)
                              c:/program files (x86)/atmel/studio/7.0/toolchain/arm/arm-gnu-toolchain/bin/../lib/gcc/arm-none-eabi/6.3.1/../../../../arm-none-eabi/lib/thumb/v7e-m\libc.a(lib_a-iscanf.o) (__svfiscanf_r)
c:/program files (x86)/atmel/studio/7.0/toolchain/arm/arm-gnu-toolchain/bin/../lib/gcc/arm-none-eabi/6.3.1/../../../../arm-none-eabi/lib/thumb/v7e-m\libc.a(lib_a-wsetup.o)
                              c:/program files (x86)/atmel/studio/7.0/toolchain/arm/arm-gnu-toolchain/bin/../lib/gcc/arm-none-eabi/6.3.1/../../../../arm-none-eabi/lib/thumb/v7e-m\libc.a(lib_a-vfiprintf.o) (__swsetup_r)
c:/program files (x86)/atmel/studio/7.0/toolchain/arm/arm-gnu-toolchain/bin/../lib/gcc/arm-none-eabi/6.3.1/../../../../arm-none-eabi/lib/thumb/v7e-m\libc.a(lib_a-__call_atexit.o)
                              c:/program files (x86)/atmel/studio/7.0/toolchain/arm/arm-gnu-toolchain/bin/../lib/gcc/arm-none-eabi/6.3.1/../../../../arm-none-eabi/lib/thumb/v7e-m\libc.a(lib_a-exit.o) (__call_exitprocs)
c:/program files (x86)/atmel/studio/7.0/toolchain/arm/arm-gnu-toolchain/bin/../lib/gcc/arm-none-eabi/6.3.1/../../../../arm-none-eabi/lib/thumb/v7e-m\libc.a(lib_a-atexit.o)
                              c:/program files (x86)/atmel/studio/7.0/toolchain/arm/arm-gnu-toolchain/bin/../lib/gcc/arm-none-eabi/6.3.1/../../../../arm-none-eabi/lib/thumb/v7e-m\libc.a(lib_a-__call_atexit.o) (atexit)
c:/program files (x86)/atmel/studio/7.0/toolchain/arm/arm-gnu-toolchain/bin/../lib/gcc/arm-none-eabi/6.3.1/../../../../arm-none-eabi/lib/thumb/v7e-m\libc.a(lib_a-fflush.o)
[...]
Memory Configuration

Name             Origin             Length             Attributes
rom              0x00400000         0x00200000         xr
ram              0x20400000         0x00060000         xrw
*default*        0x00000000         0xffffffff

Linker script and memory map

LOAD c:/program files (x86)/atmel/studio/7.0/toolchain/arm/arm-gnu-toolchain/bin/../lib/gcc/arm-none-eabi/6.3.1/thumb/v7e-m/crti.o
LOAD c:/program files (x86)/atmel/studio/7.0/toolchain/arm/arm-gnu-toolchain/bin/../lib/gcc/arm-none-eabi/6.3.1/thumb/v7e-m/crtbegin.o
LOAD c:/program files (x86)/atmel/studio/7.0/toolchain/arm/arm-gnu-toolchain/bin/../lib/gcc/arm-none-eabi/6.3.1/../../../../arm-none-eabi/lib/thumb/v7e-m/crt0.o
LOAD src/ASF/common/services/clock/samv71/sysclk.o
LOAD src/ASF/common/services/serial/usart_serial.o
LOAD src/ASF/common/utils/interrupt/interrupt_sam_nvic.o
LOAD src/ASF/common/utils/stdio/read.o
LOAD src/ASF/common/utils/stdio/write.o
LOAD src/ASF/sam/boards/samv71_xplained_ultra/init.o
LOAD src/ASF/sam/drivers/mpu/mpu.o
LOAD src/ASF/sam/drivers/pio/pio.o
LOAD src/ASF/sam/drivers/pio/pio_handler.o
LOAD src/ASF/sam/drivers/pmc/pmc.o
LOAD src/ASF/sam/drivers/pmc/sleep.o
LOAD src/ASF/sam/drivers/tc/tc.o
LOAD src/ASF/sam/drivers/uart/uart.o
LOAD src/ASF/sam/drivers/usart/usart.o
LOAD src/ASF/sam/utils/cmsis/samv71/source/templates/gcc/startup_samv71.o
LOAD src/ASF/sam/utils/cmsis/samv71/source/templates/system_samv71.o
LOAD src/ASF/sam/utils/syscalls/gcc/syscalls.o
LOAD src/usart_rs485_example_canopus.o
START GROUP
LOAD ../src/ASF/thirdparty/CMSIS/Lib/GCC\libarm_cortexM7lfsp_math_softfp.a
LOAD c:/program files (x86)/atmel/studio/7.0/toolchain/arm/arm-gnu-toolchain/bin/../lib/gcc/arm-none-eabi/6.3.1/../../../../arm-none-eabi/lib/thumb/v7e-m\libm.a
END GROUP
START GROUP
LOAD c:/program files (x86)/atmel/studio/7.0/toolchain/arm/arm-gnu-toolchain/bin/../lib/gcc/arm-none-eabi/6.3.1/thumb/v7e-m\libgcc.a
LOAD c:/program files (x86)/atmel/studio/7.0/toolchain/arm/arm-gnu-toolchain/bin/../lib/gcc/arm-none-eabi/6.3.1/../../../../arm-none-eabi/lib/thumb/v7e-m\libc.a
END GROUP
LOAD c:/program files (x86)/atmel/studio/7.0/toolchain/arm/arm-gnu-toolchain/bin/../lib/gcc/arm-none-eabi/6.3.1/thumb/v7e-m/crtend.o
LOAD c:/program files (x86)/atmel/studio/7.0/toolchain/arm/arm-gnu-toolchain/bin/../lib/gcc/arm-none-eabi/6.3.1/thumb/v7e-m/crtn.o
                0x00002000                STACK_SIZE = DEFINED (STACK_SIZE)?STACK_SIZE:0x2000
                0x2045fffc                __ram_end__ = ((ORIGIN (ram) + LENGTH (ram)) - 0x4)
                0x00000200                HEAP_SIZE = DEFINED (HEAP_SIZE)?HEAP_SIZE:0x200

.text           0x00400000     0x54b8
                0x00400000                . = ALIGN (0x4)
                0x00400000                _sfixed = .
 *(.vectors .vectors.*)
 .vectors       0x00400000      0x168 src/ASF/sam/utils/cmsis/samv71/source/templates/gcc/startup_samv71.o
                0x00400000                exception_table
 *(.text .text.* .gnu.linkonce.t.*)
 .text          0x00400168       0x6c c:/program files (x86)/atmel/studio/7.0/toolchain/arm/arm-gnu-toolchain/bin/../lib/gcc/arm-none-eabi/6.3.1/thumb/v7e-m/crtbegin.o
 .text.sysclk_init
                0x004001d4       0x70 src/ASF/common/services/clock/samv71/sysclk.o
                0x004001d4                sysclk_init
 .text._read    0x00400244       0x3c src/ASF/common/utils/stdio/read.o
                0x00400244                _read
 .text._write   0x00400280       0x50 src/ASF/common/utils/stdio/write.o
                0x00400280                _write
 .text.board_init
                0x004002d0      0x178 src/ASF/sam/boards/samv71_xplained_ultra/init.o
                0x004002d0                board_init
 .text.pio_get_interrupt_status
                0x00400448        0x4 src/ASF/sam/drivers/pio/pio.o
                0x00400448                pio_get_interrupt_status
 .text.pio_get_interrupt_mask
                0x0040044c        0x4 src/ASF/sam/drivers/pio/pio.o
                0x0040044c                pio_get_interrupt_mask
 .text.pio_handler_process
                0x00400450       0x50 src/ASF/sam/drivers/pio/pio_handler.o
                0x00400450                pio_handler_process
 .text.PIOA_Handler
                0x004004a0       0x14 src/ASF/sam/drivers/pio/pio_handler.o
                0x004004a0                PIOA_Handler
 .text.PIOB_Handler
                0x004004b4       0x14 src/ASF/sam/drivers/pio/pio_handler.o
                0x004004b4                PIOB_Handler
 .text.PIOC_Handler
                0x004004c8       0x14 src/ASF/sam/drivers/pio/pio_handler.o
                0x004004c8                PIOC_Handler
 .text.PIOD_Handler
                0x004004dc       0x14 src/ASF/sam/drivers/pio/pio_handler.o
                0x004004dc                PIOD_Handler
 .text.PIOE_Handler
                0x004004f0       0x14 src/ASF/sam/drivers/pio/pio_handler.o
                0x004004f0                PIOE_Handler
 .text.pmc_mck_set_division
                0x00400504       0x38 src/ASF/sam/drivers/pmc/pmc.o
                0x00400504                pmc_mck_set_division
 .text.pmc_switch_mck_to_pllack
                0x0040053c       0x64 src/ASF/sam/drivers/pmc/pmc.o
                0x0040053c                pmc_switch_mck_to_pllack
 .text.pmc_switch_mainck_to_xtal
                0x004005a0       0x54 src/ASF/sam/drivers/pmc/pmc.o
                0x004005a0                pmc_switch_mainck_to_xtal
 .text.pmc_osc_is_ready_mainck
                0x004005f4       0x10 src/ASF/sam/drivers/pmc/pmc.o
                0x004005f4                pmc_osc_is_ready_mainck
 .text.pmc_disable_pllack
                0x00400604       0x10 src/ASF/sam/drivers/pmc/pmc.o
                0x00400604                pmc_disable_pllack
 .text.pmc_is_locked_pllack
                0x00400614       0x10 src/ASF/sam/drivers/pmc/pmc.o
                0x00400614                pmc_is_locked_pllack
 .text.pmc_enable_periph_clk
                0x00400624       0x20 src/ASF/sam/drivers/pmc/pmc.o
                0x00400624                pmc_enable_periph_clk
 .text.uart_write
                0x00400644       0x12 src/ASF/sam/drivers/uart/uart.o
                0x00400644                uart_write
 .text.uart_read
                0x00400656       0x14 src/ASF/sam/drivers/uart/uart.o
                0x00400656                uart_read
 .text.usart_set_async_baudrate
                0x0040066a       0x5a src/ASF/sam/drivers/usart/usart.o
                0x0040066a                usart_set_async_baudrate
 .text.usart_reset
                0x004006c4       0x28 src/ASF/sam/drivers/usart/usart.o
                0x004006c4                usart_reset
 .text.usart_init_rs232
                0x004006ec       0x54 src/ASF/sam/drivers/usart/usart.o
                0x004006ec                usart_init_rs232
 .text.usart_enable_tx
                0x00400740        0x6 src/ASF/sam/drivers/usart/usart.o
                0x00400740                usart_enable_tx
 .text.usart_enable_rx
                0x00400746        0x6 src/ASF/sam/drivers/usart/usart.o
                0x00400746                usart_enable_rx
 .text.usart_write
                0x0040074c       0x16 src/ASF/sam/drivers/usart/usart.o
                0x0040074c                usart_write
 .text.usart_read
                0x00400762       0x18 src/ASF/sam/drivers/usart/usart.o
                0x00400762                usart_read
 .text.Dummy_Handler
                0x0040077a        0x2 src/ASF/sam/utils/cmsis/samv71/source/templates/gcc/startup_samv71.o
                0x0040077a                DACC_Handler
                0x0040077a                DebugMon_Handler
                0x0040077a                UART3_Handler
                0x0040077a                UART2_Handler
                0x0040077a                TRNG_Handler
                0x0040077a                HardFault_Handler
                0x0040077a                TC2_Handler
                0x0040077a                SysTick_Handler
                0x0040077a                AFEC1_Handler
                0x0040077a                PendSV_Handler
                0x0040077a                NMI_Handler
                0x0040077a                TC7_Handler
                0x0040077a                QSPI_Handler
                0x0040077a                ISI_Handler
                0x0040077a                MCAN0_INT0_Handler
                0x0040077a                TC9_Handler
                0x0040077a                RSWDT_Handler
                0x0040077a                USART0_Handler
                0x0040077a                RTT_Handler
                0x0040077a                USBHS_Handler
                0x0040077a                IXC_Handler
                0x0040077a                CCF_Handler
                0x0040077a                RTC_Handler
                0x0040077a                UsageFault_Handler
                0x0040077a                TC6_Handler
                0x0040077a                WDT_Handler
                0x0040077a                MCAN1_INT1_Handler
                0x0040077a                TC4_Handler
                0x0040077a                TC1_Handler
                0x0040077a                HSMCI_Handler
                0x0040077a                UART1_Handler
                0x0040077a                TC3_Handler
                0x0040077a                Dummy_Handler
                0x0040077a                TWIHS1_Handler
                0x0040077a                XDMAC_Handler
                0x0040077a                UART4_Handler
                0x0040077a                PWM1_Handler
                0x0040077a                USART1_Handler
                0x0040077a                PWM0_Handler
                0x0040077a                AFEC0_Handler
                0x0040077a                CCW_Handler
                0x0040077a                SSC_Handler
                0x0040077a                TC11_Handler
                0x0040077a                ACC_Handler
                0x0040077a                PMC_Handler
                0x0040077a                GMAC_Handler
                0x0040077a                MCAN0_INT1_Handler
                0x0040077a                GMAC_Q5_Handler
                0x0040077a                MemManage_Handler
                0x0040077a                SUPC_Handler
                0x0040077a                SVC_Handler
                0x0040077a                TC8_Handler
                0x0040077a                MCAN1_INT0_Handler
                0x0040077a                EFC_Handler
                0x0040077a                GMAC_Q1_Handler
                0x0040077a                USART2_Handler
                0x0040077a                SDRAMC_Handler
                0x0040077a                GMAC_Q2_Handler
                0x0040077a                SPI1_Handler
                0x0040077a                TC10_Handler
                0x0040077a                GMAC_Q3_Handler
                0x0040077a                TWIHS2_Handler
                0x0040077a                MLB_Handler
                0x0040077a                I2SC0_Handler
                0x0040077a                UART0_Handler
                0x0040077a                I2SC1_Handler
                0x0040077a                GMAC_Q4_Handler
                0x0040077a                FPU_Handler
                0x0040077a                BusFault_Handler
                0x0040077a                RSTC_Handler
                0x0040077a                TC0_Handler
                0x0040077a                TC5_Handler
                0x0040077a                ICM_Handler
                0x0040077a                AES_Handler
                0x0040077a                TWIHS0_Handler
                0x0040077a                SPI0_Handler
 .text.Reset_Handler
                0x0040077c       0xc8 src/ASF/sam/utils/cmsis/samv71/source/templates/gcc/startup_samv71.o
                0x0040077c                Reset_Handler
 .text.SystemCoreClockUpdate
                0x00400844      0x10c src/ASF/sam/utils/cmsis/samv71/source/templates/system_samv71.o
                0x00400844                SystemCoreClockUpdate
 .text.system_init_flash
                0x00400950       0x8c src/ASF/sam/utils/cmsis/samv71/source/templates/system_samv71.o
                0x00400950                system_init_flash
 .text._sbrk    0x004009dc       0x38 src/ASF/sam/utils/syscalls/gcc/syscalls.o
                0x004009dc                _sbrk
 .text._close   0x00400a14        0x6 src/ASF/sam/utils/syscalls/gcc/syscalls.o
                0x00400a14                _close
 .text._fstat   0x00400a1a        0xa src/ASF/sam/utils/syscalls/gcc/syscalls.o
                0x00400a1a                _fstat
 .text._isatty  0x00400a24        0x4 src/ASF/sam/utils/syscalls/gcc/syscalls.o
                0x00400a24                _isatty
 .text._lseek   0x00400a28        0x4 src/ASF/sam/utils/syscalls/gcc/syscalls.o
                0x00400a28                _lseek
 .text.usart_serial_getchar
                0x00400a2c       0xdc src/usart_rs485_example_canopus.o
 .text.usart_serial_putchar
                0x00400b08       0xd4 src/usart_rs485_example_canopus.o
 .text.main     0x00400bdc       0xd4 src/usart_rs485_example_canopus.o
                0x00400bdc                main
 .text.__libc_init_array
                0x00400cb0       0x50 c:/program files (x86)/atmel/studio/7.0/toolchain/arm/arm-gnu-toolchain/bin/../lib/gcc/arm-none-eabi/6.3.1/../../../../arm-none-eabi/lib/thumb/v7e-m\libc.a(lib_a-init.o)
                0x00400cb0                __libc_init_array
 .text.iprintf  0x00400d00       0x28 c:/program files (x86)/atmel/studio/7.0/toolchain/arm/arm-gnu-toolchain/bin/../lib/gcc/arm-none-eabi/6.3.1/../../../../arm-none-eabi/lib/thumb/v7e-m\libc.a(lib_a-iprintf.o)
                0x00400d00                iprintf
 .text.iscanf   0x00400d28       0x28 c:/program files (x86)/atmel/studio/7.0/toolchain/arm/arm-gnu-toolchain/bin/../lib/gcc/arm-none-eabi/6.3.1/../../../../arm-none-eabi/lib/thumb/v7e-m\libc.a(lib_a-iscanf.o)
                0x00400d28                iscanf
 .text.memset   0x00400d50       0x9c c:/program files (x86)/atmel/studio/7.0/toolchain/arm/arm-gnu-toolchain/bin/../lib/gcc/arm-none-eabi/6.3.1/../../../../arm-none-eabi/lib/thumb/v7e-m\libc.a(lib_a-memset.o)
                0x00400d50                memset
 .text.setbuf   0x00400dec       0x10 c:/program files (x86)/atmel/studio/7.0/toolchain/arm/arm-gnu-toolchain/bin/../lib/gcc/arm-none-eabi/6.3.1/../../../../arm-none-eabi/lib/thumb/v7e-m\libc.a(lib_a-setbuf.o)
                0x00400dec                setbuf
 .text.setvbuf  0x00400dfc      0x190 c:/program files (x86)/atmel/studio/7.0/toolchain/arm/arm-gnu-toolchain/bin/../lib/gcc/arm-none-eabi/6.3.1/../../../../arm-none-eabi/lib/thumb/v7e-m\libc.a(lib_a-setvbuf.o)
                0x00400dfc                setvbuf
 .text.__sprint_r.part.0
                0x00400f8c       0x80 c:/program files (x86)/atmel/studio/7.0/toolchain/arm/arm-gnu-toolchain/bin/../lib/gcc/arm-none-eabi/6.3.1/../../../../arm-none-eabi/lib/thumb/v7e-m\libc.a(lib_a-vfiprintf.o)
 .text._vfiprintf_r
                0x0040100c      0xc90 c:/program files (x86)/atmel/studio/7.0/toolchain/arm/arm-gnu-toolchain/bin/../lib/gcc/arm-none-eabi/6.3.1/../../../../arm-none-eabi/lib/thumb/v7e-m\libc.a(lib_a-vfiprintf.o)
                0x0040100c                _vfiprintf_r
 .text.__sbprintf
                0x00401c9c       0x84 c:/program files (x86)/atmel/studio/7.0/toolchain/arm/arm-gnu-toolchain/bin/../lib/gcc/arm-none-eabi/6.3.1/../../../../arm-none-eabi/lib/thumb/v7e-m\libc.a(lib_a-vfiprintf.o)
 .text.__svfiscanf_r
                0x00401d20      0xa14 c:/program files (x86)/atmel/studio/7.0/toolchain/arm/arm-gnu-toolchain/bin/../lib/gcc/arm-none-eabi/6.3.1/../../../../arm-none-eabi/lib/thumb/v7e-m\libc.a(lib_a-vfiscanf.o)
                0x00401d20                __svfiscanf_r
 .text.__swsetup_r
                0x00402734       0xc8 c:/program files (x86)/atmel/studio/7.0/toolchain/arm/arm-gnu-toolchain/bin/../lib/gcc/arm-none-eabi/6.3.1/../../../../arm-none-eabi/lib/thumb/v7e-m\libc.a(lib_a-wsetup.o)
                0x00402734                __swsetup_r
 .text.startup.register_fini
                0x004027fc       0x14 c:/program files (x86)/atmel/studio/7.0/toolchain/arm/arm-gnu-toolchain/bin/../lib/gcc/arm-none-eabi/6.3.1/../../../../arm-none-eabi/lib/thumb/v7e-m\libc.a(lib_a-__call_atexit.o)
 .text.atexit   0x00402810        0xc c:/program files (x86)/atmel/studio/7.0/toolchain/arm/arm-gnu-toolchain/bin/../lib/gcc/arm-none-eabi/6.3.1/../../../../arm-none-eabi/lib/thumb/v7e-m\libc.a(lib_a-atexit.o)
                0x00402810                atexit
 .text.__sflush_r
                0x0040281c      0x140 c:/program files (x86)/atmel/studio/7.0/toolchain/arm/arm-gnu-toolchain/bin/../lib/gcc/arm-none-eabi/6.3.1/../../../../arm-none-eabi/lib/thumb/v7e-m\libc.a(lib_a-fflush.o)
                0x0040281c                __sflush_r
 .text._fflush_r
                0x0040295c       0x54 c:/program files (x86)/atmel/studio/7.0/toolchain/arm/arm-gnu-toolchain/bin/../lib/gcc/arm-none-eabi/6.3.1/../../../../arm-none-eabi/lib/thumb/v7e-m\libc.a(lib_a-fflush.o)
                0x0040295c                _fflush_r
 .text.fflush   0x004029b0       0x24 c:/program files (x86)/atmel/studio/7.0/toolchain/arm/arm-gnu-toolchain/bin/../lib/gcc/arm-none-eabi/6.3.1/../../../../arm-none-eabi/lib/thumb/v7e-m\libc.a(lib_a-fflush.o)
                0x004029b0                fflush
 .text._cleanup_r
                0x004029d4        0xc c:/program files (x86)/atmel/studio/7.0/toolchain/arm/arm-gnu-toolchain/bin/../lib/gcc/arm-none-eabi/6.3.1/../../../../arm-none-eabi/lib/thumb/v7e-m\libc.a(lib_a-findfp.o)
                0x004029d4                _cleanup_r
 .text.std.isra.0
                0x004029e0       0x50 c:/program files (x86)/atmel/studio/7.0/toolchain/arm/arm-gnu-toolchain/bin/../lib/gcc/arm-none-eabi/6.3.1/../../../../arm-none-eabi/lib/thumb/v7e-m\libc.a(lib_a-findfp.o)
 .text.__sinit  0x00402a30       0x58 c:/program files (x86)/atmel/studio/7.0/toolchain/arm/arm-gnu-toolchain/bin/../lib/gcc/arm-none-eabi/6.3.1/../../../../arm-none-eabi/lib/thumb/v7e-m\libc.a(lib_a-findfp.o)
                0x00402a30                __sinit
 .text.__sfp_lock_acquire
                0x00402a88        0xc c:/program files (x86)/atmel/studio/7.0/toolchain/arm/arm-gnu-toolchain/bin/../lib/gcc/arm-none-eabi/6.3.1/../../../../arm-none-eabi/lib/thumb/v7e-m\libc.a(lib_a-findfp.o)
                0x00402a88                __sfp_lock_acquire
 .text.__sfp_lock_release
                0x00402a94        0xc c:/program files (x86)/atmel/studio/7.0/toolchain/arm/arm-gnu-toolchain/bin/../lib/gcc/arm-none-eabi/6.3.1/../../../../arm-none-eabi/lib/thumb/v7e-m\libc.a(lib_a-findfp.o)
                0x00402a94                __sfp_lock_release
 .text.__libc_fini_array
                0x00402aa0       0x34 c:/program files (x86)/atmel/studio/7.0/toolchain/arm/arm-gnu-toolchain/bin/../lib/gcc/arm-none-eabi/6.3.1/../../../../arm-none-eabi/lib/thumb/v7e-m\libc.a(lib_a-fini.o)
                0x00402aa0                __libc_fini_array
 .text.__fputwc
                0x00402ad4       0xa0 c:/program files (x86)/atmel/studio/7.0/toolchain/arm/arm-gnu-toolchain/bin/../lib/gcc/arm-none-eabi/6.3.1/../../../../arm-none-eabi/lib/thumb/v7e-m\libc.a(lib_a-fputwc.o)
                0x00402ad4                __fputwc
 .text._fputwc_r
                0x00402b74       0x68 c:/program files (x86)/atmel/studio/7.0/toolchain/arm/arm-gnu-toolchain/bin/../lib/gcc/arm-none-eabi/6.3.1/../../../../arm-none-eabi/lib/thumb/v7e-m\libc.a(lib_a-fputwc.o)
                0x00402b74                _fputwc_r
 .text._fread_r
                0x00402bdc      0x1c4 c:/program files (x86)/atmel/studio/7.0/toolchain/arm/arm-gnu-toolchain/bin/../lib/gcc/arm-none-eabi/6.3.1/../../../../arm-none-eabi/lib/thumb/v7e-m\libc.a(lib_a-fread.o)
                0x00402bdc                _fread_r
 .text._malloc_trim_r
                0x00402da0       0xa0 c:/program files (x86)/atmel/studio/7.0/toolchain/arm/arm-gnu-toolchain/bin/../lib/gcc/arm-none-eabi/6.3.1/../../../../arm-none-eabi/lib/thumb/v7e-m\libc.a(lib_a-freer.o)
                0x00402da0                _malloc_trim_r
 .text._free_r  0x00402e40      0x1cc c:/program files (x86)/atmel/studio/7.0/toolchain/arm/arm-gnu-toolchain/bin/../lib/gcc/arm-none-eabi/6.3.1/../../../../arm-none-eabi/lib/thumb/v7e-m\libc.a(lib_a-freer.o)
                0x00402e40                _free_r
 .text.__sfvwrite_r
                0x0040300c      0x2f0 c:/program files (x86)/atmel/studio/7.0/toolchain/arm/arm-gnu-toolchain/bin/../lib/gcc/arm-none-eabi/6.3.1/../../../../arm-none-eabi/lib/thumb/v7e-m\libc.a(lib_a-fvwrite.o)
                0x0040300c                __sfvwrite_r
 .text._fwalk   0x004032fc       0x4c c:/program files (x86)/atmel/studio/7.0/toolchain/arm/arm-gnu-toolchain/bin/../lib/gcc/arm-none-eabi/6.3.1/../../../../arm-none-eabi/lib/thumb/v7e-m\libc.a(lib_a-fwalk.o)
                0x004032fc                _fwalk
 .text._fwalk_reent
                0x00403348       0x54 c:/program files (x86)/atmel/studio/7.0/toolchain/arm/arm-gnu-toolchain/bin/../lib/gcc/arm-none-eabi/6.3.1/../../../../arm-none-eabi/lib/thumb/v7e-m\libc.a(lib_a-fwalk.o)
                0x00403348                _fwalk_reent
 .text.iswspace
                0x0040339c       0x1c c:/program files (x86)/atmel/studio/7.0/toolchain/arm/arm-gnu-toolchain/bin/../lib/gcc/arm-none-eabi/6.3.1/../../../../arm-none-eabi/lib/thumb/v7e-m\libc.a(lib_a-iswspace.o)
                0x0040339c                iswspace
 .text.__locale_mb_cur_max
                0x004033b8       0x1c c:/program files (x86)/atmel/studio/7.0/toolchain/arm/arm-gnu-toolchain/bin/../lib/gcc/arm-none-eabi/6.3.1/../../../../arm-none-eabi/lib/thumb/v7e-m\libc.a(lib_a-locale.o)
                0x004033b8                __locale_mb_cur_max
 .text.__locale_ctype_ptr_l
                0x004033d4        0x8 c:/program files (x86)/atmel/studio/7.0/toolchain/arm/arm-gnu-toolchain/bin/../lib/gcc/arm-none-eabi/6.3.1/../../../../arm-none-eabi/lib/thumb/v7e-m\libc.a(lib_a-locale.o)
                0x004033d4                __locale_ctype_ptr_l
 .text.__locale_ctype_ptr
                0x004033dc       0x1c c:/program files (x86)/atmel/studio/7.0/toolchain/arm/arm-gnu-toolchain/bin/../lib/gcc/arm-none-eabi/6.3.1/../../../../arm-none-eabi/lib/thumb/v7e-m\libc.a(lib_a-locale.o)
                0x004033dc                __locale_ctype_ptr
 .text.__retarget_lock_init_recursive
                0x004033f8        0x4 c:/program files (x86)/atmel/studio/7.0/toolchain/arm/arm-gnu-toolchain/bin/../lib/gcc/arm-none-eabi/6.3.1/../../../../arm-none-eabi/lib/thumb/v7e-m\libc.a(lib_a-lock.o)
                0x004033f8                __retarget_lock_init_recursive
 .text.__retarget_lock_close_recursive
                0x004033fc        0x4 c:/program files (x86)/atmel/studio/7.0/toolchain/arm/arm-gnu-toolchain/bin/../lib/gcc/arm-none-eabi/6.3.1/../../../../arm-none-eabi/lib/thumb/v7e-m\libc.a(lib_a-lock.o)
                0x004033fc                __retarget_lock_close_recursive
 .text.__retarget_lock_acquire_recursive
                0x00403400        0x4 c:/program files (x86)/atmel/studio/7.0/toolchain/arm/arm-gnu-toolchain/bin/../lib/gcc/arm-none-eabi/6.3.1/../../../../arm-none-eabi/lib/thumb/v7e-m\libc.a(lib_a-lock.o)
                0x00403400                __retarget_lock_acquire_recursive
 .text.__retarget_lock_release_recursive
                0x00403404        0x4 c:/program files (x86)/atmel/studio/7.0/toolchain/arm/arm-gnu-toolchain/bin/../lib/gcc/arm-none-eabi/6.3.1/../../../../arm-none-eabi/lib/thumb/v7e-m\libc.a(lib_a-lock.o)
                0x00403404                __retarget_lock_release_recursive
 .text.__swhatbuf_r
                0x00403408       0x5c c:/program files (x86)/atmel/studio/7.0/toolchain/arm/arm-gnu-toolchain/bin/../lib/gcc/arm-none-eabi/6.3.1/../../../../arm-none-eabi/lib/thumb/v7e-m\libc.a(lib_a-makebuf.o)
                0x00403408                __swhatbuf_r
 .text.__smakebuf_r
                0x00403464       0x94 c:/program files (x86)/atmel/studio/7.0/toolchain/arm/arm-gnu-toolchain/bin/../lib/gcc/arm-none-eabi/6.3.1/../../../../arm-none-eabi/lib/thumb/v7e-m\libc.a(lib_a-makebuf.o)
                0x00403464                __smakebuf_r
 .text.malloc   0x004034f8       0x10 c:/program files (x86)/atmel/studio/7.0/toolchain/arm/arm-gnu-toolchain/bin/../lib/gcc/arm-none-eabi/6.3.1/../../../../arm-none-eabi/lib/thumb/v7e-m\libc.a(lib_a-malloc.o)
                0x004034f8                malloc
 .text._malloc_r
                0x00403508      0x560 c:/program files (x86)/atmel/studio/7.0/toolchain/arm/arm-gnu-toolchain/bin/../lib/gcc/arm-none-eabi/6.3.1/../../../../arm-none-eabi/lib/thumb/v7e-m\libc.a(lib_a-mallocr.o)
                0x00403508                _malloc_r
 .text._mbrtowc_r
                0x00403a68       0x5c c:/program files (x86)/atmel/studio/7.0/toolchain/arm/arm-gnu-toolchain/bin/../lib/gcc/arm-none-eabi/6.3.1/../../../../arm-none-eabi/lib/thumb/v7e-m\libc.a(lib_a-mbrtowc.o)
                0x00403a68                _mbrtowc_r
 .text.__ascii_mbtowc
                0x00403ac4       0x2c c:/program files (x86)/atmel/studio/7.0/toolchain/arm/arm-gnu-toolchain/bin/../lib/gcc/arm-none-eabi/6.3.1/../../../../arm-none-eabi/lib/thumb/v7e-m\libc.a(lib_a-mbtowc_r.o)
                0x00403ac4                __ascii_mbtowc
 .text          0x00403af0       0xa0 c:/program files (x86)/atmel/studio/7.0/toolchain/arm/arm-gnu-toolchain/bin/../lib/gcc/arm-none-eabi/6.3.1/../../../../arm-none-eabi/lib/thumb/v7e-m\libc.a(lib_a-memchr.o)
                0x00403af0                memchr
 .text          0x00403b90      0x134 c:/program files (x86)/atmel/studio/7.0/toolchain/arm/arm-gnu-toolchain/bin/../lib/gcc/arm-none-eabi/6.3.1/../../../../arm-none-eabi/lib/thumb/v7e-m\libc.a(lib_a-memcpy.o)
                0x00403b90                memcpy
 .text.memmove  0x00403cc4       0xc8 c:/program files (x86)/atmel/studio/7.0/toolchain/arm/arm-gnu-toolchain/bin/../lib/gcc/arm-none-eabi/6.3.1/../../../../arm-none-eabi/lib/thumb/v7e-m\libc.a(lib_a-memmove.o)
                0x00403cc4                memmove
 .text.__malloc_lock
                0x00403d8c        0xc c:/program files (x86)/atmel/studio/7.0/toolchain/arm/arm-gnu-toolchain/bin/../lib/gcc/arm-none-eabi/6.3.1/../../../../arm-none-eabi/lib/thumb/v7e-m\libc.a(lib_a-mlock.o)
                0x00403d8c                __malloc_lock
 .text.__malloc_unlock
                0x00403d98        0xc c:/program files (x86)/atmel/studio/7.0/toolchain/arm/arm-gnu-toolchain/bin/../lib/gcc/arm-none-eabi/6.3.1/../../../../arm-none-eabi/lib/thumb/v7e-m\libc.a(lib_a-mlock.o)
                0x00403d98                __malloc_unlock
 .text._realloc_r
                0x00403da4      0x34c c:/program files (x86)/atmel/studio/7.0/toolchain/arm/arm-gnu-toolchain/bin/../lib/gcc/arm-none-eabi/6.3.1/../../../../arm-none-eabi/lib/thumb/v7e-m\libc.a(lib_a-reallocr.o)
                0x00403da4                _realloc_r
 .text.lflush   0x004040f0       0x14 c:/program files (x86)/atmel/studio/7.0/toolchain/arm/arm-gnu-toolchain/bin/../lib/gcc/arm-none-eabi/6.3.1/../../../../arm-none-eabi/lib/thumb/v7e-m\libc.a(lib_a-refill.o)
 .text.__srefill_r
                0x00404104      0x114 c:/program files (x86)/atmel/studio/7.0/toolchain/arm/arm-gnu-toolchain/bin/../lib/gcc/arm-none-eabi/6.3.1/../../../../arm-none-eabi/lib/thumb/v7e-m\libc.a(lib_a-refill.o)
                0x00404104                __srefill_r
 .text._sbrk_r  0x00404218       0x24 c:/program files (x86)/atmel/studio/7.0/toolchain/arm/arm-gnu-toolchain/bin/../lib/gcc/arm-none-eabi/6.3.1/../../../../arm-none-eabi/lib/thumb/v7e-m\libc.a(lib_a-sbrkr.o)
                0x00404218                _sbrk_r
 .text.__sccl   0x0040423c       0x74 c:/program files (x86)/atmel/studio/7.0/toolchain/arm/arm-gnu-toolchain/bin/../lib/gcc/arm-none-eabi/6.3.1/../../../../arm-none-eabi/lib/thumb/v7e-m\libc.a(lib_a-sccl.o)
                0x0040423c                __sccl
 .text.__sread  0x004042b0       0x24 c:/program files (x86)/atmel/studio/7.0/toolchain/arm/arm-gnu-toolchain/bin/../lib/gcc/arm-none-eabi/6.3.1/../../../../arm-none-eabi/lib/thumb/v7e-m\libc.a(lib_a-stdio.o)
                0x004042b0                __sread
 .text.__swrite
                0x004042d4       0x3c c:/program files (x86)/atmel/studio/7.0/toolchain/arm/arm-gnu-toolchain/bin/../lib/gcc/arm-none-eabi/6.3.1/../../../../arm-none-eabi/lib/thumb/v7e-m\libc.a(lib_a-stdio.o)
                0x004042d4                __swrite
 .text.__sseek  0x00404310       0x20 c:/program files (x86)/atmel/studio/7.0/toolchain/arm/arm-gnu-toolchain/bin/../lib/gcc/arm-none-eabi/6.3.1/../../../../arm-none-eabi/lib/thumb/v7e-m\libc.a(lib_a-stdio.o)
                0x00404310                __sseek
 .text.__sclose
                0x00404330        0x8 c:/program files (x86)/atmel/studio/7.0/toolchain/arm/arm-gnu-toolchain/bin/../lib/gcc/arm-none-eabi/6.3.1/../../../../arm-none-eabi/lib/thumb/v7e-m\libc.a(lib_a-stdio.o)
                0x00404330                __sclose
 *fill*         0x00404338        0x8 
 .text          0x00404340       0xdc c:/program files (x86)/atmel/studio/7.0/toolchain/arm/arm-gnu-toolchain/bin/../lib/gcc/arm-none-eabi/6.3.1/../../../../arm-none-eabi/lib/thumb/v7e-m\libc.a(lib_a-strlen.o)
                0x00404340                strlen
 .text._strtol_l.isra.0
                0x0040441c      0x128 c:/program files (x86)/atmel/studio/7.0/toolchain/arm/arm-gnu-toolchain/bin/../lib/gcc/arm-none-eabi/6.3.1/../../../../arm-none-eabi/lib/thumb/v7e-m\libc.a(lib_a-strtol.o)
 .text._strtol_r
                0x00404544       0x24 c:/program files (x86)/atmel/studio/7.0/toolchain/arm/arm-gnu-toolchain/bin/../lib/gcc/arm-none-eabi/6.3.1/../../../../arm-none-eabi/lib/thumb/v7e-m\libc.a(lib_a-strtol.o)
                0x00404544                _strtol_r
 .text._strtoll_l.isra.0
                0x00404568      0x19c c:/program files (x86)/atmel/studio/7.0/toolchain/arm/arm-gnu-toolchain/bin/../lib/gcc/arm-none-eabi/6.3.1/../../../../arm-none-eabi/lib/thumb/v7e-m\libc.a(lib_a-strtoll.o)
 .text._strtoll_r
                0x00404704       0x24 c:/program files (x86)/atmel/studio/7.0/toolchain/arm/arm-gnu-toolchain/bin/../lib/gcc/arm-none-eabi/6.3.1/../../../../arm-none-eabi/lib/thumb/v7e-m\libc.a(lib_a-strtoll.o)
                0x00404704                _strtoll_r
 .text._strtoul_l.isra.0
                0x00404728      0x148 c:/program files (x86)/atmel/studio/7.0/toolchain/arm/arm-gnu-toolchain/bin/../lib/gcc/arm-none-eabi/6.3.1/../../../../arm-none-eabi/lib/thumb/v7e-m\libc.a(lib_a-strtoul.o)
 .text._strtoul_r
                0x00404870       0x24 c:/program files (x86)/atmel/studio/7.0/toolchain/arm/arm-gnu-toolchain/bin/../lib/gcc/arm-none-eabi/6.3.1/../../../../arm-none-eabi/lib/thumb/v7e-m\libc.a(lib_a-strtoul.o)
                0x00404870                _strtoul_r
 .text._strtoull_l.isra.0
                0x00404894      0x1bc c:/program files (x86)/atmel/studio/7.0/toolchain/arm/arm-gnu-toolchain/bin/../lib/gcc/arm-none-eabi/6.3.1/../../../../arm-none-eabi/lib/thumb/v7e-m\libc.a(lib_a-strtoull.o)
 .text._strtoull_r
                0x00404a50       0x24 c:/program files (x86)/atmel/studio/7.0/toolchain/arm/arm-gnu-toolchain/bin/../lib/gcc/arm-none-eabi/6.3.1/../../../../arm-none-eabi/lib/thumb/v7e-m\libc.a(lib_a-strtoull.o)
                0x00404a50                _strtoull_r
 .text.__submore
                0x00404a74       0x78 c:/program files (x86)/atmel/studio/7.0/toolchain/arm/arm-gnu-toolchain/bin/../lib/gcc/arm-none-eabi/6.3.1/../../../../arm-none-eabi/lib/thumb/v7e-m\libc.a(lib_a-ungetc.o)
                0x00404a74                __submore
 .text._ungetc_r
                0x00404aec      0x138 c:/program files (x86)/atmel/studio/7.0/toolchain/arm/arm-gnu-toolchain/bin/../lib/gcc/arm-none-eabi/6.3.1/../../../../arm-none-eabi/lib/thumb/v7e-m\libc.a(lib_a-ungetc.o)
                0x00404aec                _ungetc_r
 .text.__swbuf_r
                0x00404c24       0xb0 c:/program files (x86)/atmel/studio/7.0/toolchain/arm/arm-gnu-toolchain/bin/../lib/gcc/arm-none-eabi/6.3.1/../../../../arm-none-eabi/lib/thumb/v7e-m\libc.a(lib_a-wbuf.o)
                0x00404c24                __swbuf_r
 .text._wcrtomb_r
                0x00404cd4       0x54 c:/program files (x86)/atmel/studio/7.0/toolchain/arm/arm-gnu-toolchain/bin/../lib/gcc/arm-none-eabi/6.3.1/../../../../arm-none-eabi/lib/thumb/v7e-m\libc.a(lib_a-wcrtomb.o)
                0x00404cd4                _wcrtomb_r
 .text.__ascii_wctomb
                0x00404d28       0x1c c:/program files (x86)/atmel/studio/7.0/toolchain/arm/arm-gnu-toolchain/bin/../lib/gcc/arm-none-eabi/6.3.1/../../../../arm-none-eabi/lib/thumb/v7e-m\libc.a(lib_a-wctomb_r.o)
                0x00404d28                __ascii_wctomb
 .text._write_r
                0x00404d44       0x2c c:/program files (x86)/atmel/studio/7.0/toolchain/arm/arm-gnu-toolchain/bin/../lib/gcc/arm-none-eabi/6.3.1/../../../../arm-none-eabi/lib/thumb/v7e-m\libc.a(lib_a-writer.o)
                0x00404d44                _write_r
 .text.__register_exitproc
                0x00404d70       0xc4 c:/program files (x86)/atmel/studio/7.0/toolchain/arm/arm-gnu-toolchain/bin/../lib/gcc/arm-none-eabi/6.3.1/../../../../arm-none-eabi/lib/thumb/v7e-m\libc.a(lib_a-__atexit.o)
                0x00404d70                __register_exitproc
 .text._close_r
                0x00404e34       0x24 c:/program files (x86)/atmel/studio/7.0/toolchain/arm/arm-gnu-toolchain/bin/../lib/gcc/arm-none-eabi/6.3.1/../../../../arm-none-eabi/lib/thumb/v7e-m\libc.a(lib_a-closer.o)
                0x00404e34                _close_r
 .text._fclose_r
                0x00404e58       0xc4 c:/program files (x86)/atmel/studio/7.0/toolchain/arm/arm-gnu-toolchain/bin/../lib/gcc/arm-none-eabi/6.3.1/../../../../arm-none-eabi/lib/thumb/v7e-m\libc.a(lib_a-fclose.o)
                0x00404e58                _fclose_r
 .text._fstat_r
                0x00404f1c       0x28 c:/program files (x86)/atmel/studio/7.0/toolchain/arm/arm-gnu-toolchain/bin/../lib/gcc/arm-none-eabi/6.3.1/../../../../arm-none-eabi/lib/thumb/v7e-m\libc.a(lib_a-fstatr.o)
                0x00404f1c                _fstat_r
 .text._isatty_r
                0x00404f44       0x24 c:/program files (x86)/atmel/studio/7.0/toolchain/arm/arm-gnu-toolchain/bin/../lib/gcc/arm-none-eabi/6.3.1/../../../../arm-none-eabi/lib/thumb/v7e-m\libc.a(lib_a-isattyr.o)
                0x00404f44                _isatty_r
 .text._lseek_r
                0x00404f68       0x2c c:/program files (x86)/atmel/studio/7.0/toolchain/arm/arm-gnu-toolchain/bin/../lib/gcc/arm-none-eabi/6.3.1/../../../../arm-none-eabi/lib/thumb/v7e-m\libc.a(lib_a-lseekr.o)
                0x00404f68                _lseek_r
 .text._read_r  0x00404f94       0x2c c:/program files (x86)/atmel/studio/7.0/toolchain/arm/arm-gnu-toolchain/bin/../lib/gcc/arm-none-eabi/6.3.1/../../../../arm-none-eabi/lib/thumb/v7e-m\libc.a(lib_a-readr.o)
                0x00404f94                _read_r
 .text          0x00404fc0       0x30 c:/program files (x86)/atmel/studio/7.0/toolchain/arm/arm-gnu-toolchain/bin/../lib/gcc/arm-none-eabi/6.3.1/thumb/v7e-m\libgcc.a(_aeabi_uldivmod.o)
                0x00404fc0                __aeabi_uldivmod
 .text          0x00404ff0      0x2dc c:/program files (x86)/atmel/studio/7.0/toolchain/arm/arm-gnu-toolchain/bin/../lib/gcc/arm-none-eabi/6.3.1/thumb/v7e-m\libgcc.a(_udivmoddi4.o)
                0x00404ff0                __udivmoddi4
 .text          0x004052cc        0x4 c:/program files (x86)/atmel/studio/7.0/toolchain/arm/arm-gnu-toolchain/bin/../lib/gcc/arm-none-eabi/6.3.1/thumb/v7e-m\libgcc.a(_dvmd_tls.o)
                0x004052cc                __aeabi_idiv0
                0x004052cc                __aeabi_ldiv0
 *(.glue_7t)
 .glue_7t       0x004052d0        0x0 linker stubs
 *(.glue_7)
 .glue_7        0x004052d0        0x0 linker stubs
 *(.rodata .rodata* .gnu.linkonce.r.*)
 .rodata.main.str1.4
                0x004052d0       0x37 src/usart_rs485_example_canopus.o
 *fill*         0x00405307        0x1 
 .rodata._global_impure_ptr
                0x00405308        0x4 c:/program files (x86)/atmel/studio/7.0/toolchain/arm/arm-gnu-toolchain/bin/../lib/gcc/arm-none-eabi/6.3.1/../../../../arm-none-eabi/lib/thumb/v7e-m\libc.a(lib_a-impure.o)
                0x00405308                _global_impure_ptr
 .rodata._vfiprintf_r.str1.4
                0x0040530c       0x2f c:/program files (x86)/atmel/studio/7.0/toolchain/arm/arm-gnu-toolchain/bin/../lib/gcc/arm-none-eabi/6.3.1/../../../../arm-none-eabi/lib/thumb/v7e-m\libc.a(lib_a-vfiprintf.o)
 *fill*         0x0040533b        0x1 
 .rodata.blanks.7217
                0x0040533c       0x10 c:/program files (x86)/atmel/studio/7.0/toolchain/arm/arm-gnu-toolchain/bin/../lib/gcc/arm-none-eabi/6.3.1/../../../../arm-none-eabi/lib/thumb/v7e-m\libc.a(lib_a-vfiprintf.o)
 .rodata.zeroes.7218
                0x0040534c       0x10 c:/program files (x86)/atmel/studio/7.0/toolchain/arm/arm-gnu-toolchain/bin/../lib/gcc/arm-none-eabi/6.3.1/../../../../arm-none-eabi/lib/thumb/v7e-m\libc.a(lib_a-vfiprintf.o)
 .rodata.basefix.6805
                0x0040535c       0x22 c:/program files (x86)/atmel/studio/7.0/toolchain/arm/arm-gnu-toolchain/bin/../lib/gcc/arm-none-eabi/6.3.1/../../../../arm-none-eabi/lib/thumb/v7e-m\libc.a(lib_a-vfiscanf.o)
 *fill*         0x0040537e        0x2 
 .rodata._setlocale_r.str1.4
                0x00405380        0xa c:/program files (x86)/atmel/studio/7.0/toolchain/arm/arm-gnu-toolchain/bin/../lib/gcc/arm-none-eabi/6.3.1/../../../../arm-none-eabi/lib/thumb/v7e-m\libc.a(lib_a-locale.o)
                                  0xd (size before relaxing)
 *fill*         0x0040538a        0x2 
 .rodata.str1.4
                0x0040538c        0x4 c:/program files (x86)/atmel/studio/7.0/toolchain/arm/arm-gnu-toolchain/bin/../lib/gcc/arm-none-eabi/6.3.1/../../../../arm-none-eabi/lib/thumb/v7e-m\libc.a(lib_a-locale.o)
                                  0x2 (size before relaxing)
 .rodata._mbrtowc_r.str1.4
                0x00405390        0x1 c:/program files (x86)/atmel/studio/7.0/toolchain/arm/arm-gnu-toolchain/bin/../lib/gcc/arm-none-eabi/6.3.1/../../../../arm-none-eabi/lib/thumb/v7e-m\libc.a(lib_a-mbrtowc.o)
 .rodata._ctype_
                0x00405390      0x101 c:/program files (x86)/atmel/studio/7.0/toolchain/arm/arm-gnu-toolchain/bin/../lib/gcc/arm-none-eabi/6.3.1/../../../../arm-none-eabi/lib/thumb/v7e-m\libc.a(lib_a-ctype_.o)
                0x00405390                _ctype_
 *(.ARM.extab* .gnu.linkonce.armextab.*)
                0x00405494                . = ALIGN (0x4)
 *fill*         0x00405491        0x3 
 *(.init)
 .init          0x00405494        0x4 c:/program files (x86)/atmel/studio/7.0/toolchain/arm/arm-gnu-toolchain/bin/../lib/gcc/arm-none-eabi/6.3.1/thumb/v7e-m/crti.o
                0x00405494                _init
 .init          0x00405498        0x8 c:/program files (x86)/atmel/studio/7.0/toolchain/arm/arm-gnu-toolchain/bin/../lib/gcc/arm-none-eabi/6.3.1/thumb/v7e-m/crtn.o
                0x004054a0                . = ALIGN (0x4)
                0x004054a0                __preinit_array_start = .
 *(.preinit_array)
                0x004054a0                __preinit_array_end = .
                0x004054a0                . = ALIGN (0x4)
                0x004054a0                __init_array_start = .
 *(SORT(.init_array.*))
 .init_array.00000
                0x004054a0        0x4 c:/program files (x86)/atmel/studio/7.0/toolchain/arm/arm-gnu-toolchain/bin/../lib/gcc/arm-none-eabi/6.3.1/../../../../arm-none-eabi/lib/thumb/v7e-m\libc.a(lib_a-__call_atexit.o)
 *(.init_array)
 .init_array    0x004054a4        0x4 c:/program files (x86)/atmel/studio/7.0/toolchain/arm/arm-gnu-toolchain/bin/../lib/gcc/arm-none-eabi/6.3.1/thumb/v7e-m/crtbegin.o
                0x004054a8                __init_array_end = .
                0x004054a8                . = ALIGN (0x4)
 *crtbegin.o(.ctors)
 *(EXCLUDE_FILE(*crtend.o) .ctors)
 *(SORT(.ctors.*))
 *crtend.o(.ctors)
                0x004054a8                . = ALIGN (0x4)
 *(.fini)
 .fini          0x004054a8        0x4 c:/program files (x86)/atmel/studio/7.0/toolchain/arm/arm-gnu-toolchain/bin/../lib/gcc/arm-none-eabi/6.3.1/thumb/v7e-m/crti.o
                0x004054a8                _fini
 .fini          0x004054ac        0x8 c:/program files (x86)/atmel/studio/7.0/toolchain/arm/arm-gnu-toolchain/bin/../lib/gcc/arm-none-eabi/6.3.1/thumb/v7e-m/crtn.o
                0x004054b4                . = ALIGN (0x4)
                0x004054b4                __fini_array_start = .
 *(.fini_array)
 .fini_array    0x004054b4        0x4 c:/program files (x86)/atmel/studio/7.0/toolchain/arm/arm-gnu-toolchain/bin/../lib/gcc/arm-none-eabi/6.3.1/thumb/v7e-m/crtbegin.o
 *(SORT(.fini_array.*))
                0x004054b8                __fini_array_end = .
 *crtbegin.o(.dtors)
 *(EXCLUDE_FILE(*crtend.o) .dtors)
 *(SORT(.dtors.*))
 *crtend.o(.dtors)
                0x004054b8                . = ALIGN (0x4)
                0x004054b8                _efixed = .
                [!provide]                PROVIDE (__exidx_start, .)

.vfp11_veneer   0x004054b8        0x0
 .vfp11_veneer  0x004054b8        0x0 linker stubs

.v4_bx          0x004054b8        0x0
 .v4_bx         0x004054b8        0x0 linker stubs

.iplt           0x004054b8        0x0
 .iplt          0x004054b8        0x0 c:/program files (x86)/atmel/studio/7.0/toolchain/arm/arm-gnu-toolchain/bin/../lib/gcc/arm-none-eabi/6.3.1/thumb/v7e-m/crtbegin.o

.ARM.exidx      0x004054b8        0x8
 *(.ARM.exidx* .gnu.linkonce.armexidx.*)
 .ARM.exidx     0x004054b8        0x8 c:/program files (x86)/atmel/studio/7.0/toolchain/arm/arm-gnu-toolchain/bin/../lib/gcc/arm-none-eabi/6.3.1/thumb/v7e-m\libgcc.a(_udivmoddi4.o)
                [!provide]                PROVIDE (__exidx_end, .)

.eh_frame       0x004054c0        0x0
 .eh_frame      0x004054c0        0x0 c:/program files (x86)/atmel/studio/7.0/toolchain/arm/arm-gnu-toolchain/bin/../lib/gcc/arm-none-eabi/6.3.1/thumb/v7e-m/crtbegin.o

.rel.dyn        0x004054c0        0x0
 .rel.iplt      0x004054c0        0x0 c:/program files (x86)/atmel/studio/7.0/toolchain/arm/arm-gnu-toolchain/bin/../lib/gcc/arm-none-eabi/6.3.1/thumb/v7e-m/crtbegin.o

.jcr            0x004054c0        0x0
 .jcr           0x004054c0        0x0 c:/program files (x86)/atmel/studio/7.0/toolchain/arm/arm-gnu-toolchain/bin/../lib/gcc/arm-none-eabi/6.3.1/thumb/v7e-m/crtbegin.o

.igot.plt       0x004054c0        0x0
 .igot.plt      0x004054c0        0x0 c:/program files (x86)/atmel/studio/7.0/toolchain/arm/arm-gnu-toolchain/bin/../lib/gcc/arm-none-eabi/6.3.1/thumb/v7e-m/crtbegin.o
                0x004054c0                . = ALIGN (0x4)
                0x004054c0                _etext = .

.relocate       0x20400000      0x9b8 load address 0x004054c0
                0x20400000                . = ALIGN (0x4)
                0x20400000                _srelocate = .
 *(.ramfunc .ramfunc.*)
 *(.data .data.*)
 .data.g_interrupt_enabled
                0x20400000        0x1 src/ASF/common/utils/interrupt/interrupt_sam_nvic.o
                0x20400000                g_interrupt_enabled
 *fill*         0x20400001        0x3 
 .data.SystemCoreClock
                0x20400004        0x4 src/ASF/sam/utils/cmsis/samv71/source/templates/system_samv71.o
                0x20400004                SystemCoreClock
 .data._impure_ptr
                0x20400008        0x4 c:/program files (x86)/atmel/studio/7.0/toolchain/arm/arm-gnu-toolchain/bin/../lib/gcc/arm-none-eabi/6.3.1/../../../../arm-none-eabi/lib/thumb/v7e-m\libc.a(lib_a-impure.o)
                0x20400008                _impure_ptr
 *fill*         0x2040000c        0x4 
 .data.impure_data
                0x20400010      0x428 c:/program files (x86)/atmel/studio/7.0/toolchain/arm/arm-gnu-toolchain/bin/../lib/gcc/arm-none-eabi/6.3.1/../../../../arm-none-eabi/lib/thumb/v7e-m\libc.a(lib_a-impure.o)
 .data.__atexit_recursive_mutex
                0x20400438        0x4 c:/program files (x86)/atmel/studio/7.0/toolchain/arm/arm-gnu-toolchain/bin/../lib/gcc/arm-none-eabi/6.3.1/../../../../arm-none-eabi/lib/thumb/v7e-m\libc.a(lib_a-__call_atexit.o)
                0x20400438                __atexit_recursive_mutex
 .data.__global_locale
                0x2040043c      0x16c c:/program files (x86)/atmel/studio/7.0/toolchain/arm/arm-gnu-toolchain/bin/../lib/gcc/arm-none-eabi/6.3.1/../../../../arm-none-eabi/lib/thumb/v7e-m\libc.a(lib_a-locale.o)
                0x2040043c                __global_locale
 .data.__malloc_av_
                0x204005a8      0x408 c:/program files (x86)/atmel/studio/7.0/toolchain/arm/arm-gnu-toolchain/bin/../lib/gcc/arm-none-eabi/6.3.1/../../../../arm-none-eabi/lib/thumb/v7e-m\libc.a(lib_a-mallocr.o)
                0x204005a8                __malloc_av_
 .data.__malloc_sbrk_base
                0x204009b0        0x4 c:/program files (x86)/atmel/studio/7.0/toolchain/arm/arm-gnu-toolchain/bin/../lib/gcc/arm-none-eabi/6.3.1/../../../../arm-none-eabi/lib/thumb/v7e-m\libc.a(lib_a-mallocr.o)
                0x204009b0                __malloc_sbrk_base
 .data.__malloc_trim_threshold
                0x204009b4        0x4 c:/program files (x86)/atmel/studio/7.0/toolchain/arm/arm-gnu-toolchain/bin/../lib/gcc/arm-none-eabi/6.3.1/../../../../arm-none-eabi/lib/thumb/v7e-m\libc.a(lib_a-mallocr.o)
                0x204009b4                __malloc_trim_threshold
                0x204009b8                . = ALIGN (0x4)
                0x204009b8                _erelocate = .

.bss            0x204009b8       0xfc load address 0x00405e78
                0x204009b8                . = ALIGN (0x4)
                0x204009b8                _sbss = .
                0x204009b8                _szero = .
 *(.bss .bss.*)
 .bss           0x204009b8       0x1c c:/program files (x86)/atmel/studio/7.0/toolchain/arm/arm-gnu-toolchain/bin/../lib/gcc/arm-none-eabi/6.3.1/thumb/v7e-m/crtbegin.o
 .bss.gs_interrupt_sources
                0x204009d4       0x70 src/ASF/sam/drivers/pio/pio_handler.o
 .bss.ul_reg_val.9529
                0x20400a44        0x4 src/ASF/sam/drivers/usart/usart.o
 .bss.heap.6420
                0x20400a48        0x4 src/ASF/sam/utils/syscalls/gcc/syscalls.o
 .bss.__malloc_current_mallinfo
                0x20400a4c       0x28 c:/program files (x86)/atmel/studio/7.0/toolchain/arm/arm-gnu-toolchain/bin/../lib/gcc/arm-none-eabi/6.3.1/../../../../arm-none-eabi/lib/thumb/v7e-m\libc.a(lib_a-mallocr.o)
                0x20400a4c                __malloc_current_mallinfo
 .bss.__malloc_max_sbrked_mem
                0x20400a74        0x4 c:/program files (x86)/atmel/studio/7.0/toolchain/arm/arm-gnu-toolchain/bin/../lib/gcc/arm-none-eabi/6.3.1/../../../../arm-none-eabi/lib/thumb/v7e-m\libc.a(lib_a-mallocr.o)
                0x20400a74                __malloc_max_sbrked_mem
 .bss.__malloc_max_total_mem
                0x20400a78        0x4 c:/program files (x86)/atmel/studio/7.0/toolchain/arm/arm-gnu-toolchain/bin/../lib/gcc/arm-none-eabi/6.3.1/../../../../arm-none-eabi/lib/thumb/v7e-m\libc.a(lib_a-mallocr.o)
                0x20400a78                __malloc_max_total_mem
 .bss.__malloc_top_pad
                0x20400a7c        0x4 c:/program files (x86)/atmel/studio/7.0/toolchain/arm/arm-gnu-toolchain/bin/../lib/gcc/arm-none-eabi/6.3.1/../../../../arm-none-eabi/lib/thumb/v7e-m\libc.a(lib_a-mallocr.o)
                0x20400a7c                __malloc_top_pad
 *(COMMON)
 COMMON         0x20400a80        0x4 src/ASF/common/utils/stdio/read.o
                0x20400a80                ptr_get
 COMMON         0x20400a84        0x8 src/ASF/common/utils/stdio/write.o
                0x20400a84                ptr_put
                0x20400a88                stdio_base
 COMMON         0x20400a8c       0x21 c:/program files (x86)/atmel/studio/7.0/toolchain/arm/arm-gnu-toolchain/bin/../lib/gcc/arm-none-eabi/6.3.1/../../../../arm-none-eabi/lib/thumb/v7e-m\libc.a(lib_a-lock.o)
                0x20400a8c                __lock___atexit_recursive_mutex
                0x20400a90                __lock___arc4random_mutex
                0x20400a94                __lock___env_recursive_mutex
                0x20400a98                __lock___sinit_recursive_mutex
                0x20400a9c                __lock___malloc_recursive_mutex
                0x20400aa0                __lock___at_quick_exit_mutex
                0x20400aa4                __lock___dd_hash_mutex
                0x20400aa8                __lock___tz_mutex
                0x20400aac                __lock___sfp_recursive_mutex
 *fill*         0x20400aad        0x3 
 COMMON         0x20400ab0        0x4 c:/program files (x86)/atmel/studio/7.0/toolchain/arm/arm-gnu-toolchain/bin/../lib/gcc/arm-none-eabi/6.3.1/../../../../arm-none-eabi/lib/thumb/v7e-m\libc.a(lib_a-reent.o)
                0x20400ab0                errno
                0x20400ab4                . = ALIGN (0x4)
                0x20400ab4                _ebss = .
                0x20400ab4                _ezero = .

.stack          0x20400ab4     0x2004 load address 0x00405f74
                0x20400ab8                . = ALIGN (0x8)
 *fill*         0x20400ab4        0x4 
                0x20400ab8                _sstack = .
                0x20402ab8                . = (. + STACK_SIZE)
 *fill*         0x20400ab8     0x2000 
                0x20402ab8                . = ALIGN (0x8)
                0x20402ab8                _estack = .

.heap           0x20402ab8      0x200 load address 0x00407f78
                0x20402ab8                . = ALIGN (0x8)
                0x20402ab8                _sheap = .
                0x20402cb8                . = (. + HEAP_SIZE)
 *fill*         0x20402ab8      0x200 
                0x20402cb8                . = ALIGN (0x8)
                0x20402cb8                _eheap = .
                0x20402cb8                . = ALIGN (0x4)
                0x20402cb8                _end = .
                0x2045ffff                _ram_end_ = ((ORIGIN (ram) + LENGTH (ram)) - 0x1)
OUTPUT(USART_USART.elf elf32-littlearm)

.ARM.attributes
                0x00000000       0x2e
 .ARM.attributes
                0x00000000       0x1e c:/program files (x86)/atmel/studio/7.0/toolchain/arm/arm-gnu-toolchain/bin/../lib/gcc/arm-none-eabi/6.3.1/thumb/v7e-m/crti.o
 .ARM.attributes
                0x0000001e       0x2e c:/program files (x86)/atmel/studio/7.0/toolchain/arm/arm-gnu-toolchain/bin/../lib/gcc/arm-none-eabi/6.3.1/thumb/v7e-m/crtbegin.o
 .ARM.attributes
                0x0000004c       0x37 src/ASF/common/services/clock/samv71/sysclk.o
 .ARM.attributes
                0x00000083       0x37 src/ASF/common/utils/interrupt/interrupt_sam_nvic.o
 .ARM.attributes
                0x000000ba       0x37 src/ASF/common/utils/stdio/read.o
 .ARM.attributes
                0x000000f1       0x37 src/ASF/common/utils/stdio/write.o
 .ARM.attributes
                0x00000128       0x37 src/ASF/sam/boards/samv71_xplained_ultra/init.o
 .ARM.attributes
                0x0000015f       0x37 src/ASF/sam/drivers/pio/pio.o
 .ARM.attributes
                0x00000196       0x37 src/ASF/sam/drivers/pio/pio_handler.o
 .ARM.attributes
                0x000001cd       0x37 src/ASF/sam/drivers/pmc/pmc.o
 .ARM.attributes
                0x00000204       0x37 src/ASF/sam/drivers/uart/uart.o
 .ARM.attributes
                0x0000023b       0x37 src/ASF/sam/drivers/usart/usart.o
 .ARM.attributes
                0x00000272       0x37 src/ASF/sam/utils/cmsis/samv71/source/templates/gcc/startup_samv71.o
 .ARM.attributes
                0x000002a9       0x37 src/ASF/sam/utils/cmsis/samv71/source/templates/system_samv71.o
 .ARM.attributes
                0x000002e0       0x37 src/ASF/sam/utils/syscalls/gcc/syscalls.o
 .ARM.attributes
                0x00000317       0x37 src/usart_rs485_example_canopus.o
 .ARM.attributes
                0x0000034e       0x2e c:/program files (x86)/atmel/studio/7.0/toolchain/arm/arm-gnu-toolchain/bin/../lib/gcc/arm-none-eabi/6.3.1/../../../../arm-none-eabi/lib/thumb/v7e-m\libc.a(lib_a-impure.o)
 .ARM.attributes
                0x0000037c       0x2e c:/program files (x86)/atmel/studio/7.0/toolchain/arm/arm-gnu-toolchain/bin/../lib/gcc/arm-none-eabi/6.3.1/../../../../arm-none-eabi/lib/thumb/v7e-m\libc.a(lib_a-init.o)
 .ARM.attributes
                0x000003aa       0x2e c:/program files (x86)/atmel/studio/7.0/toolchain/arm/arm-gnu-toolchain/bin/../lib/gcc/arm-none-eabi/6.3.1/../../../../arm-none-eabi/lib/thumb/v7e-m\libc.a(lib_a-iprintf.o)
 .ARM.attributes
                0x000003d8       0x2e c:/program files (x86)/atmel/studio/7.0/toolchain/arm/arm-gnu-toolchain/bin/../lib/gcc/arm-none-eabi/6.3.1/../../../../arm-none-eabi/lib/thumb/v7e-m\libc.a(lib_a-iscanf.o)
 .ARM.attributes
                0x00000406       0x2e c:/program files (x86)/atmel/studio/7.0/toolchain/arm/arm-gnu-toolchain/bin/../lib/gcc/arm-none-eabi/6.3.1/../../../../arm-none-eabi/lib/thumb/v7e-m\libc.a(lib_a-memset.o)
 .ARM.attributes
                0x00000434       0x2e c:/program files (x86)/atmel/studio/7.0/toolchain/arm/arm-gnu-toolchain/bin/../lib/gcc/arm-none-eabi/6.3.1/../../../../arm-none-eabi/lib/thumb/v7e-m\libc.a(lib_a-setbuf.o)
 .ARM.attributes
                0x00000462       0x2e c:/program files (x86)/atmel/studio/7.0/toolchain/arm/arm-gnu-toolchain/bin/../lib/gcc/arm-none-eabi/6.3.1/../../../../arm-none-eabi/lib/thumb/v7e-m\libc.a(lib_a-setvbuf.o)
 .ARM.attributes
                0x00000490       0x2e c:/program files (x86)/atmel/studio/7.0/toolchain/arm/arm-gnu-toolchain/bin/../lib/gcc/arm-none-eabi/6.3.1/../../../../arm-none-eabi/lib/thumb/v7e-m\libc.a(lib_a-vfiprintf.o)
 .ARM.attributes
                0x000004be       0x2e c:/program files (x86)/atmel/studio/7.0/toolchain/arm/arm-gnu-toolchain/bin/../lib/gcc/arm-none-eabi/6.3.1/../../../../arm-none-eabi/lib/thumb/v7e-m\libc.a(lib_a-vfiscanf.o)
 .ARM.attributes
                0x000004ec       0x2e c:/program files (x86)/atmel/studio/7.0/toolchain/arm/arm-gnu-toolchain/bin/../lib/gcc/arm-none-eabi/6.3.1/../../../../arm-none-eabi/lib/thumb/v7e-m\libc.a(lib_a-wsetup.o)
 .ARM.attributes
                0x0000051a       0x2e c:/program files (x86)/atmel/studio/7.0/toolchain/arm/arm-gnu-toolchain/bin/../lib/gcc/arm-none-eabi/6.3.1/../../../../arm-none-eabi/lib/thumb/v7e-m\libc.a(lib_a-__call_atexit.o)
 .ARM.attributes
                0x00000548       0x2e c:/program files (x86)/atmel/studio/7.0/toolchain/arm/arm-gnu-toolchain/bin/../lib/gcc/arm-none-eabi/6.3.1/../../../../arm-none-eabi/lib/thumb/v7e-m\libc.a(lib_a-atexit.o)
 .ARM.attributes
                0x00000576       0x2e c:/program files (x86)/atmel/studio/7.0/toolchain/arm/arm-gnu-toolchain/bin/../lib/gcc/arm-none-eabi/6.3.1/../../../../arm-none-eabi/lib/thumb/v7e-m\libc.a(lib_a-fflush.o)
 .ARM.attributes
                0x000005a4       0x2e c:/program files (x86)/atmel/studio/7.0/toolchain/arm/arm-gnu-toolchain/bin/../lib/gcc/arm-none-eabi/6.3.1/../../../../arm-none-eabi/lib/thumb/v7e-m\libc.a(lib_a-findfp.o)
 .ARM.attributes
                0x000005d2       0x2e c:/program files (x86)/atmel/studio/7.0/toolchain/arm/arm-gnu-toolchain/bin/../lib/gcc/arm-none-eabi/6.3.1/../../../../arm-none-eabi/lib/thumb/v7e-m\libc.a(lib_a-fini.o)
 .ARM.attributes
                0x00000600       0x2e c:/program files (x86)/atmel/studio/7.0/toolchain/arm/arm-gnu-toolchain/bin/../lib/gcc/arm-none-eabi/6.3.1/../../../../arm-none-eabi/lib/thumb/v7e-m\libc.a(lib_a-fputwc.o)
 .ARM.attributes
                0x0000062e       0x2e c:/program files (x86)/atmel/studio/7.0/toolchain/arm/arm-gnu-toolchain/bin/../lib/gcc/arm-none-eabi/6.3.1/../../../../arm-none-eabi/lib/thumb/v7e-m\libc.a(lib_a-fread.o)
 .ARM.attributes
                0x0000065c       0x2e c:/program files (x86)/atmel/studio/7.0/toolchain/arm/arm-gnu-toolchain/bin/../lib/gcc/arm-none-eabi/6.3.1/../../../../arm-none-eabi/lib/thumb/v7e-m\libc.a(lib_a-freer.o)
 .ARM.attributes
                0x0000068a       0x2e c:/program files (x86)/atmel/studio/7.0/toolchain/arm/arm-gnu-toolchain/bin/../lib/gcc/arm-none-eabi/6.3.1/../../../../arm-none-eabi/lib/thumb/v7e-m\libc.a(lib_a-fvwrite.o)
 .ARM.attributes
                0x000006b8       0x2e c:/program files (x86)/atmel/studio/7.0/toolchain/arm/arm-gnu-toolchain/bin/../lib/gcc/arm-none-eabi/6.3.1/../../../../arm-none-eabi/lib/thumb/v7e-m\libc.a(lib_a-fwalk.o)
 .ARM.attributes
                0x000006e6       0x2e c:/program files (x86)/atmel/studio/7.0/toolchain/arm/arm-gnu-toolchain/bin/../lib/gcc/arm-none-eabi/6.3.1/../../../../arm-none-eabi/lib/thumb/v7e-m\libc.a(lib_a-iswspace.o)
 .ARM.attributes
                0x00000714       0x2e c:/program files (x86)/atmel/studio/7.0/toolchain/arm/arm-gnu-toolchain/bin/../lib/gcc/arm-none-eabi/6.3.1/../../../../arm-none-eabi/lib/thumb/v7e-m\libc.a(lib_a-locale.o)
 .ARM.attributes
                0x00000742       0x2e c:/program files (x86)/atmel/studio/7.0/toolchain/arm/arm-gnu-toolchain/bin/../lib/gcc/arm-none-eabi/6.3.1/../../../../arm-none-eabi/lib/thumb/v7e-m\libc.a(lib_a-lock.o)
 .ARM.attributes
                0x00000770       0x2e c:/program files (x86)/atmel/studio/7.0/toolchain/arm/arm-gnu-toolchain/bin/../lib/gcc/arm-none-eabi/6.3.1/../../../../arm-none-eabi/lib/thumb/v7e-m\libc.a(lib_a-makebuf.o)
 .ARM.attributes
                0x0000079e       0x2e c:/program files (x86)/atmel/studio/7.0/toolchain/arm/arm-gnu-toolchain/bin/../lib/gcc/arm-none-eabi/6.3.1/../../../../arm-none-eabi/lib/thumb/v7e-m\libc.a(lib_a-malloc.o)
 .ARM.attributes
                0x000007cc       0x2e c:/program files (x86)/atmel/studio/7.0/toolchain/arm/arm-gnu-toolchain/bin/../lib/gcc/arm-none-eabi/6.3.1/../../../../arm-none-eabi/lib/thumb/v7e-m\libc.a(lib_a-mallocr.o)
 .ARM.attributes
                0x000007fa       0x2e c:/program files (x86)/atmel/studio/7.0/toolchain/arm/arm-gnu-toolchain/bin/../lib/gcc/arm-none-eabi/6.3.1/../../../../arm-none-eabi/lib/thumb/v7e-m\libc.a(lib_a-mbrtowc.o)
 .ARM.attributes
                0x00000828       0x2e c:/program files (x86)/atmel/studio/7.0/toolchain/arm/arm-gnu-toolchain/bin/../lib/gcc/arm-none-eabi/6.3.1/../../../../arm-none-eabi/lib/thumb/v7e-m\libc.a(lib_a-mbtowc_r.o)
 .ARM.attributes
                0x00000856       0x1c c:/program files (x86)/atmel/studio/7.0/toolchain/arm/arm-gnu-toolchain/bin/../lib/gcc/arm-none-eabi/6.3.1/../../../../arm-none-eabi/lib/thumb/v7e-m\libc.a(lib_a-memchr.o)
 .ARM.attributes
                0x00000872       0x1c c:/program files (x86)/atmel/studio/7.0/toolchain/arm/arm-gnu-toolchain/bin/../lib/gcc/arm-none-eabi/6.3.1/../../../../arm-none-eabi/lib/thumb/v7e-m\libc.a(lib_a-memcpy.o)
 .ARM.attributes
                0x0000088e       0x2e c:/program files (x86)/atmel/studio/7.0/toolchain/arm/arm-gnu-toolchain/bin/../lib/gcc/arm-none-eabi/6.3.1/../../../../arm-none-eabi/lib/thumb/v7e-m\libc.a(lib_a-memmove.o)
 .ARM.attributes
                0x000008bc       0x2e c:/program files (x86)/atmel/studio/7.0/toolchain/arm/arm-gnu-toolchain/bin/../lib/gcc/arm-none-eabi/6.3.1/../../../../arm-none-eabi/lib/thumb/v7e-m\libc.a(lib_a-mlock.o)
 .ARM.attributes
                0x000008ea       0x2e c:/program files (x86)/atmel/studio/7.0/toolchain/arm/arm-gnu-toolchain/bin/../lib/gcc/arm-none-eabi/6.3.1/../../../../arm-none-eabi/lib/thumb/v7e-m\libc.a(lib_a-reallocr.o)
 .ARM.attributes
                0x00000918       0x2e c:/program files (x86)/atmel/studio/7.0/toolchain/arm/arm-gnu-toolchain/bin/../lib/gcc/arm-none-eabi/6.3.1/../../../../arm-none-eabi/lib/thumb/v7e-m\libc.a(lib_a-refill.o)
 .ARM.attributes
                0x00000946       0x2e c:/program files (x86)/atmel/studio/7.0/toolchain/arm/arm-gnu-toolchain/bin/../lib/gcc/arm-none-eabi/6.3.1/../../../../arm-none-eabi/lib/thumb/v7e-m\libc.a(lib_a-sbrkr.o)
 .ARM.attributes
                0x00000974       0x2e c:/program files (x86)/atmel/studio/7.0/toolchain/arm/arm-gnu-toolchain/bin/../lib/gcc/arm-none-eabi/6.3.1/../../../../arm-none-eabi/lib/thumb/v7e-m\libc.a(lib_a-sccl.o)
 .ARM.attributes
                0x000009a2       0x2e c:/program files (x86)/atmel/studio/7.0/toolchain/arm/arm-gnu-toolchain/bin/../lib/gcc/arm-none-eabi/6.3.1/../../../../arm-none-eabi/lib/thumb/v7e-m\libc.a(lib_a-stdio.o)
 .ARM.attributes
                0x000009d0       0x1c c:/program files (x86)/atmel/studio/7.0/toolchain/arm/arm-gnu-toolchain/bin/../lib/gcc/arm-none-eabi/6.3.1/../../../../arm-none-eabi/lib/thumb/v7e-m\libc.a(lib_a-strlen.o)
 .ARM.attributes
                0x000009ec       0x2e c:/program files (x86)/atmel/studio/7.0/toolchain/arm/arm-gnu-toolchain/bin/../lib/gcc/arm-none-eabi/6.3.1/../../../../arm-none-eabi/lib/thumb/v7e-m\libc.a(lib_a-strtol.o)
 .ARM.attributes
                0x00000a1a       0x2e c:/program files (x86)/atmel/studio/7.0/toolchain/arm/arm-gnu-toolchain/bin/../lib/gcc/arm-none-eabi/6.3.1/../../../../arm-none-eabi/lib/thumb/v7e-m\libc.a(lib_a-strtoll.o)
 .ARM.attributes
                0x00000a48       0x2e c:/program files (x86)/atmel/studio/7.0/toolchain/arm/arm-gnu-toolchain/bin/../lib/gcc/arm-none-eabi/6.3.1/../../../../arm-none-eabi/lib/thumb/v7e-m\libc.a(lib_a-strtoul.o)
 .ARM.attributes
                0x00000a76       0x2e c:/program files (x86)/atmel/studio/7.0/toolchain/arm/arm-gnu-toolchain/bin/../lib/gcc/arm-none-eabi/6.3.1/../../../../arm-none-eabi/lib/thumb/v7e-m\libc.a(lib_a-strtoull.o)
 .ARM.attributes
                0x00000aa4       0x2e c:/program files (x86)/atmel/studio/7.0/toolchain/arm/arm-gnu-toolchain/bin/../lib/gcc/arm-none-eabi/6.3.1/../../../../arm-none-eabi/lib/thumb/v7e-m\libc.a(lib_a-ungetc.o)
 .ARM.attributes
                0x00000ad2       0x2e c:/program files (x86)/atmel/studio/7.0/toolchain/arm/arm-gnu-toolchain/bin/../lib/gcc/arm-none-eabi/6.3.1/../../../../arm-none-eabi/lib/thumb/v7e-m\libc.a(lib_a-wbuf.o)
 .ARM.attributes
                0x00000b00       0x2e c:/program files (x86)/atmel/studio/7.0/toolchain/arm/arm-gnu-toolchain/bin/../lib/gcc/arm-none-eabi/6.3.1/../../../../arm-none-eabi/lib/thumb/v7e-m\libc.a(lib_a-wcrtomb.o)
 .ARM.attributes
                0x00000b2e       0x2e c:/program files (x86)/atmel/studio/7.0/toolchain/arm/arm-gnu-toolchain/bin/../lib/gcc/arm-none-eabi/6.3.1/../../../../arm-none-eabi/lib/thumb/v7e-m\libc.a(lib_a-wctomb_r.o)
 .ARM.attributes
                0x00000b5c       0x2e c:/program files (x86)/atmel/studio/7.0/toolchain/arm/arm-gnu-toolchain/bin/../lib/gcc/arm-none-eabi/6.3.1/../../../../arm-none-eabi/lib/thumb/v7e-m\libc.a(lib_a-writer.o)
 .ARM.attributes
                0x00000b8a       0x2e c:/program files (x86)/atmel/studio/7.0/toolchain/arm/arm-gnu-toolchain/bin/../lib/gcc/arm-none-eabi/6.3.1/../../../../arm-none-eabi/lib/thumb/v7e-m\libc.a(lib_a-__atexit.o)
 .ARM.attributes
                0x00000bb8       0x2e c:/program files (x86)/atmel/studio/7.0/toolchain/arm/arm-gnu-toolchain/bin/../lib/gcc/arm-none-eabi/6.3.1/../../../../arm-none-eabi/lib/thumb/v7e-m\libc.a(lib_a-closer.o)
 .ARM.attributes
                0x00000be6       0x2e c:/program files (x86)/atmel/studio/7.0/toolchain/arm/arm-gnu-toolchain/bin/../lib/gcc/arm-none-eabi/6.3.1/../../../../arm-none-eabi/lib/thumb/v7e-m\libc.a(lib_a-ctype_.o)
 .ARM.attributes
                0x00000c14       0x2e c:/program files (x86)/atmel/studio/7.0/toolchain/arm/arm-gnu-toolchain/bin/../lib/gcc/arm-none-eabi/6.3.1/../../../../arm-none-eabi/lib/thumb/v7e-m\libc.a(lib_a-fclose.o)
 .ARM.attributes
                0x00000c42       0x2e c:/program files (x86)/atmel/studio/7.0/toolchain/arm/arm-gnu-toolchain/bin/../lib/gcc/arm-none-eabi/6.3.1/../../../../arm-none-eabi/lib/thumb/v7e-m\libc.a(lib_a-fstatr.o)
 .ARM.attributes
                0x00000c70       0x2e c:/program files (x86)/atmel/studio/7.0/toolchain/arm/arm-gnu-toolchain/bin/../lib/gcc/arm-none-eabi/6.3.1/../../../../arm-none-eabi/lib/thumb/v7e-m\libc.a(lib_a-isattyr.o)
 .ARM.attributes
                0x00000c9e       0x2e c:/program files (x86)/atmel/studio/7.0/toolchain/arm/arm-gnu-toolchain/bin/../lib/gcc/arm-none-eabi/6.3.1/../../../../arm-none-eabi/lib/thumb/v7e-m\libc.a(lib_a-lseekr.o)
 .ARM.attributes
                0x00000ccc       0x2e c:/program files (x86)/atmel/studio/7.0/toolchain/arm/arm-gnu-toolchain/bin/../lib/gcc/arm-none-eabi/6.3.1/../../../../arm-none-eabi/lib/thumb/v7e-m\libc.a(lib_a-readr.o)
 .ARM.attributes
                0x00000cfa       0x2e c:/program files (x86)/atmel/studio/7.0/toolchain/arm/arm-gnu-toolchain/bin/../lib/gcc/arm-none-eabi/6.3.1/../../../../arm-none-eabi/lib/thumb/v7e-m\libc.a(lib_a-reent.o)
 .ARM.attributes
                0x00000d28       0x1e c:/program files (x86)/atmel/studio/7.0/toolchain/arm/arm-gnu-toolchain/bin/../lib/gcc/arm-none-eabi/6.3.1/thumb/v7e-m\libgcc.a(_aeabi_uldivmod.o)
 .ARM.attributes
                0x00000d46       0x2e c:/program files (x86)/atmel/studio/7.0/toolchain/arm/arm-gnu-toolchain/bin/../lib/gcc/arm-none-eabi/6.3.1/thumb/v7e-m\libgcc.a(_udivmoddi4.o)
 .ARM.attributes
                0x00000d74       0x1e c:/program files (x86)/atmel/studio/7.0/toolchain/arm/arm-gnu-toolchain/bin/../lib/gcc/arm-none-eabi/6.3.1/thumb/v7e-m\libgcc.a(_dvmd_tls.o)
 .ARM.attributes
                0x00000d92       0x1e c:/program files (x86)/atmel/studio/7.0/toolchain/arm/arm-gnu-toolchain/bin/../lib/gcc/arm-none-eabi/6.3.1/thumb/v7e-m/crtn.o

.comment        0x00000000       0x59
 .comment       0x00000000       0x59 src/ASF/common/services/clock/samv71/sysclk.o
                                 0x5a (size before relaxing)
 .comment       0x00000059       0x5a src/ASF/common/utils/interrupt/interrupt_sam_nvic.o
 .comment       0x00000059       0x5a src/ASF/common/utils/stdio/read.o
 .comment       0x00000059       0x5a src/ASF/common/utils/stdio/write.o
 .comment       0x00000059       0x5a src/ASF/sam/boards/samv71_xplained_ultra/init.o
 .comment       0x00000059       0x5a src/ASF/sam/drivers/pio/pio.o
 .comment       0x00000059       0x5a src/ASF/sam/drivers/pio/pio_handler.o
 .comment       0x00000059       0x5a src/ASF/sam/drivers/pmc/pmc.o
 .comment       0x00000059       0x5a src/ASF/sam/drivers/uart/uart.o
 .comment       0x00000059       0x5a src/ASF/sam/drivers/usart/usart.o
 .comment       0x00000059       0x5a src/ASF/sam/utils/cmsis/samv71/source/templates/gcc/startup_samv71.o
 .comment       0x00000059       0x5a src/ASF/sam/utils/cmsis/samv71/source/templates/system_samv71.o
 .comment       0x00000059       0x5a src/ASF/sam/utils/syscalls/gcc/syscalls.o
 .comment       0x00000059       0x5a src/usart_rs485_example_canopus.o

.debug_info     0x00000000    0x12311
 .debug_info    0x00000000     0x12a4 src/ASF/common/services/clock/samv71/sysclk.o
 .debug_info    0x000012a4      0xaff src/ASF/common/utils/interrupt/interrupt_sam_nvic.o
 .debug_info    0x00001da3      0xac9 src/ASF/common/utils/stdio/read.o
 .debug_info    0x0000286c      0xac6 src/ASF/common/utils/stdio/write.o
 .debug_info    0x00003332     0x2131 src/ASF/sam/boards/samv71_xplained_ultra/init.o
 .debug_info    0x00005463     0x2174 src/ASF/sam/drivers/pio/pio.o
 .debug_info    0x000075d7     0x1bb8 src/ASF/sam/drivers/pio/pio_handler.o
 .debug_info    0x0000918f     0x1f1c src/ASF/sam/drivers/pmc/pmc.o
 .debug_info    0x0000b0ab     0x1072 src/ASF/sam/drivers/uart/uart.o
 .debug_info    0x0000c11d     0x23ac src/ASF/sam/drivers/usart/usart.o
 .debug_info    0x0000e4c9     0x15fe src/ASF/sam/utils/cmsis/samv71/source/templates/gcc/startup_samv71.o
 .debug_info    0x0000fac7      0x5d0 src/ASF/sam/utils/cmsis/samv71/source/templates/system_samv71.o
 .debug_info    0x00010097      0xdb0 src/ASF/sam/utils/syscalls/gcc/syscalls.o
 .debug_info    0x00010e47     0x14ca src/usart_rs485_example_canopus.o

.debug_abbrev   0x00000000     0x272b
 .debug_abbrev  0x00000000      0x31f src/ASF/common/services/clock/samv71/sysclk.o
 .debug_abbrev  0x0000031f      0x221 src/ASF/common/utils/interrupt/interrupt_sam_nvic.o
 .debug_abbrev  0x00000540      0x1fe src/ASF/common/utils/stdio/read.o
 .debug_abbrev  0x0000073e      0x1e9 src/ASF/common/utils/stdio/write.o
 .debug_abbrev  0x00000927      0x32f src/ASF/sam/boards/samv71_xplained_ultra/init.o
 .debug_abbrev  0x00000c56      0x410 src/ASF/sam/drivers/pio/pio.o
 .debug_abbrev  0x00001066      0x34d src/ASF/sam/drivers/pio/pio_handler.o
 .debug_abbrev  0x000013b3      0x398 src/ASF/sam/drivers/pmc/pmc.o
 .debug_abbrev  0x0000174b      0x27b src/ASF/sam/drivers/uart/uart.o
 .debug_abbrev  0x000019c6      0x3ca src/ASF/sam/drivers/usart/usart.o
 .debug_abbrev  0x00001d90      0x2f3 src/ASF/sam/utils/cmsis/samv71/source/templates/gcc/startup_samv71.o
 .debug_abbrev  0x00002083      0x102 src/ASF/sam/utils/cmsis/samv71/source/templates/system_samv71.o
 .debug_abbrev  0x00002185      0x264 src/ASF/sam/utils/syscalls/gcc/syscalls.o
 .debug_abbrev  0x000023e9      0x342 src/usart_rs485_example_canopus.o

.debug_loc      0x00000000     0x3da4
 .debug_loc     0x00000000      0x183 src/ASF/common/services/clock/samv71/sysclk.o
 .debug_loc     0x00000183       0xb3 src/ASF/common/utils/stdio/read.o
 .debug_loc     0x00000236      0x12b src/ASF/common/utils/stdio/write.o
 .debug_loc     0x00000361      0x2d3 src/ASF/sam/boards/samv71_xplained_ultra/init.o
 .debug_loc     0x00000634      0xea4 src/ASF/sam/drivers/pio/pio.o
 .debug_loc     0x000014d8      0x59f src/ASF/sam/drivers/pio/pio_handler.o
 .debug_loc     0x00001a77      0xc33 src/ASF/sam/drivers/pmc/pmc.o
 .debug_loc     0x000026aa      0x2a3 src/ASF/sam/drivers/uart/uart.o
 .debug_loc     0x0000294d      0xf35 src/ASF/sam/drivers/usart/usart.o
 .debug_loc     0x00003882       0x77 src/ASF/sam/utils/cmsis/samv71/source/templates/gcc/startup_samv71.o
 .debug_loc     0x000038f9       0xfd src/ASF/sam/utils/syscalls/gcc/syscalls.o
 .debug_loc     0x000039f6      0x3ae src/usart_rs485_example_canopus.o

.debug_aranges  0x00000000      0x9a8
 .debug_aranges
                0x00000000       0x40 src/ASF/common/services/clock/samv71/sysclk.o
 .debug_aranges
                0x00000040       0x28 src/ASF/common/utils/interrupt/interrupt_sam_nvic.o
 .debug_aranges
                0x00000068       0x20 src/ASF/common/utils/stdio/read.o
 .debug_aranges
                0x00000088       0x20 src/ASF/common/utils/stdio/write.o
 .debug_aranges
                0x000000a8       0x20 src/ASF/sam/boards/samv71_xplained_ultra/init.o
 .debug_aranges
                0x000000c8      0x1a8 src/ASF/sam/drivers/pio/pio.o
 .debug_aranges
                0x00000270       0x60 src/ASF/sam/drivers/pio/pio_handler.o
 .debug_aranges
                0x000002d0      0x270 src/ASF/sam/drivers/pmc/pmc.o
 .debug_aranges
                0x00000540       0xd8 src/ASF/sam/drivers/uart/uart.o
 .debug_aranges
                0x00000618      0x2a8 src/ASF/sam/drivers/usart/usart.o
 .debug_aranges
                0x000008c0       0x28 src/ASF/sam/utils/cmsis/samv71/source/templates/gcc/startup_samv71.o
 .debug_aranges
                0x000008e8       0x30 src/ASF/sam/utils/cmsis/samv71/source/templates/system_samv71.o
 .debug_aranges
                0x00000918       0x60 src/ASF/sam/utils/syscalls/gcc/syscalls.o
 .debug_aranges
                0x00000978       0x30 src/usart_rs485_example_canopus.o

.debug_ranges   0x00000000      0x9e8
 .debug_ranges  0x00000000       0x30 src/ASF/common/services/clock/samv71/sysclk.o
 .debug_ranges  0x00000030       0x18 src/ASF/common/utils/interrupt/interrupt_sam_nvic.o
 .debug_ranges  0x00000048       0x10 src/ASF/common/utils/stdio/read.o
 .debug_ranges  0x00000058       0x10 src/ASF/common/utils/stdio/write.o
 .debug_ranges  0x00000068       0x10 src/ASF/sam/boards/samv71_xplained_ultra/init.o
 .debug_ranges  0x00000078      0x2a0 src/ASF/sam/drivers/pio/pio.o
 .debug_ranges  0x00000318       0x68 src/ASF/sam/drivers/pio/pio_handler.o
 .debug_ranges  0x00000380      0x260 src/ASF/sam/drivers/pmc/pmc.o
 .debug_ranges  0x000005e0       0xc8 src/ASF/sam/drivers/uart/uart.o
 .debug_ranges  0x000006a8      0x298 src/ASF/sam/drivers/usart/usart.o
 .debug_ranges  0x00000940       0x18 src/ASF/sam/utils/cmsis/samv71/source/templates/gcc/startup_samv71.o
 .debug_ranges  0x00000958       0x20 src/ASF/sam/utils/cmsis/samv71/source/templates/system_samv71.o
 .debug_ranges  0x00000978       0x50 src/ASF/sam/utils/syscalls/gcc/syscalls.o
 .debug_ranges  0x000009c8       0x20 src/usart_rs485_example_canopus.o

.debug_macro    0x00000000    0x1fdef
 .debug_macro   0x00000000      0x71c src/ASF/common/services/clock/samv71/sysclk.o
 .debug_macro   0x0000071c      0x8ce src/ASF/common/services/clock/samv71/sysclk.o
 .debug_macro   0x00000fea      0x71d src/ASF/common/services/clock/samv71/sysclk.o
 .debug_macro   0x00001707       0x3a src/ASF/common/services/clock/samv71/sysclk.o
 .debug_macro   0x00001741      0x16d src/ASF/common/services/clock/samv71/sysclk.o
 .debug_macro   0x000018ae       0x76 src/ASF/common/services/clock/samv71/sysclk.o
 .debug_macro   0x00001924       0x16 src/ASF/common/services/clock/samv71/sysclk.o
 .debug_macro   0x0000193a      0x6da src/ASF/common/services/clock/samv71/sysclk.o
 .debug_macro   0x00002014       0x22 src/ASF/common/services/clock/samv71/sysclk.o
 .debug_macro   0x00002036       0x87 src/ASF/common/services/clock/samv71/sysclk.o
 .debug_macro   0x000020bd       0x51 src/ASF/common/services/clock/samv71/sysclk.o
 .debug_macro   0x0000210e       0xef src/ASF/common/services/clock/samv71/sysclk.o
 .debug_macro   0x000021fd       0x6a src/ASF/common/services/clock/samv71/sysclk.o
 .debug_macro   0x00002267      0x1df src/ASF/common/services/clock/samv71/sysclk.o
 .debug_macro   0x00002446       0x51 src/ASF/common/services/clock/samv71/sysclk.o
 .debug_macro   0x00002497       0x1c src/ASF/common/services/clock/samv71/sysclk.o
 .debug_macro   0x000024b3       0x22 src/ASF/common/services/clock/samv71/sysclk.o
 .debug_macro   0x000024d5       0xdf src/ASF/common/services/clock/samv71/sysclk.o
 .debug_macro   0x000025b4     0x12cd src/ASF/common/services/clock/samv71/sysclk.o
 .debug_macro   0x00003881      0x11f src/ASF/common/services/clock/samv71/sysclk.o
 .debug_macro   0x000039a0       0x19 src/ASF/common/services/clock/samv71/sysclk.o
 .debug_macro   0x000039b9      0x191 src/ASF/common/services/clock/samv71/sysclk.o
 .debug_macro   0x00003b4a      0x2ee src/ASF/common/services/clock/samv71/sysclk.o
 .debug_macro   0x00003e38      0xa23 src/ASF/common/services/clock/samv71/sysclk.o
 .debug_macro   0x0000485b      0x1b4 src/ASF/common/services/clock/samv71/sysclk.o
 .debug_macro   0x00004a0f      0x35f src/ASF/common/services/clock/samv71/sysclk.o
 .debug_macro   0x00004d6e      0x15a src/ASF/common/services/clock/samv71/sysclk.o
 .debug_macro   0x00004ec8     0x18f9 src/ASF/common/services/clock/samv71/sysclk.o
 .debug_macro   0x000067c1       0x1c src/ASF/common/services/clock/samv71/sysclk.o
 .debug_macro   0x000067dd      0x6a2 src/ASF/common/services/clock/samv71/sysclk.o
 .debug_macro   0x00006e7f      0x263 src/ASF/common/services/clock/samv71/sysclk.o
 .debug_macro   0x000070e2      0x315 src/ASF/common/services/clock/samv71/sysclk.o
 .debug_macro   0x000073f7      0x4f0 src/ASF/common/services/clock/samv71/sysclk.o
 .debug_macro   0x000078e7      0x2c4 src/ASF/common/services/clock/samv71/sysclk.o
 .debug_macro   0x00007bab     0x1527 src/ASF/common/services/clock/samv71/sysclk.o
 .debug_macro   0x000090d2      0x285 src/ASF/common/services/clock/samv71/sysclk.o
 .debug_macro   0x00009357     0x2a40 src/ASF/common/services/clock/samv71/sysclk.o
 .debug_macro   0x0000bd97     0x113e src/ASF/common/services/clock/samv71/sysclk.o
 .debug_macro   0x0000ced5      0xcdb src/ASF/common/services/clock/samv71/sysclk.o
 .debug_macro   0x0000dbb0      0x3c6 src/ASF/common/services/clock/samv71/sysclk.o
 .debug_macro   0x0000df76       0xa0 src/ASF/common/services/clock/samv71/sysclk.o
 .debug_macro   0x0000e016       0x76 src/ASF/common/services/clock/samv71/sysclk.o
 .debug_macro   0x0000e08c      0x41e src/ASF/common/services/clock/samv71/sysclk.o
 .debug_macro   0x0000e4aa       0x64 src/ASF/common/services/clock/samv71/sysclk.o
 .debug_macro   0x0000e50e      0x299 src/ASF/common/services/clock/samv71/sysclk.o
 .debug_macro   0x0000e7a7      0x201 src/ASF/common/services/clock/samv71/sysclk.o
 .debug_macro   0x0000e9a8      0x264 src/ASF/common/services/clock/samv71/sysclk.o
 .debug_macro   0x0000ec0c      0x539 src/ASF/common/services/clock/samv71/sysclk.o
 .debug_macro   0x0000f145      0x650 src/ASF/common/services/clock/samv71/sysclk.o
 .debug_macro   0x0000f795      0x6fd src/ASF/common/services/clock/samv71/sysclk.o
 .debug_macro   0x0000fe92       0x64 src/ASF/common/services/clock/samv71/sysclk.o
 .debug_macro   0x0000fef6      0x4c4 src/ASF/common/services/clock/samv71/sysclk.o
 .debug_macro   0x000103ba      0x237 src/ASF/common/services/clock/samv71/sysclk.o
 .debug_macro   0x000105f1      0xa06 src/ASF/common/services/clock/samv71/sysclk.o
 .debug_macro   0x00010ff7     0x14f3 src/ASF/common/services/clock/samv71/sysclk.o
 .debug_macro   0x000124ea       0x40 src/ASF/common/services/clock/samv71/sysclk.o
 .debug_macro   0x0001252a       0x76 src/ASF/common/services/clock/samv71/sysclk.o
 .debug_macro   0x000125a0      0xdd1 src/ASF/common/services/clock/samv71/sysclk.o
 .debug_macro   0x00013371       0x88 src/ASF/common/services/clock/samv71/sysclk.o
 .debug_macro   0x000133f9       0x7c src/ASF/common/services/clock/samv71/sysclk.o
 .debug_macro   0x00013475       0x52 src/ASF/common/services/clock/samv71/sysclk.o
 .debug_macro   0x000134c7      0x133 src/ASF/common/services/clock/samv71/sysclk.o
 .debug_macro   0x000135fa      0x133 src/ASF/common/services/clock/samv71/sysclk.o
 .debug_macro   0x0001372d      0x133 src/ASF/common/services/clock/samv71/sysclk.o
 .debug_macro   0x00013860       0x76 src/ASF/common/services/clock/samv71/sysclk.o
 .debug_macro   0x000138d6       0x76 src/ASF/common/services/clock/samv71/sysclk.o
 .debug_macro   0x0001394c      0x2fe src/ASF/common/services/clock/samv71/sysclk.o
 .debug_macro   0x00013c4a       0xca src/ASF/common/services/clock/samv71/sysclk.o
 .debug_macro   0x00013d14       0xca src/ASF/common/services/clock/samv71/sysclk.o
 .debug_macro   0x00013dde       0xca src/ASF/common/services/clock/samv71/sysclk.o
 .debug_macro   0x00013ea8      0x13b src/ASF/common/services/clock/samv71/sysclk.o
 .debug_macro   0x00013fe3      0x13b src/ASF/common/services/clock/samv71/sysclk.o
 .debug_macro   0x0001411e      0x2cd src/ASF/common/services/clock/samv71/sysclk.o
 .debug_macro   0x000143eb       0xbe src/ASF/common/services/clock/samv71/sysclk.o
 .debug_macro   0x000144a9       0x64 src/ASF/common/services/clock/samv71/sysclk.o
 .debug_macro   0x0001450d       0x46 src/ASF/common/services/clock/samv71/sysclk.o
 .debug_macro   0x00014553       0x4c src/ASF/common/services/clock/samv71/sysclk.o
 .debug_macro   0x0001459f       0xa6 src/ASF/common/services/clock/samv71/sysclk.o
 .debug_macro   0x00014645      0x4b7 src/ASF/common/services/clock/samv71/sysclk.o
 .debug_macro   0x00014afc      0x133 src/ASF/common/services/clock/samv71/sysclk.o
 .debug_macro   0x00014c2f       0x52 src/ASF/common/services/clock/samv71/sysclk.o
 .debug_macro   0x00014c81      0x2fe src/ASF/common/services/clock/samv71/sysclk.o
 .debug_macro   0x00014f7f       0x76 src/ASF/common/services/clock/samv71/sysclk.o
 .debug_macro   0x00014ff5       0xbe src/ASF/common/services/clock/samv71/sysclk.o
 .debug_macro   0x000150b3       0x76 src/ASF/common/services/clock/samv71/sysclk.o
 .debug_macro   0x00015129       0x70 src/ASF/common/services/clock/samv71/sysclk.o
 .debug_macro   0x00015199       0x34 src/ASF/common/services/clock/samv71/sysclk.o
 .debug_macro   0x000151cd      0x9b8 src/ASF/common/services/clock/samv71/sysclk.o
 .debug_macro   0x00015b85       0x70 src/ASF/common/services/clock/samv71/sysclk.o
 .debug_macro   0x00015bf5       0x8e src/ASF/common/services/clock/samv71/sysclk.o
 .debug_macro   0x00015c83       0x5e src/ASF/common/services/clock/samv71/sysclk.o
 .debug_macro   0x00015ce1       0xb8 src/ASF/common/services/clock/samv71/sysclk.o
 .debug_macro   0x00015d99       0x4c src/ASF/common/services/clock/samv71/sysclk.o
 .debug_macro   0x00015de5       0x4c src/ASF/common/services/clock/samv71/sysclk.o
 .debug_macro   0x00015e31       0x16 src/ASF/common/services/clock/samv71/sysclk.o
 .debug_macro   0x00015e47       0xfa src/ASF/common/services/clock/samv71/sysclk.o
 .debug_macro   0x00015f41       0x52 src/ASF/common/services/clock/samv71/sysclk.o
 .debug_macro   0x00015f93       0x16 src/ASF/common/services/clock/samv71/sysclk.o
 .debug_macro   0x00015fa9       0x52 src/ASF/common/services/clock/samv71/sysclk.o
 .debug_macro   0x00015ffb       0x2e src/ASF/common/services/clock/samv71/sysclk.o
 .debug_macro   0x00016029      0x1b3 src/ASF/common/services/clock/samv71/sysclk.o
 .debug_macro   0x000161dc      0x1b3 src/ASF/common/services/clock/samv71/sysclk.o
 .debug_macro   0x0001638f      0x1b3 src/ASF/common/services/clock/samv71/sysclk.o
 .debug_macro   0x00016542      0x1b3 src/ASF/common/services/clock/samv71/sysclk.o
 .debug_macro   0x000166f5      0x1b3 src/ASF/common/services/clock/samv71/sysclk.o
 .debug_macro   0x000168a8       0x1c src/ASF/common/services/clock/samv71/sysclk.o
 .debug_macro   0x000168c4       0x34 src/ASF/common/services/clock/samv71/sysclk.o
 .debug_macro   0x000168f8       0x22 src/ASF/common/services/clock/samv71/sysclk.o
 .debug_macro   0x0001691a       0x1c src/ASF/common/services/clock/samv71/sysclk.o
 .debug_macro   0x00016936       0x58 src/ASF/common/services/clock/samv71/sysclk.o
 .debug_macro   0x0001698e       0x10 src/ASF/common/services/clock/samv71/sysclk.o
 .debug_macro   0x0001699e       0x1c src/ASF/common/services/clock/samv71/sysclk.o
 .debug_macro   0x000169ba       0x52 src/ASF/common/services/clock/samv71/sysclk.o
 .debug_macro   0x00016a0c       0x52 src/ASF/common/services/clock/samv71/sysclk.o
 .debug_macro   0x00016a5e       0x52 src/ASF/common/services/clock/samv71/sysclk.o
 .debug_macro   0x00016ab0      0x345 src/ASF/common/services/clock/samv71/sysclk.o
 .debug_macro   0x00016df5     0x1073 src/ASF/common/services/clock/samv71/sysclk.o
 .debug_macro   0x00017e68      0x107 src/ASF/common/services/clock/samv71/sysclk.o
 .debug_macro   0x00017f6f       0x58 src/ASF/common/services/clock/samv71/sysclk.o
 .debug_macro   0x00017fc7       0x35 src/ASF/common/services/clock/samv71/sysclk.o
 .debug_macro   0x00017ffc       0x9c src/ASF/common/services/clock/samv71/sysclk.o
 .debug_macro   0x00018098       0x16 src/ASF/common/services/clock/samv71/sysclk.o
 .debug_macro   0x000180ae       0x35 src/ASF/common/services/clock/samv71/sysclk.o
 .debug_macro   0x000180e3      0x34d src/ASF/common/services/clock/samv71/sysclk.o
 .debug_macro   0x00018430       0x10 src/ASF/common/services/clock/samv71/sysclk.o
 .debug_macro   0x00018440       0x58 src/ASF/common/services/clock/samv71/sysclk.o
 .debug_macro   0x00018498       0x1f src/ASF/common/services/clock/samv71/sysclk.o
 .debug_macro   0x000184b7       0x43 src/ASF/common/services/clock/samv71/sysclk.o
 .debug_macro   0x000184fa       0x20 src/ASF/common/services/clock/samv71/sysclk.o
 .debug_macro   0x0001851a      0x187 src/ASF/common/services/clock/samv71/sysclk.o
 .debug_macro   0x000186a1       0x10 src/ASF/common/services/clock/samv71/sysclk.o
 .debug_macro   0x000186b1       0x1c src/ASF/common/services/clock/samv71/sysclk.o
 .debug_macro   0x000186cd       0x52 src/ASF/common/services/clock/samv71/sysclk.o
 .debug_macro   0x0001871f       0x40 src/ASF/common/services/clock/samv71/sysclk.o
 .debug_macro   0x0001875f       0x10 src/ASF/common/services/clock/samv71/sysclk.o
 .debug_macro   0x0001876f       0x40 src/ASF/common/services/clock/samv71/sysclk.o
 .debug_macro   0x000187af       0xd7 src/ASF/common/services/clock/samv71/sysclk.o
 .debug_macro   0x00018886       0x16 src/ASF/common/services/clock/samv71/sysclk.o
 .debug_macro   0x0001889c      0x18b src/ASF/common/services/clock/samv71/sysclk.o
 .debug_macro   0x00018a27       0x22 src/ASF/common/services/clock/samv71/sysclk.o
 .debug_macro   0x00018a49       0x16 src/ASF/common/services/clock/samv71/sysclk.o
 .debug_macro   0x00018a5f       0x16 src/ASF/common/services/clock/samv71/sysclk.o
 .debug_macro   0x00018a75       0x29 src/ASF/common/services/clock/samv71/sysclk.o
 .debug_macro   0x00018a9e       0x73 src/ASF/common/services/clock/samv71/sysclk.o
 .debug_macro   0x00018b11       0x3e src/ASF/common/services/clock/samv71/sysclk.o
 .debug_macro   0x00018b4f      0x3ca src/ASF/common/services/clock/samv71/sysclk.o
 .debug_macro   0x00018f19      0x2d9 src/ASF/common/services/clock/samv71/sysclk.o
 .debug_macro   0x000191f2      0xc89 src/ASF/common/services/clock/samv71/sysclk.o
 .debug_macro   0x00019e7b       0x70 src/ASF/common/services/clock/samv71/sysclk.o
 .debug_macro   0x00019eeb       0x64 src/ASF/common/services/clock/samv71/sysclk.o
 .debug_macro   0x00019f4f       0x5f src/ASF/common/services/clock/samv71/sysclk.o
 .debug_macro   0x00019fae       0xac src/ASF/common/services/clock/samv71/sysclk.o
 .debug_macro   0x0001a05a      0x6a1 src/ASF/common/utils/interrupt/interrupt_sam_nvic.o
 .debug_macro   0x0001a6fb      0x6a1 src/ASF/common/utils/stdio/read.o
 .debug_macro   0x0001ad9c      0x6a1 src/ASF/common/utils/stdio/write.o
 .debug_macro   0x0001b43d      0x758 src/ASF/sam/boards/samv71_xplained_ultra/init.o
 .debug_macro   0x0001bb95       0x22 src/ASF/sam/boards/samv71_xplained_ultra/init.o
 .debug_macro   0x0001bbb7       0x82 src/ASF/sam/boards/samv71_xplained_ultra/init.o
 .debug_macro   0x0001bc39       0x94 src/ASF/sam/boards/samv71_xplained_ultra/init.o
 .debug_macro   0x0001bccd      0x6b7 src/ASF/sam/drivers/pio/pio.o
 .debug_macro   0x0001c384       0x8e src/ASF/sam/drivers/pio/pio.o
 .debug_macro   0x0001c412      0x6c2 src/ASF/sam/drivers/pio/pio_handler.o
 .debug_macro   0x0001cad4      0x6b7 src/ASF/sam/drivers/pmc/pmc.o
 .debug_macro   0x0001d18b       0x6a src/ASF/sam/drivers/pmc/pmc.o
 .debug_macro   0x0001d1f5      0x6b1 src/ASF/sam/drivers/uart/uart.o
 .debug_macro   0x0001d8a6       0x16 src/ASF/sam/drivers/uart/uart.o
 .debug_macro   0x0001d8bc      0x6e7 src/ASF/sam/drivers/usart/usart.o
 .debug_macro   0x0001dfa3       0x28 src/ASF/sam/drivers/usart/usart.o
 .debug_macro   0x0001dfcb      0x6b0 src/ASF/sam/utils/cmsis/samv71/source/templates/gcc/startup_samv71.o
 .debug_macro   0x0001e67b       0x10 src/ASF/sam/utils/cmsis/samv71/source/templates/gcc/startup_samv71.o
 .debug_macro   0x0001e68b      0x49a src/ASF/sam/utils/cmsis/samv71/source/templates/system_samv71.o
 .debug_macro   0x0001eb25      0x1d6 src/ASF/sam/utils/syscalls/gcc/syscalls.o
 .debug_macro   0x0001ecfb       0x97 src/ASF/sam/utils/syscalls/gcc/syscalls.o
 .debug_macro   0x0001ed92      0x353 src/ASF/sam/utils/syscalls/gcc/syscalls.o
 .debug_macro   0x0001f0e5       0xf6 src/ASF/sam/utils/syscalls/gcc/syscalls.o
 .debug_macro   0x0001f1db       0x4c src/ASF/sam/utils/syscalls/gcc/syscalls.o
 .debug_macro   0x0001f227       0x16 src/ASF/sam/utils/syscalls/gcc/syscalls.o
 .debug_macro   0x0001f23d       0x10 src/ASF/sam/utils/syscalls/gcc/syscalls.o
 .debug_macro   0x0001f24d       0x10 src/ASF/sam/utils/syscalls/gcc/syscalls.o
 .debug_macro   0x0001f25d       0x35 src/ASF/sam/utils/syscalls/gcc/syscalls.o
 .debug_macro   0x0001f292      0x122 src/ASF/sam/utils/syscalls/gcc/syscalls.o
 .debug_macro   0x0001f3b4      0x7fa src/usart_rs485_example_canopus.o
 .debug_macro   0x0001fbae       0x40 src/usart_rs485_example_canopus.o
 .debug_macro   0x0001fbee      0x1cf src/usart_rs485_example_canopus.o
 .debug_macro   0x0001fdbd       0x16 src/usart_rs485_example_canopus.o
 .debug_macro   0x0001fdd3       0x1c src/usart_rs485_example_canopus.o

.debug_line     0x00000000     0xa3ed
 .debug_line    0x00000000      0xba0 src/ASF/common/services/clock/samv71/sysclk.o
 .debug_line    0x00000ba0      0xa41 src/ASF/common/utils/interrupt/interrupt_sam_nvic.o
 .debug_line    0x000015e1      0xa2c src/ASF/common/utils/stdio/read.o
 .debug_line    0x0000200d      0xa24 src/ASF/common/utils/stdio/write.o
 .debug_line    0x00002a31      0xc69 src/ASF/sam/boards/samv71_xplained_ultra/init.o
 .debug_line    0x0000369a      0xf28 src/ASF/sam/drivers/pio/pio.o
 .debug_line    0x000045c2      0xb10 src/ASF/sam/drivers/pio/pio_handler.o
 .debug_line    0x000050d2     0x10ec src/ASF/sam/drivers/pmc/pmc.o
 .debug_line    0x000061be      0xbbe src/ASF/sam/drivers/uart/uart.o
 .debug_line    0x00006d7c     0x10bb src/ASF/sam/drivers/usart/usart.o
 .debug_line    0x00007e37      0xab1 src/ASF/sam/utils/cmsis/samv71/source/templates/gcc/startup_samv71.o
 .debug_line    0x000088e8      0x82d src/ASF/sam/utils/cmsis/samv71/source/templates/system_samv71.o
 .debug_line    0x00009115      0x40b src/ASF/sam/utils/syscalls/gcc/syscalls.o
 .debug_line    0x00009520      0xecd src/usart_rs485_example_canopus.o

.debug_str      0x00000000    0x936d9
 .debug_str     0x00000000    0x8e363 src/ASF/common/services/clock/samv71/sysclk.o
                              0x8ea55 (size before relaxing)
 .debug_str     0x0008e363       0x94 src/ASF/common/utils/interrupt/interrupt_sam_nvic.o
                              0x89b84 (size before relaxing)
 .debug_str     0x0008e3f7       0x3f src/ASF/common/utils/stdio/read.o
                              0x89b2d (size before relaxing)
 .debug_str     0x0008e436       0x2e src/ASF/common/utils/stdio/write.o
                              0x89b2e (size before relaxing)
 .debug_str     0x0008e464      0xf66 src/ASF/sam/boards/samv71_xplained_ultra/init.o
                              0x8f5a8 (size before relaxing)
 .debug_str     0x0008f3ca      0x5ab src/ASF/sam/drivers/pio/pio.o
                              0x8a6e6 (size before relaxing)
 .debug_str     0x0008f975      0x4c2 src/ASF/sam/drivers/pio/pio_handler.o
                              0x8a8ca (size before relaxing)
 .debug_str     0x0008fe37      0x709 src/ASF/sam/drivers/pmc/pmc.o
                              0x8a8bc (size before relaxing)
 .debug_str     0x00090540      0x30e src/ASF/sam/drivers/uart/uart.o
                              0x89e4b (size before relaxing)
 .debug_str     0x0009084e      0xb49 src/ASF/sam/drivers/usart/usart.o
                              0x8a6bf (size before relaxing)
 .debug_str     0x00091397      0x771 src/ASF/sam/utils/cmsis/samv71/source/templates/gcc/startup_samv71.o
                              0x8a41f (size before relaxing)
 .debug_str     0x00091b08      0x122 src/ASF/sam/utils/cmsis/samv71/source/templates/system_samv71.o
                              0x79652 (size before relaxing)
 .debug_str     0x00091c2a      0x787 src/ASF/sam/utils/syscalls/gcc/syscalls.o
                               0x7445 (size before relaxing)
 .debug_str     0x000923b1     0x1328 src/usart_rs485_example_canopus.o
                              0x903c6 (size before relaxing)

.debug_frame    0x00000000     0x2668
 .debug_frame   0x00000000       0x88 src/ASF/common/services/clock/samv71/sysclk.o
 .debug_frame   0x00000088       0x30 src/ASF/common/utils/interrupt/interrupt_sam_nvic.o
 .debug_frame   0x000000b8       0x30 src/ASF/common/utils/stdio/read.o
 .debug_frame   0x000000e8       0x48 src/ASF/common/utils/stdio/write.o
 .debug_frame   0x00000130       0x28 src/ASF/sam/boards/samv71_xplained_ultra/init.o
 .debug_frame   0x00000158      0x390 src/ASF/sam/drivers/pio/pio.o
 .debug_frame   0x000004e8      0x110 src/ASF/sam/drivers/pio/pio_handler.o
 .debug_frame   0x000005f8      0x4ec src/ASF/sam/drivers/pmc/pmc.o
 .debug_frame   0x00000ae4      0x19c src/ASF/sam/drivers/uart/uart.o
 .debug_frame   0x00000c80      0x5c0 src/ASF/sam/drivers/usart/usart.o
 .debug_frame   0x00001240       0x38 src/ASF/sam/utils/cmsis/samv71/source/templates/gcc/startup_samv71.o
 .debug_frame   0x00001278       0x40 src/ASF/sam/utils/cmsis/samv71/source/templates/system_samv71.o
 .debug_frame   0x000012b8       0xa0 src/ASF/sam/utils/syscalls/gcc/syscalls.o
 .debug_frame   0x00001358       0x70 src/usart_rs485_example_canopus.o
 .debug_frame   0x000013c8       0x2c c:/program files (x86)/atmel/studio/7.0/toolchain/arm/arm-gnu-toolchain/bin/../lib/gcc/arm-none-eabi/6.3.1/../../../../arm-none-eabi/lib/thumb/v7e-m\libc.a(lib_a-init.o)
 .debug_frame   0x000013f4       0x74 c:/program files (x86)/atmel/studio/7.0/toolchain/arm/arm-gnu-toolchain/bin/../lib/gcc/arm-none-eabi/6.3.1/../../../../arm-none-eabi/lib/thumb/v7e-m\libc.a(lib_a-iprintf.o)
 .debug_frame   0x00001468       0x74 c:/program files (x86)/atmel/studio/7.0/toolchain/arm/arm-gnu-toolchain/bin/../lib/gcc/arm-none-eabi/6.3.1/../../../../arm-none-eabi/lib/thumb/v7e-m\libc.a(lib_a-iscanf.o)
 .debug_frame   0x000014dc       0x34 c:/program files (x86)/atmel/studio/7.0/toolchain/arm/arm-gnu-toolchain/bin/../lib/gcc/arm-none-eabi/6.3.1/../../../../arm-none-eabi/lib/thumb/v7e-m\libc.a(lib_a-memset.o)
 .debug_frame   0x00001510       0x20 c:/program files (x86)/atmel/studio/7.0/toolchain/arm/arm-gnu-toolchain/bin/../lib/gcc/arm-none-eabi/6.3.1/../../../../arm-none-eabi/lib/thumb/v7e-m\libc.a(lib_a-setbuf.o)
 .debug_frame   0x00001530       0x48 c:/program files (x86)/atmel/studio/7.0/toolchain/arm/arm-gnu-toolchain/bin/../lib/gcc/arm-none-eabi/6.3.1/../../../../arm-none-eabi/lib/thumb/v7e-m\libc.a(lib_a-setvbuf.o)
 .debug_frame   0x00001578       0xd8 c:/program files (x86)/atmel/studio/7.0/toolchain/arm/arm-gnu-toolchain/bin/../lib/gcc/arm-none-eabi/6.3.1/../../../../arm-none-eabi/lib/thumb/v7e-m\libc.a(lib_a-vfiprintf.o)
 .debug_frame   0x00001650       0xbc c:/program files (x86)/atmel/studio/7.0/toolchain/arm/arm-gnu-toolchain/bin/../lib/gcc/arm-none-eabi/6.3.1/../../../../arm-none-eabi/lib/thumb/v7e-m\libc.a(lib_a-vfiscanf.o)
 .debug_frame   0x0000170c       0x2c c:/program files (x86)/atmel/studio/7.0/toolchain/arm/arm-gnu-toolchain/bin/../lib/gcc/arm-none-eabi/6.3.1/../../../../arm-none-eabi/lib/thumb/v7e-m\libc.a(lib_a-wsetup.o)
 .debug_frame   0x00001738       0x5c c:/program files (x86)/atmel/studio/7.0/toolchain/arm/arm-gnu-toolchain/bin/../lib/gcc/arm-none-eabi/6.3.1/../../../../arm-none-eabi/lib/thumb/v7e-m\libc.a(lib_a-__call_atexit.o)