Archive member included to satisfy reference by file (symbol)

c:/program files (x86)/atmel/studio/7.0/toolchain/arm/arm-gnu-toolchain/bin/../lib/gcc/arm-none-eabi/6.3.1/../../../../arm-none-eabi/lib/thumb/v7e-m\libc.a(lib_a-exit.o)
                              c:/program files (x86)/atmel/studio/7.0/toolchain/arm/arm-gnu-toolchain/bin/../lib/gcc/arm-none-eabi/6.3.1/../../../../arm-none-eabi/lib/thumb/v7e-m/crt0.o (exit)
c:/program files (x86)/atmel/studio/7.0/toolchain/arm/arm-gnu-toolchain/bin/../lib/gcc/arm-none-eabi/6.3.1/../../../../arm-none-eabi/lib/thumb/v7e-m\libc.a(lib_a-impure.o)
                              c:/program files (x86)/atmel/studio/7.0/toolchain/arm/arm-gnu-toolchain/bin/../lib/gcc/arm-none-eabi/6.3.1/../../../../arm-none-eabi/lib/thumb/v7e-m\libc.a(lib_a-exit.o) (_global_impure_ptr)
c:/program files (x86)/atmel/studio/7.0/toolchain/arm/arm-gnu-toolchain/bin/../lib/gcc/arm-none-eabi/6.3.1/../../../../arm-none-eabi/lib/thumb/v7e-m\libc.a(lib_a-init.o)
                              c:/program files (x86)/atmel/studio/7.0/toolchain/arm/arm-gnu-toolchain/bin/../lib/gcc/arm-none-eabi/6.3.1/../../../../arm-none-eabi/lib/thumb/v7e-m/crt0.o (__libc_init_array)
c:/program files (x86)/atmel/studio/7.0/toolchain/arm/arm-gnu-toolchain/bin/../lib/gcc/arm-none-eabi/6.3.1/../../../../arm-none-eabi/lib/thumb/v7e-m\libc.a(lib_a-iprintf.o)
                              src/aes_example.o (iprintf)
c:/program files (x86)/atmel/studio/7.0/toolchain/arm/arm-gnu-toolchain/bin/../lib/gcc/arm-none-eabi/6.3.1/../../../../arm-none-eabi/lib/thumb/v7e-m\libc.a(lib_a-iscanf.o)
                              src/aes_example.o (iscanf)
c:/program files (x86)/atmel/studio/7.0/toolchain/arm/arm-gnu-toolchain/bin/../lib/gcc/arm-none-eabi/6.3.1/../../../../arm-none-eabi/lib/thumb/v7e-m\libc.a(lib_a-memset.o)
                              c:/program files (x86)/atmel/studio/7.0/toolchain/arm/arm-gnu-toolchain/bin/../lib/gcc/arm-none-eabi/6.3.1/../../../../arm-none-eabi/lib/thumb/v7e-m/crt0.o (memset)
c:/program files (x86)/atmel/studio/7.0/toolchain/arm/arm-gnu-toolchain/bin/../lib/gcc/arm-none-eabi/6.3.1/../../../../arm-none-eabi/lib/thumb/v7e-m\libc.a(lib_a-setbuf.o)
                              src/aes_example.o (setbuf)
c:/program files (x86)/atmel/studio/7.0/toolchain/arm/arm-gnu-toolchain/bin/../lib/gcc/arm-none-eabi/6.3.1/../../../../arm-none-eabi/lib/thumb/v7e-m\libc.a(lib_a-setvbuf.o)
                              c:/program files (x86)/atmel/studio/7.0/toolchain/arm/arm-gnu-toolchain/bin/../lib/gcc/arm-none-eabi/6.3.1/../../../../arm-none-eabi/lib/thumb/v7e-m\libc.a(lib_a-setbuf.o) (setvbuf)
c:/program files (x86)/atmel/studio/7.0/toolchain/arm/arm-gnu-toolchain/bin/../lib/gcc/arm-none-eabi/6.3.1/../../../../arm-none-eabi/lib/thumb/v7e-m\libc.a(lib_a-strlen.o)
                              src/aes_example.o (strlen)
c:/program files (x86)/atmel/studio/7.0/toolchain/arm/arm-gnu-toolchain/bin/../lib/gcc/arm-none-eabi/6.3.1/../../../../arm-none-eabi/lib/thumb/v7e-m\libc.a(lib_a-vfiprintf.o)
                              c:/program files (x86)/atmel/studio/7.0/toolchain/arm/arm-gnu-toolchain/bin/../lib/gcc/arm-none-eabi/6.3.1/../../../../arm-none-eabi/lib/thumb/v7e-m\libc.a(lib_a-iprintf.o) (_vfiprintf_r)
c:/program files (x86)/atmel/studio/7.0/toolchain/arm/arm-gnu-toolchain/bin/../lib/gcc/arm-none-eabi/6.3.1/../../../../arm-none-eabi/lib/thumb/v7e-m\libc.a(lib_a-vfiscanf.o)
                              c:/program files (x86)/atmel/studio/7.0/toolchain/arm/arm-gnu-toolchain/bin/../lib/gcc/arm-none-eabi/6.3.1/../../../../arm-none-eabi/lib/thumb/v7e-m\libc.a(lib_a-iscanf.o) (__svfiscanf_r)
c:/program files (x86)/atmel/studio/7.0/toolchain/arm/arm-gnu-toolchain/bin/../lib/gcc/arm-none-eabi/6.3.1/../../../../arm-none-eabi/lib/thumb/v7e-m\libc.a(lib_a-wsetup.o)
                              c:/program files (x86)/atmel/studio/7.0/toolchain/arm/arm-gnu-toolchain/bin/../lib/gcc/arm-none-eabi/6.3.1/../../../../arm-none-eabi/lib/thumb/v7e-m\libc.a(lib_a-vfiprintf.o) (__swsetup_r)
c:/program files (x86)/atmel/studio/7.0/toolchain/arm/arm-gnu-toolchain/bin/../lib/gcc/arm-none-eabi/6.3.1/../../../../arm-none-eabi/lib/thumb/v7e-m\libc.a(lib_a-__call_atexit.o)
                              c:/program files (x86)/atmel/studio/7.0/toolchain/arm/arm-gnu-toolchain/bin/../lib/gcc/arm-none-eabi/6.3.1/../../../../arm-none-eabi/lib/thumb/v7e-m\libc.a(lib_a-exit.o) (__call_exitprocs)
c:/program files (x86)/atmel/studio/7.0/toolchain/arm/arm-gnu-toolchain/bin/../lib/gcc/arm-none-eabi/6.3.1/../../../../arm-none-eabi/lib/thumb/v7e-m\libc.a(lib_a-atexit.o)
                              c:/program files (x86)/atmel/studio/7.0/toolchain/arm/arm-gnu-toolchain/bin/../lib/gcc/arm-none-eabi/6.3.1/../../../../arm-none-eabi/lib/thumb/v7e-m\libc.a(lib_a-__call_atexit.o) (atexit)
[...]
Memory Configuration

Name             Origin             Length             Attributes
rom              0x00400000         0x00200000         xr
ram              0x20400000         0x00060000         xrw
*default*        0x00000000         0xffffffff

Linker script and memory map

LOAD c:/program files (x86)/atmel/studio/7.0/toolchain/arm/arm-gnu-toolchain/bin/../lib/gcc/arm-none-eabi/6.3.1/thumb/v7e-m/crti.o
LOAD c:/program files (x86)/atmel/studio/7.0/toolchain/arm/arm-gnu-toolchain/bin/../lib/gcc/arm-none-eabi/6.3.1/thumb/v7e-m/crtbegin.o
LOAD c:/program files (x86)/atmel/studio/7.0/toolchain/arm/arm-gnu-toolchain/bin/../lib/gcc/arm-none-eabi/6.3.1/../../../../arm-none-eabi/lib/thumb/v7e-m/crt0.o
LOAD src/aes_example.o
LOAD src/ASF/common/services/clock/samv71/sysclk.o
LOAD src/ASF/common/services/serial/usart_serial.o
LOAD src/ASF/common/services/sleepmgr/sam/sleepmgr.o
LOAD src/ASF/common/utils/interrupt/interrupt_sam_nvic.o
LOAD src/ASF/common/utils/stdio/read.o
LOAD src/ASF/common/utils/stdio/write.o
LOAD src/ASF/sam/boards/samv71_xplained_ultra/init.o
LOAD src/ASF/sam/drivers/aes/aes.o
LOAD src/ASF/sam/drivers/mpu/mpu.o
LOAD src/ASF/sam/drivers/pio/pio.o
LOAD src/ASF/sam/drivers/pio/pio_handler.o
LOAD src/ASF/sam/drivers/pmc/pmc.o
LOAD src/ASF/sam/drivers/pmc/sleep.o
LOAD src/ASF/sam/drivers/uart/uart.o
LOAD src/ASF/sam/drivers/usart/usart.o
LOAD src/ASF/sam/utils/cmsis/samv71/source/templates/gcc/startup_samv71.o
LOAD src/ASF/sam/utils/cmsis/samv71/source/templates/system_samv71.o
LOAD src/ASF/sam/utils/syscalls/gcc/syscalls.o
START GROUP
LOAD ../src/ASF/thirdparty/CMSIS/Lib/GCC\libarm_cortexM7lfsp_math_softfp.a
LOAD c:/program files (x86)/atmel/studio/7.0/toolchain/arm/arm-gnu-toolchain/bin/../lib/gcc/arm-none-eabi/6.3.1/../../../../arm-none-eabi/lib/thumb/v7e-m\libm.a
END GROUP
START GROUP
LOAD c:/program files (x86)/atmel/studio/7.0/toolchain/arm/arm-gnu-toolchain/bin/../lib/gcc/arm-none-eabi/6.3.1/thumb/v7e-m\libgcc.a
LOAD c:/program files (x86)/atmel/studio/7.0/toolchain/arm/arm-gnu-toolchain/bin/../lib/gcc/arm-none-eabi/6.3.1/../../../../arm-none-eabi/lib/thumb/v7e-m\libc.a
END GROUP
LOAD c:/program files (x86)/atmel/studio/7.0/toolchain/arm/arm-gnu-toolchain/bin/../lib/gcc/arm-none-eabi/6.3.1/thumb/v7e-m/crtend.o
LOAD c:/program files (x86)/atmel/studio/7.0/toolchain/arm/arm-gnu-toolchain/bin/../lib/gcc/arm-none-eabi/6.3.1/thumb/v7e-m/crtn.o
                0x00002000                STACK_SIZE = DEFINED (STACK_SIZE)?STACK_SIZE:0x2000
                0x2045fffc                __ram_end__ = ((ORIGIN (ram) + LENGTH (ram)) - 0x4)
                0x00000200                HEAP_SIZE = DEFINED (HEAP_SIZE)?HEAP_SIZE:0x200

.text           0x00400000     0x582c
                0x00400000                . = ALIGN (0x4)
                0x00400000                _sfixed = .
 *(.vectors .vectors.*)
 .vectors       0x00400000      0x168 src/ASF/sam/utils/cmsis/samv71/source/templates/gcc/startup_samv71.o
                0x00400000                exception_table
 *(.text .text.* .gnu.linkonce.t.*)
 .text          0x00400168       0x6c c:/program files (x86)/atmel/studio/7.0/toolchain/arm/arm-gnu-toolchain/bin/../lib/gcc/arm-none-eabi/6.3.1/thumb/v7e-m/crtbegin.o
 .text.usart_serial_getchar
                0x004001d4       0xdc src/aes_example.o
 .text.usart_serial_putchar
                0x004002b0       0xd4 src/aes_example.o
 .text.configure_usart
                0x00400384       0x94 src/aes_example.o
                0x00400384                configure_usart
 .text.configure_aes
                0x00400418       0x48 src/aes_example.o
                0x00400418                configure_aes
 .text.encrypt_data
                0x00400460       0x30 src/aes_example.o
                0x00400460                encrypt_data
 .text.decrypt_data
                0x00400490       0x30 src/aes_example.o
                0x00400490                decrypt_data
 .text.print_hex
                0x004004c0       0x64 src/aes_example.o
                0x004004c0                print_hex
 .text.main     0x00400524       0xac src/aes_example.o
                0x00400524                main
 .text.sysclk_init
                0x004005d0       0x70 src/ASF/common/services/clock/samv71/sysclk.o
                0x004005d0                sysclk_init
 .text._read    0x00400640       0x3c src/ASF/common/utils/stdio/read.o
                0x00400640                _read
 .text._write   0x0040067c       0x50 src/ASF/common/utils/stdio/write.o
                0x0040067c                _write
 .text.board_init
                0x004006cc      0x19c src/ASF/sam/boards/samv71_xplained_ultra/init.o
                0x004006cc                board_init
 .text.aes_get_config_defaults
                0x00400868       0x16 src/ASF/sam/drivers/aes/aes.o
                0x00400868                aes_get_config_defaults
 .text.aes_set_config
                0x0040087e       0x54 src/ASF/sam/drivers/aes/aes.o
                0x0040087e                aes_set_config
 *fill*         0x004008d2        0x2 
 .text.aes_init
                0x004008d4       0x30 src/ASF/sam/drivers/aes/aes.o
                0x004008d4                aes_init
 .text.aes_write_key
                0x00400904       0x34 src/ASF/sam/drivers/aes/aes.o
                0x00400904                aes_write_key
 .text.aes_write_input_data
                0x00400938       0x1c src/ASF/sam/drivers/aes/aes.o
                0x00400938                aes_write_input_data
 .text.aes_read_output_data
                0x00400954       0x16 src/ASF/sam/drivers/aes/aes.o
                0x00400954                aes_read_output_data
 *fill*         0x0040096a        0x2 
 .text.AES_Handler
                0x0040096c       0x50 src/ASF/sam/drivers/aes/aes.o
                0x0040096c                AES_Handler
 .text.pio_get_interrupt_status
                0x004009bc        0x4 src/ASF/sam/drivers/pio/pio.o
                0x004009bc                pio_get_interrupt_status
 .text.pio_get_interrupt_mask
                0x004009c0        0x4 src/ASF/sam/drivers/pio/pio.o
                0x004009c0                pio_get_interrupt_mask
 .text.pio_handler_process
                0x004009c4       0x50 src/ASF/sam/drivers/pio/pio_handler.o
                0x004009c4                pio_handler_process
 .text.PIOA_Handler
                0x00400a14       0x14 src/ASF/sam/drivers/pio/pio_handler.o
                0x00400a14                PIOA_Handler
 .text.PIOB_Handler
                0x00400a28       0x14 src/ASF/sam/drivers/pio/pio_handler.o
                0x00400a28                PIOB_Handler
 .text.PIOC_Handler
                0x00400a3c       0x14 src/ASF/sam/drivers/pio/pio_handler.o
                0x00400a3c                PIOC_Handler
 .text.PIOD_Handler
                0x00400a50       0x14 src/ASF/sam/drivers/pio/pio_handler.o
                0x00400a50                PIOD_Handler
 .text.PIOE_Handler
                0x00400a64       0x14 src/ASF/sam/drivers/pio/pio_handler.o
                0x00400a64                PIOE_Handler
 .text.pmc_mck_set_division
                0x00400a78       0x38 src/ASF/sam/drivers/pmc/pmc.o
                0x00400a78                pmc_mck_set_division
 .text.pmc_switch_mck_to_pllack
                0x00400ab0       0x64 src/ASF/sam/drivers/pmc/pmc.o
                0x00400ab0                pmc_switch_mck_to_pllack
 .text.pmc_switch_mainck_to_xtal
                0x00400b14       0x54 src/ASF/sam/drivers/pmc/pmc.o
                0x00400b14                pmc_switch_mainck_to_xtal
 .text.pmc_osc_is_ready_mainck
                0x00400b68       0x10 src/ASF/sam/drivers/pmc/pmc.o
                0x00400b68                pmc_osc_is_ready_mainck
 .text.pmc_disable_pllack
                0x00400b78       0x10 src/ASF/sam/drivers/pmc/pmc.o
                0x00400b78                pmc_disable_pllack
 .text.pmc_is_locked_pllack
                0x00400b88       0x10 src/ASF/sam/drivers/pmc/pmc.o
                0x00400b88                pmc_is_locked_pllack
 .text.pmc_enable_periph_clk
                0x00400b98       0x20 src/ASF/sam/drivers/pmc/pmc.o
                0x00400b98                pmc_enable_periph_clk
 .text.pmc_disable_periph_clk
                0x00400bb8       0x20 src/ASF/sam/drivers/pmc/pmc.o
                0x00400bb8                pmc_disable_periph_clk
 .text.uart_write
                0x00400bd8       0x12 src/ASF/sam/drivers/uart/uart.o
                0x00400bd8                uart_write
 .text.uart_read
                0x00400bea       0x14 src/ASF/sam/drivers/uart/uart.o
                0x00400bea                uart_read
 .text.usart_set_async_baudrate
                0x00400bfe       0x5a src/ASF/sam/drivers/usart/usart.o
                0x00400bfe                usart_set_async_baudrate
 .text.usart_reset
                0x00400c58       0x28 src/ASF/sam/drivers/usart/usart.o
                0x00400c58                usart_reset
 .text.usart_init_rs232
                0x00400c80       0x54 src/ASF/sam/drivers/usart/usart.o
                0x00400c80                usart_init_rs232
 .text.usart_enable_tx
                0x00400cd4        0x6 src/ASF/sam/drivers/usart/usart.o
                0x00400cd4                usart_enable_tx
 .text.usart_enable_rx
                0x00400cda        0x6 src/ASF/sam/drivers/usart/usart.o
                0x00400cda                usart_enable_rx
 .text.usart_write
                0x00400ce0       0x16 src/ASF/sam/drivers/usart/usart.o
                0x00400ce0                usart_write
 .text.usart_read
                0x00400cf6       0x18 src/ASF/sam/drivers/usart/usart.o
                0x00400cf6                usart_read
 .text.Dummy_Handler
                0x00400d0e        0x2 src/ASF/sam/utils/cmsis/samv71/source/templates/gcc/startup_samv71.o
                0x00400d0e                DACC_Handler
                0x00400d0e                DebugMon_Handler
                0x00400d0e                UART3_Handler
                0x00400d0e                UART2_Handler
                0x00400d0e                TRNG_Handler
                0x00400d0e                HardFault_Handler
                0x00400d0e                TC2_Handler
                0x00400d0e                SysTick_Handler
                0x00400d0e                AFEC1_Handler
                0x00400d0e                PendSV_Handler
                0x00400d0e                NMI_Handler
                0x00400d0e                TC7_Handler
                0x00400d0e                QSPI_Handler
                0x00400d0e                ISI_Handler
                0x00400d0e                MCAN0_INT0_Handler
                0x00400d0e                TC9_Handler
                0x00400d0e                RSWDT_Handler
                0x00400d0e                USART0_Handler
                0x00400d0e                RTT_Handler
                0x00400d0e                USBHS_Handler
                0x00400d0e                IXC_Handler
                0x00400d0e                CCF_Handler
                0x00400d0e                RTC_Handler
                0x00400d0e                UsageFault_Handler
                0x00400d0e                TC6_Handler
                0x00400d0e                WDT_Handler
                0x00400d0e                MCAN1_INT1_Handler
                0x00400d0e                TC4_Handler
                0x00400d0e                TC1_Handler
                0x00400d0e                HSMCI_Handler
                0x00400d0e                UART1_Handler
                0x00400d0e                TC3_Handler
                0x00400d0e                Dummy_Handler
                0x00400d0e                TWIHS1_Handler
                0x00400d0e                XDMAC_Handler
                0x00400d0e                UART4_Handler
                0x00400d0e                PWM1_Handler
                0x00400d0e                USART1_Handler
                0x00400d0e                PWM0_Handler
                0x00400d0e                AFEC0_Handler
                0x00400d0e                CCW_Handler
                0x00400d0e                SSC_Handler
                0x00400d0e                TC11_Handler
                0x00400d0e                ACC_Handler
                0x00400d0e                PMC_Handler
                0x00400d0e                GMAC_Handler
                0x00400d0e                MCAN0_INT1_Handler
                0x00400d0e                GMAC_Q5_Handler
                0x00400d0e                MemManage_Handler
                0x00400d0e                SUPC_Handler
                0x00400d0e                SVC_Handler
                0x00400d0e                TC8_Handler
                0x00400d0e                MCAN1_INT0_Handler
                0x00400d0e                EFC_Handler
                0x00400d0e                GMAC_Q1_Handler
                0x00400d0e                USART2_Handler
                0x00400d0e                SDRAMC_Handler
                0x00400d0e                GMAC_Q2_Handler
                0x00400d0e                SPI1_Handler
                0x00400d0e                TC10_Handler
                0x00400d0e                GMAC_Q3_Handler
                0x00400d0e                TWIHS2_Handler
                0x00400d0e                MLB_Handler
                0x00400d0e                I2SC0_Handler
                0x00400d0e                UART0_Handler
                0x00400d0e                I2SC1_Handler
                0x00400d0e                GMAC_Q4_Handler
                0x00400d0e                FPU_Handler
                0x00400d0e                BusFault_Handler
                0x00400d0e                RSTC_Handler
                0x00400d0e                TC0_Handler
                0x00400d0e                TC5_Handler
                0x00400d0e                ICM_Handler
                0x00400d0e                TWIHS0_Handler
                0x00400d0e                SPI0_Handler
 .text.Reset_Handler
                0x00400d10       0xc8 src/ASF/sam/utils/cmsis/samv71/source/templates/gcc/startup_samv71.o
                0x00400d10                Reset_Handler
 .text.SystemCoreClockUpdate
                0x00400dd8      0x10c src/ASF/sam/utils/cmsis/samv71/source/templates/system_samv71.o
                0x00400dd8                SystemCoreClockUpdate
 .text.system_init_flash
                0x00400ee4       0x8c src/ASF/sam/utils/cmsis/samv71/source/templates/system_samv71.o
                0x00400ee4                system_init_flash
 .text._sbrk    0x00400f70       0x38 src/ASF/sam/utils/syscalls/gcc/syscalls.o
                0x00400f70                _sbrk
 .text._close   0x00400fa8        0x6 src/ASF/sam/utils/syscalls/gcc/syscalls.o
                0x00400fa8                _close
 .text._fstat   0x00400fae        0xa src/ASF/sam/utils/syscalls/gcc/syscalls.o
                0x00400fae                _fstat
 .text._isatty  0x00400fb8        0x4 src/ASF/sam/utils/syscalls/gcc/syscalls.o
                0x00400fb8                _isatty
 .text._lseek   0x00400fbc        0x4 src/ASF/sam/utils/syscalls/gcc/syscalls.o
                0x00400fbc                _lseek
 .text.__libc_init_array
                0x00400fc0       0x50 c:/program files (x86)/atmel/studio/7.0/toolchain/arm/arm-gnu-toolchain/bin/../lib/gcc/arm-none-eabi/6.3.1/../../../../arm-none-eabi/lib/thumb/v7e-m\libc.a(lib_a-init.o)
                0x00400fc0                __libc_init_array
 .text.iprintf  0x00401010       0x28 c:/program files (x86)/atmel/studio/7.0/toolchain/arm/arm-gnu-toolchain/bin/../lib/gcc/arm-none-eabi/6.3.1/../../../../arm-none-eabi/lib/thumb/v7e-m\libc.a(lib_a-iprintf.o)
                0x00401010                iprintf
 .text.iscanf   0x00401038       0x28 c:/program files (x86)/atmel/studio/7.0/toolchain/arm/arm-gnu-toolchain/bin/../lib/gcc/arm-none-eabi/6.3.1/../../../../arm-none-eabi/lib/thumb/v7e-m\libc.a(lib_a-iscanf.o)
                0x00401038                iscanf
 .text.memset   0x00401060       0x9c c:/program files (x86)/atmel/studio/7.0/toolchain/arm/arm-gnu-toolchain/bin/../lib/gcc/arm-none-eabi/6.3.1/../../../../arm-none-eabi/lib/thumb/v7e-m\libc.a(lib_a-memset.o)
                0x00401060                memset
 .text.setbuf   0x004010fc       0x10 c:/program files (x86)/atmel/studio/7.0/toolchain/arm/arm-gnu-toolchain/bin/../lib/gcc/arm-none-eabi/6.3.1/../../../../arm-none-eabi/lib/thumb/v7e-m\libc.a(lib_a-setbuf.o)
                0x004010fc                setbuf
 .text.setvbuf  0x0040110c      0x190 c:/program files (x86)/atmel/studio/7.0/toolchain/arm/arm-gnu-toolchain/bin/../lib/gcc/arm-none-eabi/6.3.1/../../../../arm-none-eabi/lib/thumb/v7e-m\libc.a(lib_a-setvbuf.o)
                0x0040110c                setvbuf
 *fill*         0x0040129c       0x24 
 .text          0x004012c0       0xdc c:/program files (x86)/atmel/studio/7.0/toolchain/arm/arm-gnu-toolchain/bin/../lib/gcc/arm-none-eabi/6.3.1/../../../../arm-none-eabi/lib/thumb/v7e-m\libc.a(lib_a-strlen.o)
                0x004012c0                strlen
 .text.__sprint_r.part.0
                0x0040139c       0x80 c:/program files (x86)/atmel/studio/7.0/toolchain/arm/arm-gnu-toolchain/bin/../lib/gcc/arm-none-eabi/6.3.1/../../../../arm-none-eabi/lib/thumb/v7e-m\libc.a(lib_a-vfiprintf.o)
 .text._vfiprintf_r
                0x0040141c      0xc90 c:/program files (x86)/atmel/studio/7.0/toolchain/arm/arm-gnu-toolchain/bin/../lib/gcc/arm-none-eabi/6.3.1/../../../../arm-none-eabi/lib/thumb/v7e-m\libc.a(lib_a-vfiprintf.o)
                0x0040141c                _vfiprintf_r
 .text.__sbprintf
                0x004020ac       0x84 c:/program files (x86)/atmel/studio/7.0/toolchain/arm/arm-gnu-toolchain/bin/../lib/gcc/arm-none-eabi/6.3.1/../../../../arm-none-eabi/lib/thumb/v7e-m\libc.a(lib_a-vfiprintf.o)
 .text.__svfiscanf_r
                0x00402130      0xa14 c:/program files (x86)/atmel/studio/7.0/toolchain/arm/arm-gnu-toolchain/bin/../lib/gcc/arm-none-eabi/6.3.1/../../../../arm-none-eabi/lib/thumb/v7e-m\libc.a(lib_a-vfiscanf.o)
                0x00402130                __svfiscanf_r
 .text.__swsetup_r
                0x00402b44       0xc8 c:/program files (x86)/atmel/studio/7.0/toolchain/arm/arm-gnu-toolchain/bin/../lib/gcc/arm-none-eabi/6.3.1/../../../../arm-none-eabi/lib/thumb/v7e-m\libc.a(lib_a-wsetup.o)
                0x00402b44                __swsetup_r
 .text.startup.register_fini
                0x00402c0c       0x14 c:/program files (x86)/atmel/studio/7.0/toolchain/arm/arm-gnu-toolchain/bin/../lib/gcc/arm-none-eabi/6.3.1/../../../../arm-none-eabi/lib/thumb/v7e-m\libc.a(lib_a-__call_atexit.o)
 .text.atexit   0x00402c20        0xc c:/program files (x86)/atmel/studio/7.0/toolchain/arm/arm-gnu-toolchain/bin/../lib/gcc/arm-none-eabi/6.3.1/../../../../arm-none-eabi/lib/thumb/v7e-m\libc.a(lib_a-atexit.o)
                0x00402c20                atexit
 .text.__sflush_r
                0x00402c2c      0x140 c:/program files (x86)/atmel/studio/7.0/toolchain/arm/arm-gnu-toolchain/bin/../lib/gcc/arm-none-eabi/6.3.1/../../../../arm-none-eabi/lib/thumb/v7e-m\libc.a(lib_a-fflush.o)
                0x00402c2c                __sflush_r
 .text._fflush_r
                0x00402d6c       0x54 c:/program files (x86)/atmel/studio/7.0/toolchain/arm/arm-gnu-toolchain/bin/../lib/gcc/arm-none-eabi/6.3.1/../../../../arm-none-eabi/lib/thumb/v7e-m\libc.a(lib_a-fflush.o)
                0x00402d6c                _fflush_r
 .text.fflush   0x00402dc0       0x24 c:/program files (x86)/atmel/studio/7.0/toolchain/arm/arm-gnu-toolchain/bin/../lib/gcc/arm-none-eabi/6.3.1/../../../../arm-none-eabi/lib/thumb/v7e-m\libc.a(lib_a-fflush.o)
                0x00402dc0                fflush
 .text._cleanup_r
                0x00402de4        0xc c:/program files (x86)/atmel/studio/7.0/toolchain/arm/arm-gnu-toolchain/bin/../lib/gcc/arm-none-eabi/6.3.1/../../../../arm-none-eabi/lib/thumb/v7e-m\libc.a(lib_a-findfp.o)
                0x00402de4                _cleanup_r
 .text.std.isra.0
                0x00402df0       0x50 c:/program files (x86)/atmel/studio/7.0/toolchain/arm/arm-gnu-toolchain/bin/../lib/gcc/arm-none-eabi/6.3.1/../../../../arm-none-eabi/lib/thumb/v7e-m\libc.a(lib_a-findfp.o)
 .text.__sinit  0x00402e40       0x58 c:/program files (x86)/atmel/studio/7.0/toolchain/arm/arm-gnu-toolchain/bin/../lib/gcc/arm-none-eabi/6.3.1/../../../../arm-none-eabi/lib/thumb/v7e-m\libc.a(lib_a-findfp.o)
                0x00402e40                __sinit
 .text.__sfp_lock_acquire
                0x00402e98        0xc c:/program files (x86)/atmel/studio/7.0/toolchain/arm/arm-gnu-toolchain/bin/../lib/gcc/arm-none-eabi/6.3.1/../../../../arm-none-eabi/lib/thumb/v7e-m\libc.a(lib_a-findfp.o)
                0x00402e98                __sfp_lock_acquire
 .text.__sfp_lock_release
                0x00402ea4        0xc c:/program files (x86)/atmel/studio/7.0/toolchain/arm/arm-gnu-toolchain/bin/../lib/gcc/arm-none-eabi/6.3.1/../../../../arm-none-eabi/lib/thumb/v7e-m\libc.a(lib_a-findfp.o)
                0x00402ea4                __sfp_lock_release
 .text.__libc_fini_array
                0x00402eb0       0x34 c:/program files (x86)/atmel/studio/7.0/toolchain/arm/arm-gnu-toolchain/bin/../lib/gcc/arm-none-eabi/6.3.1/../../../../arm-none-eabi/lib/thumb/v7e-m\libc.a(lib_a-fini.o)
                0x00402eb0                __libc_fini_array
 .text.__fputwc
                0x00402ee4       0xa0 c:/program files (x86)/atmel/studio/7.0/toolchain/arm/arm-gnu-toolchain/bin/../lib/gcc/arm-none-eabi/6.3.1/../../../../arm-none-eabi/lib/thumb/v7e-m\libc.a(lib_a-fputwc.o)
                0x00402ee4                __fputwc
 .text._fputwc_r
                0x00402f84       0x68 c:/program files (x86)/atmel/studio/7.0/toolchain/arm/arm-gnu-toolchain/bin/../lib/gcc/arm-none-eabi/6.3.1/../../../../arm-none-eabi/lib/thumb/v7e-m\libc.a(lib_a-fputwc.o)
                0x00402f84                _fputwc_r
 .text._fread_r
                0x00402fec      0x1c4 c:/program files (x86)/atmel/studio/7.0/toolchain/arm/arm-gnu-toolchain/bin/../lib/gcc/arm-none-eabi/6.3.1/../../../../arm-none-eabi/lib/thumb/v7e-m\libc.a(lib_a-fread.o)
                0x00402fec                _fread_r
 .text._malloc_trim_r
                0x004031b0       0xa0 c:/program files (x86)/atmel/studio/7.0/toolchain/arm/arm-gnu-toolchain/bin/../lib/gcc/arm-none-eabi/6.3.1/../../../../arm-none-eabi/lib/thumb/v7e-m\libc.a(lib_a-freer.o)
                0x004031b0                _malloc_trim_r
 .text._free_r  0x00403250      0x1cc c:/program files (x86)/atmel/studio/7.0/toolchain/arm/arm-gnu-toolchain/bin/../lib/gcc/arm-none-eabi/6.3.1/../../../../arm-none-eabi/lib/thumb/v7e-m\libc.a(lib_a-freer.o)
                0x00403250                _free_r
 .text.__sfvwrite_r
                0x0040341c      0x2f0 c:/program files (x86)/atmel/studio/7.0/toolchain/arm/arm-gnu-toolchain/bin/../lib/gcc/arm-none-eabi/6.3.1/../../../../arm-none-eabi/lib/thumb/v7e-m\libc.a(lib_a-fvwrite.o)
                0x0040341c                __sfvwrite_r
 .text._fwalk   0x0040370c       0x4c c:/program files (x86)/atmel/studio/7.0/toolchain/arm/arm-gnu-toolchain/bin/../lib/gcc/arm-none-eabi/6.3.1/../../../../arm-none-eabi/lib/thumb/v7e-m\libc.a(lib_a-fwalk.o)
                0x0040370c                _fwalk
 .text._fwalk_reent
                0x00403758       0x54 c:/program files (x86)/atmel/studio/7.0/toolchain/arm/arm-gnu-toolchain/bin/../lib/gcc/arm-none-eabi/6.3.1/../../../../arm-none-eabi/lib/thumb/v7e-m\libc.a(lib_a-fwalk.o)
                0x00403758                _fwalk_reent
 .text.iswspace
                0x004037ac       0x1c c:/program files (x86)/atmel/studio/7.0/toolchain/arm/arm-gnu-toolchain/bin/../lib/gcc/arm-none-eabi/6.3.1/../../../../arm-none-eabi/lib/thumb/v7e-m\libc.a(lib_a-iswspace.o)
                0x004037ac                iswspace
 .text.__locale_mb_cur_max
                0x004037c8       0x1c c:/program files (x86)/atmel/studio/7.0/toolchain/arm/arm-gnu-toolchain/bin/../lib/gcc/arm-none-eabi/6.3.1/../../../../arm-none-eabi/lib/thumb/v7e-m\libc.a(lib_a-locale.o)
                0x004037c8                __locale_mb_cur_max
 .text.__locale_ctype_ptr_l
                0x004037e4        0x8 c:/program files (x86)/atmel/studio/7.0/toolchain/arm/arm-gnu-toolchain/bin/../lib/gcc/arm-none-eabi/6.3.1/../../../../arm-none-eabi/lib/thumb/v7e-m\libc.a(lib_a-locale.o)
                0x004037e4                __locale_ctype_ptr_l
 .text.__locale_ctype_ptr
                0x004037ec       0x1c c:/program files (x86)/atmel/studio/7.0/toolchain/arm/arm-gnu-toolchain/bin/../lib/gcc/arm-none-eabi/6.3.1/../../../../arm-none-eabi/lib/thumb/v7e-m\libc.a(lib_a-locale.o)
                0x004037ec                __locale_ctype_ptr
 .text.__retarget_lock_init_recursive
                0x00403808        0x4 c:/program files (x86)/atmel/studio/7.0/toolchain/arm/arm-gnu-toolchain/bin/../lib/gcc/arm-none-eabi/6.3.1/../../../../arm-none-eabi/lib/thumb/v7e-m\libc.a(lib_a-lock.o)
                0x00403808                __retarget_lock_init_recursive
 .text.__retarget_lock_close_recursive
                0x0040380c        0x4 c:/program files (x86)/atmel/studio/7.0/toolchain/arm/arm-gnu-toolchain/bin/../lib/gcc/arm-none-eabi/6.3.1/../../../../arm-none-eabi/lib/thumb/v7e-m\libc.a(lib_a-lock.o)
                0x0040380c                __retarget_lock_close_recursive
 .text.__retarget_lock_acquire_recursive
                0x00403810        0x4 c:/program files (x86)/atmel/studio/7.0/toolchain/arm/arm-gnu-toolchain/bin/../lib/gcc/arm-none-eabi/6.3.1/../../../../arm-none-eabi/lib/thumb/v7e-m\libc.a(lib_a-lock.o)
                0x00403810                __retarget_lock_acquire_recursive
 .text.__retarget_lock_release_recursive
                0x00403814        0x4 c:/program files (x86)/atmel/studio/7.0/toolchain/arm/arm-gnu-toolchain/bin/../lib/gcc/arm-none-eabi/6.3.1/../../../../arm-none-eabi/lib/thumb/v7e-m\libc.a(lib_a-lock.o)
                0x00403814                __retarget_lock_release_recursive
 .text.__swhatbuf_r
                0x00403818       0x5c c:/program files (x86)/atmel/studio/7.0/toolchain/arm/arm-gnu-toolchain/bin/../lib/gcc/arm-none-eabi/6.3.1/../../../../arm-none-eabi/lib/thumb/v7e-m\libc.a(lib_a-makebuf.o)
                0x00403818                __swhatbuf_r
 .text.__smakebuf_r
                0x00403874       0x94 c:/program files (x86)/atmel/studio/7.0/toolchain/arm/arm-gnu-toolchain/bin/../lib/gcc/arm-none-eabi/6.3.1/../../../../arm-none-eabi/lib/thumb/v7e-m\libc.a(lib_a-makebuf.o)
                0x00403874                __smakebuf_r
 .text.malloc   0x00403908       0x10 c:/program files (x86)/atmel/studio/7.0/toolchain/arm/arm-gnu-toolchain/bin/../lib/gcc/arm-none-eabi/6.3.1/../../../../arm-none-eabi/lib/thumb/v7e-m\libc.a(lib_a-malloc.o)
                0x00403908                malloc
 .text._malloc_r
                0x00403918      0x560 c:/program files (x86)/atmel/studio/7.0/toolchain/arm/arm-gnu-toolchain/bin/../lib/gcc/arm-none-eabi/6.3.1/../../../../arm-none-eabi/lib/thumb/v7e-m\libc.a(lib_a-mallocr.o)
                0x00403918                _malloc_r
 .text._mbrtowc_r
                0x00403e78       0x5c c:/program files (x86)/atmel/studio/7.0/toolchain/arm/arm-gnu-toolchain/bin/../lib/gcc/arm-none-eabi/6.3.1/../../../../arm-none-eabi/lib/thumb/v7e-m\libc.a(lib_a-mbrtowc.o)
                0x00403e78                _mbrtowc_r
 .text.__ascii_mbtowc
                0x00403ed4       0x2c c:/program files (x86)/atmel/studio/7.0/toolchain/arm/arm-gnu-toolchain/bin/../lib/gcc/arm-none-eabi/6.3.1/../../../../arm-none-eabi/lib/thumb/v7e-m\libc.a(lib_a-mbtowc_r.o)
                0x00403ed4                __ascii_mbtowc
 .text          0x00403f00       0xa0 c:/program files (x86)/atmel/studio/7.0/toolchain/arm/arm-gnu-toolchain/bin/../lib/gcc/arm-none-eabi/6.3.1/../../../../arm-none-eabi/lib/thumb/v7e-m\libc.a(lib_a-memchr.o)
                0x00403f00                memchr
 .text          0x00403fa0      0x134 c:/program files (x86)/atmel/studio/7.0/toolchain/arm/arm-gnu-toolchain/bin/../lib/gcc/arm-none-eabi/6.3.1/../../../../arm-none-eabi/lib/thumb/v7e-m\libc.a(lib_a-memcpy.o)
                0x00403fa0                memcpy
 .text.memmove  0x004040d4       0xc8 c:/program files (x86)/atmel/studio/7.0/toolchain/arm/arm-gnu-toolchain/bin/../lib/gcc/arm-none-eabi/6.3.1/../../../../arm-none-eabi/lib/thumb/v7e-m\libc.a(lib_a-memmove.o)
                0x004040d4                memmove
 .text.__malloc_lock
                0x0040419c        0xc c:/program files (x86)/atmel/studio/7.0/toolchain/arm/arm-gnu-toolchain/bin/../lib/gcc/arm-none-eabi/6.3.1/../../../../arm-none-eabi/lib/thumb/v7e-m\libc.a(lib_a-mlock.o)
                0x0040419c                __malloc_lock
 .text.__malloc_unlock
                0x004041a8        0xc c:/program files (x86)/atmel/studio/7.0/toolchain/arm/arm-gnu-toolchain/bin/../lib/gcc/arm-none-eabi/6.3.1/../../../../arm-none-eabi/lib/thumb/v7e-m\libc.a(lib_a-mlock.o)
                0x004041a8                __malloc_unlock
 .text._realloc_r
                0x004041b4      0x34c c:/program files (x86)/atmel/studio/7.0/toolchain/arm/arm-gnu-toolchain/bin/../lib/gcc/arm-none-eabi/6.3.1/../../../../arm-none-eabi/lib/thumb/v7e-m\libc.a(lib_a-reallocr.o)
                0x004041b4                _realloc_r
 .text.lflush   0x00404500       0x14 c:/program files (x86)/atmel/studio/7.0/toolchain/arm/arm-gnu-toolchain/bin/../lib/gcc/arm-none-eabi/6.3.1/../../../../arm-none-eabi/lib/thumb/v7e-m\libc.a(lib_a-refill.o)
 .text.__srefill_r
                0x00404514      0x114 c:/program files (x86)/atmel/studio/7.0/toolchain/arm/arm-gnu-toolchain/bin/../lib/gcc/arm-none-eabi/6.3.1/../../../../arm-none-eabi/lib/thumb/v7e-m\libc.a(lib_a-refill.o)
                0x00404514                __srefill_r
 .text._sbrk_r  0x00404628       0x24 c:/program files (x86)/atmel/studio/7.0/toolchain/arm/arm-gnu-toolchain/bin/../lib/gcc/arm-none-eabi/6.3.1/../../../../arm-none-eabi/lib/thumb/v7e-m\libc.a(lib_a-sbrkr.o)
                0x00404628                _sbrk_r
 .text.__sccl   0x0040464c       0x74 c:/program files (x86)/atmel/studio/7.0/toolchain/arm/arm-gnu-toolchain/bin/../lib/gcc/arm-none-eabi/6.3.1/../../../../arm-none-eabi/lib/thumb/v7e-m\libc.a(lib_a-sccl.o)
                0x0040464c                __sccl
 .text.__sread  0x004046c0       0x24 c:/program files (x86)/atmel/studio/7.0/toolchain/arm/arm-gnu-toolchain/bin/../lib/gcc/arm-none-eabi/6.3.1/../../../../arm-none-eabi/lib/thumb/v7e-m\libc.a(lib_a-stdio.o)
                0x004046c0                __sread
 .text.__swrite
                0x004046e4       0x3c c:/program files (x86)/atmel/studio/7.0/toolchain/arm/arm-gnu-toolchain/bin/../lib/gcc/arm-none-eabi/6.3.1/../../../../arm-none-eabi/lib/thumb/v7e-m\libc.a(lib_a-stdio.o)
                0x004046e4                __swrite
 .text.__sseek  0x00404720       0x20 c:/program files (x86)/atmel/studio/7.0/toolchain/arm/arm-gnu-toolchain/bin/../lib/gcc/arm-none-eabi/6.3.1/../../../../arm-none-eabi/lib/thumb/v7e-m\libc.a(lib_a-stdio.o)
                0x00404720                __sseek
 .text.__sclose
                0x00404740        0x8 c:/program files (x86)/atmel/studio/7.0/toolchain/arm/arm-gnu-toolchain/bin/../lib/gcc/arm-none-eabi/6.3.1/../../../../arm-none-eabi/lib/thumb/v7e-m\libc.a(lib_a-stdio.o)
                0x00404740                __sclose
 .text._strtol_l.isra.0
                0x00404748      0x128 c:/program files (x86)/atmel/studio/7.0/toolchain/arm/arm-gnu-toolchain/bin/../lib/gcc/arm-none-eabi/6.3.1/../../../../arm-none-eabi/lib/thumb/v7e-m\libc.a(lib_a-strtol.o)
 .text._strtol_r
                0x00404870       0x24 c:/program files (x86)/atmel/studio/7.0/toolchain/arm/arm-gnu-toolchain/bin/../lib/gcc/arm-none-eabi/6.3.1/../../../../arm-none-eabi/lib/thumb/v7e-m\libc.a(lib_a-strtol.o)
                0x00404870                _strtol_r
 .text._strtoll_l.isra.0
                0x00404894      0x19c c:/program files (x86)/atmel/studio/7.0/toolchain/arm/arm-gnu-toolchain/bin/../lib/gcc/arm-none-eabi/6.3.1/../../../../arm-none-eabi/lib/thumb/v7e-m\libc.a(lib_a-strtoll.o)
 .text._strtoll_r
                0x00404a30       0x24 c:/program files (x86)/atmel/studio/7.0/toolchain/arm/arm-gnu-toolchain/bin/../lib/gcc/arm-none-eabi/6.3.1/../../../../arm-none-eabi/lib/thumb/v7e-m\libc.a(lib_a-strtoll.o)
                0x00404a30                _strtoll_r
 .text._strtoul_l.isra.0
                0x00404a54      0x148 c:/program files (x86)/atmel/studio/7.0/toolchain/arm/arm-gnu-toolchain/bin/../lib/gcc/arm-none-eabi/6.3.1/../../../../arm-none-eabi/lib/thumb/v7e-m\libc.a(lib_a-strtoul.o)
 .text._strtoul_r
                0x00404b9c       0x24 c:/program files (x86)/atmel/studio/7.0/toolchain/arm/arm-gnu-toolchain/bin/../lib/gcc/arm-none-eabi/6.3.1/../../../../arm-none-eabi/lib/thumb/v7e-m\libc.a(lib_a-strtoul.o)
                0x00404b9c                _strtoul_r
 .text._strtoull_l.isra.0
                0x00404bc0      0x1bc c:/program files (x86)/atmel/studio/7.0/toolchain/arm/arm-gnu-toolchain/bin/../lib/gcc/arm-none-eabi/6.3.1/../../../../arm-none-eabi/lib/thumb/v7e-m\libc.a(lib_a-strtoull.o)
 .text._strtoull_r
                0x00404d7c       0x24 c:/program files (x86)/atmel/studio/7.0/toolchain/arm/arm-gnu-toolchain/bin/../lib/gcc/arm-none-eabi/6.3.1/../../../../arm-none-eabi/lib/thumb/v7e-m\libc.a(lib_a-strtoull.o)
                0x00404d7c                _strtoull_r
 .text.__submore
                0x00404da0       0x78 c:/program files (x86)/atmel/studio/7.0/toolchain/arm/arm-gnu-toolchain/bin/../lib/gcc/arm-none-eabi/6.3.1/../../../../arm-none-eabi/lib/thumb/v7e-m\libc.a(lib_a-ungetc.o)
                0x00404da0                __submore
 .text._ungetc_r
                0x00404e18      0x138 c:/program files (x86)/atmel/studio/7.0/toolchain/arm/arm-gnu-toolchain/bin/../lib/gcc/arm-none-eabi/6.3.1/../../../../arm-none-eabi/lib/thumb/v7e-m\libc.a(lib_a-ungetc.o)
                0x00404e18                _ungetc_r
 .text.__swbuf_r
                0x00404f50       0xb0 c:/program files (x86)/atmel/studio/7.0/toolchain/arm/arm-gnu-toolchain/bin/../lib/gcc/arm-none-eabi/6.3.1/../../../../arm-none-eabi/lib/thumb/v7e-m\libc.a(lib_a-wbuf.o)
                0x00404f50                __swbuf_r
 .text._wcrtomb_r
                0x00405000       0x54 c:/program files (x86)/atmel/studio/7.0/toolchain/arm/arm-gnu-toolchain/bin/../lib/gcc/arm-none-eabi/6.3.1/../../../../arm-none-eabi/lib/thumb/v7e-m\libc.a(lib_a-wcrtomb.o)
                0x00405000                _wcrtomb_r
 .text.__ascii_wctomb
                0x00405054       0x1c c:/program files (x86)/atmel/studio/7.0/toolchain/arm/arm-gnu-toolchain/bin/../lib/gcc/arm-none-eabi/6.3.1/../../../../arm-none-eabi/lib/thumb/v7e-m\libc.a(lib_a-wctomb_r.o)
                0x00405054                __ascii_wctomb
 .text._write_r
                0x00405070       0x2c c:/program files (x86)/atmel/studio/7.0/toolchain/arm/arm-gnu-toolchain/bin/../lib/gcc/arm-none-eabi/6.3.1/../../../../arm-none-eabi/lib/thumb/v7e-m\libc.a(lib_a-writer.o)
                0x00405070                _write_r
 .text.__register_exitproc
                0x0040509c       0xc4 c:/program files (x86)/atmel/studio/7.0/toolchain/arm/arm-gnu-toolchain/bin/../lib/gcc/arm-none-eabi/6.3.1/../../../../arm-none-eabi/lib/thumb/v7e-m\libc.a(lib_a-__atexit.o)
                0x0040509c                __register_exitproc
 .text._close_r
                0x00405160       0x24 c:/program files (x86)/atmel/studio/7.0/toolchain/arm/arm-gnu-toolchain/bin/../lib/gcc/arm-none-eabi/6.3.1/../../../../arm-none-eabi/lib/thumb/v7e-m\libc.a(lib_a-closer.o)
                0x00405160                _close_r
 .text._fclose_r
                0x00405184       0xc4 c:/program files (x86)/atmel/studio/7.0/toolchain/arm/arm-gnu-toolchain/bin/../lib/gcc/arm-none-eabi/6.3.1/../../../../arm-none-eabi/lib/thumb/v7e-m\libc.a(lib_a-fclose.o)
                0x00405184                _fclose_r
 .text._fstat_r
                0x00405248       0x28 c:/program files (x86)/atmel/studio/7.0/toolchain/arm/arm-gnu-toolchain/bin/../lib/gcc/arm-none-eabi/6.3.1/../../../../arm-none-eabi/lib/thumb/v7e-m\libc.a(lib_a-fstatr.o)
                0x00405248                _fstat_r
 .text._isatty_r
                0x00405270       0x24 c:/program files (x86)/atmel/studio/7.0/toolchain/arm/arm-gnu-toolchain/bin/../lib/gcc/arm-none-eabi/6.3.1/../../../../arm-none-eabi/lib/thumb/v7e-m\libc.a(lib_a-isattyr.o)
                0x00405270                _isatty_r
 .text._lseek_r
                0x00405294       0x2c c:/program files (x86)/atmel/studio/7.0/toolchain/arm/arm-gnu-toolchain/bin/../lib/gcc/arm-none-eabi/6.3.1/../../../../arm-none-eabi/lib/thumb/v7e-m\libc.a(lib_a-lseekr.o)
                0x00405294                _lseek_r
 .text._read_r  0x004052c0       0x2c c:/program files (x86)/atmel/studio/7.0/toolchain/arm/arm-gnu-toolchain/bin/../lib/gcc/arm-none-eabi/6.3.1/../../../../arm-none-eabi/lib/thumb/v7e-m\libc.a(lib_a-readr.o)
                0x004052c0                _read_r
 .text          0x004052ec       0x30 c:/program files (x86)/atmel/studio/7.0/toolchain/arm/arm-gnu-toolchain/bin/../lib/gcc/arm-none-eabi/6.3.1/thumb/v7e-m\libgcc.a(_aeabi_uldivmod.o)
                0x004052ec                __aeabi_uldivmod
 .text          0x0040531c      0x2dc c:/program files (x86)/atmel/studio/7.0/toolchain/arm/arm-gnu-toolchain/bin/../lib/gcc/arm-none-eabi/6.3.1/thumb/v7e-m\libgcc.a(_udivmoddi4.o)
                0x0040531c                __udivmoddi4
 .text          0x004055f8        0x4 c:/program files (x86)/atmel/studio/7.0/toolchain/arm/arm-gnu-toolchain/bin/../lib/gcc/arm-none-eabi/6.3.1/thumb/v7e-m\libgcc.a(_dvmd_tls.o)
                0x004055f8                __aeabi_idiv0
                0x004055f8                __aeabi_ldiv0
 *(.glue_7t)
 .glue_7t       0x004055fc        0x0 linker stubs
 *(.glue_7)
 .glue_7        0x004055fc        0x0 linker stubs
 *(.rodata .rodata* .gnu.linkonce.r.*)
 .rodata.main.str1.4
                0x004055fc       0x70 src/aes_example.o
 .rodata.print_hex.str1.4
                0x0040566c        0xe src/aes_example.o
 *fill*         0x0040567a        0x2 
 .rodata._global_impure_ptr
                0x0040567c        0x4 c:/program files (x86)/atmel/studio/7.0/toolchain/arm/arm-gnu-toolchain/bin/../lib/gcc/arm-none-eabi/6.3.1/../../../../arm-none-eabi/lib/thumb/v7e-m\libc.a(lib_a-impure.o)
                0x0040567c                _global_impure_ptr
 .rodata._vfiprintf_r.str1.4
                0x00405680       0x2f c:/program files (x86)/atmel/studio/7.0/toolchain/arm/arm-gnu-toolchain/bin/../lib/gcc/arm-none-eabi/6.3.1/../../../../arm-none-eabi/lib/thumb/v7e-m\libc.a(lib_a-vfiprintf.o)
 *fill*         0x004056af        0x1 
 .rodata.blanks.7217
                0x004056b0       0x10 c:/program files (x86)/atmel/studio/7.0/toolchain/arm/arm-gnu-toolchain/bin/../lib/gcc/arm-none-eabi/6.3.1/../../../../arm-none-eabi/lib/thumb/v7e-m\libc.a(lib_a-vfiprintf.o)
 .rodata.zeroes.7218
                0x004056c0       0x10 c:/program files (x86)/atmel/studio/7.0/toolchain/arm/arm-gnu-toolchain/bin/../lib/gcc/arm-none-eabi/6.3.1/../../../../arm-none-eabi/lib/thumb/v7e-m\libc.a(lib_a-vfiprintf.o)
 .rodata.basefix.6805
                0x004056d0       0x22 c:/program files (x86)/atmel/studio/7.0/toolchain/arm/arm-gnu-toolchain/bin/../lib/gcc/arm-none-eabi/6.3.1/../../../../arm-none-eabi/lib/thumb/v7e-m\libc.a(lib_a-vfiscanf.o)
 *fill*         0x004056f2        0x2 
 .rodata._setlocale_r.str1.4
                0x004056f4        0xa c:/program files (x86)/atmel/studio/7.0/toolchain/arm/arm-gnu-toolchain/bin/../lib/gcc/arm-none-eabi/6.3.1/../../../../arm-none-eabi/lib/thumb/v7e-m\libc.a(lib_a-locale.o)
                                  0xd (size before relaxing)
 *fill*         0x004056fe        0x2 
 .rodata.str1.4
                0x00405700        0x4 c:/program files (x86)/atmel/studio/7.0/toolchain/arm/arm-gnu-toolchain/bin/../lib/gcc/arm-none-eabi/6.3.1/../../../../arm-none-eabi/lib/thumb/v7e-m\libc.a(lib_a-locale.o)
                                  0x2 (size before relaxing)
 .rodata._mbrtowc_r.str1.4
                0x00405704        0x1 c:/program files (x86)/atmel/studio/7.0/toolchain/arm/arm-gnu-toolchain/bin/../lib/gcc/arm-none-eabi/6.3.1/../../../../arm-none-eabi/lib/thumb/v7e-m\libc.a(lib_a-mbrtowc.o)
 .rodata._ctype_
                0x00405704      0x101 c:/program files (x86)/atmel/studio/7.0/toolchain/arm/arm-gnu-toolchain/bin/../lib/gcc/arm-none-eabi/6.3.1/../../../../arm-none-eabi/lib/thumb/v7e-m\libc.a(lib_a-ctype_.o)
                0x00405704                _ctype_
 *(.ARM.extab* .gnu.linkonce.armextab.*)
                0x00405808                . = ALIGN (0x4)
 *fill*         0x00405805        0x3 
 *(.init)
 .init          0x00405808        0x4 c:/program files (x86)/atmel/studio/7.0/toolchain/arm/arm-gnu-toolchain/bin/../lib/gcc/arm-none-eabi/6.3.1/thumb/v7e-m/crti.o
                0x00405808                _init
 .init          0x0040580c        0x8 c:/program files (x86)/atmel/studio/7.0/toolchain/arm/arm-gnu-toolchain/bin/../lib/gcc/arm-none-eabi/6.3.1/thumb/v7e-m/crtn.o
                0x00405814                . = ALIGN (0x4)
                0x00405814                __preinit_array_start = .
 *(.preinit_array)
                0x00405814                __preinit_array_end = .
                0x00405814                . = ALIGN (0x4)
                0x00405814                __init_array_start = .
 *(SORT(.init_array.*))
 .init_array.00000
                0x00405814        0x4 c:/program files (x86)/atmel/studio/7.0/toolchain/arm/arm-gnu-toolchain/bin/../lib/gcc/arm-none-eabi/6.3.1/../../../../arm-none-eabi/lib/thumb/v7e-m\libc.a(lib_a-__call_atexit.o)
 *(.init_array)
 .init_array    0x00405818        0x4 c:/program files (x86)/atmel/studio/7.0/toolchain/arm/arm-gnu-toolchain/bin/../lib/gcc/arm-none-eabi/6.3.1/thumb/v7e-m/crtbegin.o
                0x0040581c                __init_array_end = .
                0x0040581c                . = ALIGN (0x4)
 *crtbegin.o(.ctors)
 *(EXCLUDE_FILE(*crtend.o) .ctors)
 *(SORT(.ctors.*))
 *crtend.o(.ctors)
                0x0040581c                . = ALIGN (0x4)
 *(.fini)
 .fini          0x0040581c        0x4 c:/program files (x86)/atmel/studio/7.0/toolchain/arm/arm-gnu-toolchain/bin/../lib/gcc/arm-none-eabi/6.3.1/thumb/v7e-m/crti.o
                0x0040581c                _fini
 .fini          0x00405820        0x8 c:/program files (x86)/atmel/studio/7.0/toolchain/arm/arm-gnu-toolchain/bin/../lib/gcc/arm-none-eabi/6.3.1/thumb/v7e-m/crtn.o
                0x00405828                . = ALIGN (0x4)
                0x00405828                __fini_array_start = .
 *(.fini_array)
 .fini_array    0x00405828        0x4 c:/program files (x86)/atmel/studio/7.0/toolchain/arm/arm-gnu-toolchain/bin/../lib/gcc/arm-none-eabi/6.3.1/thumb/v7e-m/crtbegin.o
 *(SORT(.fini_array.*))
                0x0040582c                __fini_array_end = .
 *crtbegin.o(.dtors)
 *(EXCLUDE_FILE(*crtend.o) .dtors)
 *(SORT(.dtors.*))
 *crtend.o(.dtors)
                0x0040582c                . = ALIGN (0x4)
                0x0040582c                _efixed = .
                [!provide]                PROVIDE (__exidx_start, .)

.vfp11_veneer   0x0040582c        0x0
 .vfp11_veneer  0x0040582c        0x0 linker stubs

.v4_bx          0x0040582c        0x0
 .v4_bx         0x0040582c        0x0 linker stubs

.iplt           0x0040582c        0x0
 .iplt          0x0040582c        0x0 c:/program files (x86)/atmel/studio/7.0/toolchain/arm/arm-gnu-toolchain/bin/../lib/gcc/arm-none-eabi/6.3.1/thumb/v7e-m/crtbegin.o

.ARM.exidx      0x0040582c        0x8
 *(.ARM.exidx* .gnu.linkonce.armexidx.*)
 .ARM.exidx     0x0040582c        0x8 c:/program files (x86)/atmel/studio/7.0/toolchain/arm/arm-gnu-toolchain/bin/../lib/gcc/arm-none-eabi/6.3.1/thumb/v7e-m\libgcc.a(_udivmoddi4.o)
                [!provide]                PROVIDE (__exidx_end, .)

.eh_frame       0x00405834        0x0
 .eh_frame      0x00405834        0x0 c:/program files (x86)/atmel/studio/7.0/toolchain/arm/arm-gnu-toolchain/bin/../lib/gcc/arm-none-eabi/6.3.1/thumb/v7e-m/crtbegin.o

.rel.dyn        0x00405834        0x0
 .rel.iplt      0x00405834        0x0 c:/program files (x86)/atmel/studio/7.0/toolchain/arm/arm-gnu-toolchain/bin/../lib/gcc/arm-none-eabi/6.3.1/thumb/v7e-m/crtbegin.o

.jcr            0x00405834        0x0
 .jcr           0x00405834        0x0 c:/program files (x86)/atmel/studio/7.0/toolchain/arm/arm-gnu-toolchain/bin/../lib/gcc/arm-none-eabi/6.3.1/thumb/v7e-m/crtbegin.o

.igot.plt       0x00405834        0x0
 .igot.plt      0x00405834        0x0 c:/program files (x86)/atmel/studio/7.0/toolchain/arm/arm-gnu-toolchain/bin/../lib/gcc/arm-none-eabi/6.3.1/thumb/v7e-m/crtbegin.o
                0x00405834                . = ALIGN (0x4)
                0x00405834                _etext = .

.relocate       0x20400000      0x9c8 load address 0x00405834
                0x20400000                . = ALIGN (0x4)
                0x20400000                _srelocate = .
 *(.ramfunc .ramfunc.*)
 *(.data .data.*)
 .data.aes_key  0x20400000       0x10 src/aes_example.o
 .data.g_interrupt_enabled
                0x20400010        0x1 src/ASF/common/utils/interrupt/interrupt_sam_nvic.o
                0x20400010                g_interrupt_enabled
 *fill*         0x20400011        0x3 
 .data.SystemCoreClock
                0x20400014        0x4 src/ASF/sam/utils/cmsis/samv71/source/templates/system_samv71.o
                0x20400014                SystemCoreClock
 .data._impure_ptr
                0x20400018        0x4 c:/program files (x86)/atmel/studio/7.0/toolchain/arm/arm-gnu-toolchain/bin/../lib/gcc/arm-none-eabi/6.3.1/../../../../arm-none-eabi/lib/thumb/v7e-m\libc.a(lib_a-impure.o)
                0x20400018                _impure_ptr
 *fill*         0x2040001c        0x4 
 .data.impure_data
                0x20400020      0x428 c:/program files (x86)/atmel/studio/7.0/toolchain/arm/arm-gnu-toolchain/bin/../lib/gcc/arm-none-eabi/6.3.1/../../../../arm-none-eabi/lib/thumb/v7e-m\libc.a(lib_a-impure.o)
 .data.__atexit_recursive_mutex
                0x20400448        0x4 c:/program files (x86)/atmel/studio/7.0/toolchain/arm/arm-gnu-toolchain/bin/../lib/gcc/arm-none-eabi/6.3.1/../../../../arm-none-eabi/lib/thumb/v7e-m\libc.a(lib_a-__call_atexit.o)
                0x20400448                __atexit_recursive_mutex
 .data.__global_locale
                0x2040044c      0x16c c:/program files (x86)/atmel/studio/7.0/toolchain/arm/arm-gnu-toolchain/bin/../lib/gcc/arm-none-eabi/6.3.1/../../../../arm-none-eabi/lib/thumb/v7e-m\libc.a(lib_a-locale.o)
                0x2040044c                __global_locale
 .data.__malloc_av_
                0x204005b8      0x408 c:/program files (x86)/atmel/studio/7.0/toolchain/arm/arm-gnu-toolchain/bin/../lib/gcc/arm-none-eabi/6.3.1/../../../../arm-none-eabi/lib/thumb/v7e-m\libc.a(lib_a-mallocr.o)
                0x204005b8                __malloc_av_
 .data.__malloc_sbrk_base
                0x204009c0        0x4 c:/program files (x86)/atmel/studio/7.0/toolchain/arm/arm-gnu-toolchain/bin/../lib/gcc/arm-none-eabi/6.3.1/../../../../arm-none-eabi/lib/thumb/v7e-m\libc.a(lib_a-mallocr.o)
                0x204009c0                __malloc_sbrk_base
 .data.__malloc_trim_threshold
                0x204009c4        0x4 c:/program files (x86)/atmel/studio/7.0/toolchain/arm/arm-gnu-toolchain/bin/../lib/gcc/arm-none-eabi/6.3.1/../../../../arm-none-eabi/lib/thumb/v7e-m\libc.a(lib_a-mallocr.o)
                0x204009c4                __malloc_trim_threshold
                0x204009c8                . = ALIGN (0x4)
                0x204009c8                _erelocate = .

.bss            0x204009c8      0x138 load address 0x004061fc
                0x204009c8                . = ALIGN (0x4)
                0x204009c8                _sbss = .
                0x204009c8                _szero = .
 *(.bss .bss.*)
 .bss           0x204009c8       0x1c c:/program files (x86)/atmel/studio/7.0/toolchain/arm/arm-gnu-toolchain/bin/../lib/gcc/arm-none-eabi/6.3.1/thumb/v7e-m/crtbegin.o
 .bss.decrypted_data
                0x204009e4       0x10 src/aes_example.o
 .bss.encrypted_data
                0x204009f4       0x10 src/aes_example.o
 .bss.input_data
                0x20400a04       0x10 src/aes_example.o
 .bss.gs_interrupt_sources
                0x20400a14       0x70 src/ASF/sam/drivers/pio/pio_handler.o
 .bss.ul_reg_val.9529
                0x20400a84        0x4 src/ASF/sam/drivers/usart/usart.o
 .bss.heap.6420
                0x20400a88        0x4 src/ASF/sam/utils/syscalls/gcc/syscalls.o
 .bss.__malloc_current_mallinfo
                0x20400a8c       0x28 c:/program files (x86)/atmel/studio/7.0/toolchain/arm/arm-gnu-toolchain/bin/../lib/gcc/arm-none-eabi/6.3.1/../../../../arm-none-eabi/lib/thumb/v7e-m\libc.a(lib_a-mallocr.o)
                0x20400a8c                __malloc_current_mallinfo
 .bss.__malloc_max_sbrked_mem
                0x20400ab4        0x4 c:/program files (x86)/atmel/studio/7.0/toolchain/arm/arm-gnu-toolchain/bin/../lib/gcc/arm-none-eabi/6.3.1/../../../../arm-none-eabi/lib/thumb/v7e-m\libc.a(lib_a-mallocr.o)
                0x20400ab4                __malloc_max_sbrked_mem
 .bss.__malloc_max_total_mem
                0x20400ab8        0x4 c:/program files (x86)/atmel/studio/7.0/toolchain/arm/arm-gnu-toolchain/bin/../lib/gcc/arm-none-eabi/6.3.1/../../../../arm-none-eabi/lib/thumb/v7e-m\libc.a(lib_a-mallocr.o)
                0x20400ab8                __malloc_max_total_mem
 .bss.__malloc_top_pad
                0x20400abc        0x4 c:/program files (x86)/atmel/studio/7.0/toolchain/arm/arm-gnu-toolchain/bin/../lib/gcc/arm-none-eabi/6.3.1/../../../../arm-none-eabi/lib/thumb/v7e-m\libc.a(lib_a-mallocr.o)
                0x20400abc                __malloc_top_pad
 *(COMMON)
 COMMON         0x20400ac0        0x4 src/ASF/common/utils/stdio/read.o
                0x20400ac0                ptr_get
 COMMON         0x20400ac4        0x8 src/ASF/common/utils/stdio/write.o
                0x20400ac4                ptr_put
                0x20400ac8                stdio_base
 COMMON         0x20400acc        0xc src/ASF/sam/drivers/aes/aes.o
                0x20400acc                aes_callback_pointer
 COMMON         0x20400ad8       0x21 c:/program files (x86)/atmel/studio/7.0/toolchain/arm/arm-gnu-toolchain/bin/../lib/gcc/arm-none-eabi/6.3.1/../../../../arm-none-eabi/lib/thumb/v7e-m\libc.a(lib_a-lock.o)
                0x20400ad8                __lock___atexit_recursive_mutex
                0x20400adc                __lock___arc4random_mutex
                0x20400ae0                __lock___env_recursive_mutex
                0x20400ae4                __lock___sinit_recursive_mutex
                0x20400ae8                __lock___malloc_recursive_mutex
                0x20400aec                __lock___at_quick_exit_mutex
                0x20400af0                __lock___dd_hash_mutex
                0x20400af4                __lock___tz_mutex
                0x20400af8                __lock___sfp_recursive_mutex
 *fill*         0x20400af9        0x3 
 COMMON         0x20400afc        0x4 c:/program files (x86)/atmel/studio/7.0/toolchain/arm/arm-gnu-toolchain/bin/../lib/gcc/arm-none-eabi/6.3.1/../../../../arm-none-eabi/lib/thumb/v7e-m\libc.a(lib_a-reent.o)
                0x20400afc                errno
                0x20400b00                . = ALIGN (0x4)
                0x20400b00                _ebss = .
                0x20400b00                _ezero = .

.stack          0x20400b00     0x2000 load address 0x00406334
                0x20400b00                . = ALIGN (0x8)
                0x20400b00                _sstack = .
                0x20402b00                . = (. + STACK_SIZE)
 *fill*         0x20400b00     0x2000 
                0x20402b00                . = ALIGN (0x8)
                0x20402b00                _estack = .

.heap           0x20402b00      0x200 load address 0x00408334
                0x20402b00                . = ALIGN (0x8)
                0x20402b00                _sheap = .
                0x20402d00                . = (. + HEAP_SIZE)
 *fill*         0x20402b00      0x200 
                0x20402d00                . = ALIGN (0x8)
                0x20402d00                _eheap = .
                0x20402d00                . = ALIGN (0x4)
                0x20402d00                _end = .
                0x2045ffff                _ram_end_ = ((ORIGIN (ram) + LENGTH (ram)) - 0x1)
OUTPUT(AES.elf elf32-littlearm)

.ARM.attributes
                0x00000000       0x2e
 .ARM.attributes
                0x00000000       0x1e c:/program files (x86)/atmel/studio/7.0/toolchain/arm/arm-gnu-toolchain/bin/../lib/gcc/arm-none-eabi/6.3.1/thumb/v7e-m/crti.o
 .ARM.attributes
                0x0000001e       0x2e c:/program files (x86)/atmel/studio/7.0/toolchain/arm/arm-gnu-toolchain/bin/../lib/gcc/arm-none-eabi/6.3.1/thumb/v7e-m/crtbegin.o
 .ARM.attributes
                0x0000004c       0x37 src/aes_example.o
 .ARM.attributes
                0x00000083       0x37 src/ASF/common/services/clock/samv71/sysclk.o
 .ARM.attributes
                0x000000ba       0x37 src/ASF/common/utils/interrupt/interrupt_sam_nvic.o
 .ARM.attributes
                0x000000f1       0x37 src/ASF/common/utils/stdio/read.o
 .ARM.attributes
                0x00000128       0x37 src/ASF/common/utils/stdio/write.o
 .ARM.attributes
                0x0000015f       0x37 src/ASF/sam/boards/samv71_xplained_ultra/init.o
 .ARM.attributes
                0x00000196       0x37 src/ASF/sam/drivers/aes/aes.o
 .ARM.attributes
                0x000001cd       0x37 src/ASF/sam/drivers/pio/pio.o
 .ARM.attributes
                0x00000204       0x37 src/ASF/sam/drivers/pio/pio_handler.o
 .ARM.attributes
                0x0000023b       0x37 src/ASF/sam/drivers/pmc/pmc.o
 .ARM.attributes
                0x00000272       0x37 src/ASF/sam/drivers/uart/uart.o
 .ARM.attributes
                0x000002a9       0x37 src/ASF/sam/drivers/usart/usart.o
 .ARM.attributes
                0x000002e0       0x37 src/ASF/sam/utils/cmsis/samv71/source/templates/gcc/startup_samv71.o
 .ARM.attributes
                0x00000317       0x37 src/ASF/sam/utils/cmsis/samv71/source/templates/system_samv71.o
 .ARM.attributes
                0x0000034e       0x37 src/ASF/sam/utils/syscalls/gcc/syscalls.o
 .ARM.attributes
                0x00000385       0x2e c:/program files (x86)/atmel/studio/7.0/toolchain/arm/arm-gnu-toolchain/bin/../lib/gcc/arm-none-eabi/6.3.1/../../../../arm-none-eabi/lib/thumb/v7e-m\libc.a(lib_a-impure.o)
 .ARM.attributes
                0x000003b3       0x2e c:/program files (x86)/atmel/studio/7.0/toolchain/arm/arm-gnu-toolchain/bin/../lib/gcc/arm-none-eabi/6.3.1/../../../../arm-none-eabi/lib/thumb/v7e-m\libc.a(lib_a-init.o)
 .ARM.attributes
                0x000003e1       0x2e c:/program files (x86)/atmel/studio/7.0/toolchain/arm/arm-gnu-toolchain/bin/../lib/gcc/arm-none-eabi/6.3.1/../../../../arm-none-eabi/lib/thumb/v7e-m\libc.a(lib_a-iprintf.o)
 .ARM.attributes
                0x0000040f       0x2e c:/program files (x86)/atmel/studio/7.0/toolchain/arm/arm-gnu-toolchain/bin/../lib/gcc/arm-none-eabi/6.3.1/../../../../arm-none-eabi/lib/thumb/v7e-m\libc.a(lib_a-iscanf.o)
 .ARM.attributes
                0x0000043d       0x2e c:/program files (x86)/atmel/studio/7.0/toolchain/arm/arm-gnu-toolchain/bin/../lib/gcc/arm-none-eabi/6.3.1/../../../../arm-none-eabi/lib/thumb/v7e-m\libc.a(lib_a-memset.o)
 .ARM.attributes
                0x0000046b       0x2e c:/program files (x86)/atmel/studio/7.0/toolchain/arm/arm-gnu-toolchain/bin/../lib/gcc/arm-none-eabi/6.3.1/../../../../arm-none-eabi/lib/thumb/v7e-m\libc.a(lib_a-setbuf.o)
 .ARM.attributes
                0x00000499       0x2e c:/program files (x86)/atmel/studio/7.0/toolchain/arm/arm-gnu-toolchain/bin/../lib/gcc/arm-none-eabi/6.3.1/../../../../arm-none-eabi/lib/thumb/v7e-m\libc.a(lib_a-setvbuf.o)
 .ARM.attributes
                0x000004c7       0x1c c:/program files (x86)/atmel/studio/7.0/toolchain/arm/arm-gnu-toolchain/bin/../lib/gcc/arm-none-eabi/6.3.1/../../../../arm-none-eabi/lib/thumb/v7e-m\libc.a(lib_a-strlen.o)
 .ARM.attributes
                0x000004e3       0x2e c:/program files (x86)/atmel/studio/7.0/toolchain/arm/arm-gnu-toolchain/bin/../lib/gcc/arm-none-eabi/6.3.1/../../../../arm-none-eabi/lib/thumb/v7e-m\libc.a(lib_a-vfiprintf.o)
 .ARM.attributes
                0x00000511       0x2e c:/program files (x86)/atmel/studio/7.0/toolchain/arm/arm-gnu-toolchain/bin/../lib/gcc/arm-none-eabi/6.3.1/../../../../arm-none-eabi/lib/thumb/v7e-m\libc.a(lib_a-vfiscanf.o)
 .ARM.attributes
                0x0000053f       0x2e c:/program files (x86)/atmel/studio/7.0/toolchain/arm/arm-gnu-toolchain/bin/../lib/gcc/arm-none-eabi/6.3.1/../../../../arm-none-eabi/lib/thumb/v7e-m\libc.a(lib_a-wsetup.o)
 .ARM.attributes
                0x0000056d       0x2e c:/program files (x86)/atmel/studio/7.0/toolchain/arm/arm-gnu-toolchain/bin/../lib/gcc/arm-none-eabi/6.3.1/../../../../arm-none-eabi/lib/thumb/v7e-m\libc.a(lib_a-__call_atexit.o)
 .ARM.attributes
                0x0000059b       0x2e c:/program files (x86)/atmel/studio/7.0/toolchain/arm/arm-gnu-toolchain/bin/../lib/gcc/arm-none-eabi/6.3.1/../../../../arm-none-eabi/lib/thumb/v7e-m\libc.a(lib_a-atexit.o)
 .ARM.attributes
                0x000005c9       0x2e c:/program files (x86)/atmel/studio/7.0/toolchain/arm/arm-gnu-toolchain/bin/../lib/gcc/arm-none-eabi/6.3.1/../../../../arm-none-eabi/lib/thumb/v7e-m\libc.a(lib_a-fflush.o)
 .ARM.attributes
                0x000005f7       0x2e c:/program files (x86)/atmel/studio/7.0/toolchain/arm/arm-gnu-toolchain/bin/../lib/gcc/arm-none-eabi/6.3.1/../../../../arm-none-eabi/lib/thumb/v7e-m\libc.a(lib_a-findfp.o)
 .ARM.attributes
                0x00000625       0x2e c:/program files (x86)/atmel/studio/7.0/toolchain/arm/arm-gnu-toolchain/bin/../lib/gcc/arm-none-eabi/6.3.1/../../../../arm-none-eabi/lib/thumb/v7e-m\libc.a(lib_a-fini.o)
 .ARM.attributes
                0x00000653       0x2e c:/program files (x86)/atmel/studio/7.0/toolchain/arm/arm-gnu-toolchain/bin/../lib/gcc/arm-none-eabi/6.3.1/../../../../arm-none-eabi/lib/thumb/v7e-m\libc.a(lib_a-fputwc.o)
 .ARM.attributes
                0x00000681       0x2e c:/program files (x86)/atmel/studio/7.0/toolchain/arm/arm-gnu-toolchain/bin/../lib/gcc/arm-none-eabi/6.3.1/../../../../arm-none-eabi/lib/thumb/v7e-m\libc.a(lib_a-fread.o)
 .ARM.attributes
                0x000006af       0x2e c:/program files (x86)/atmel/studio/7.0/toolchain/arm/arm-gnu-toolchain/bin/../lib/gcc/arm-none-eabi/6.3.1/../../../../arm-none-eabi/lib/thumb/v7e-m\libc.a(lib_a-freer.o)
 .ARM.attributes
                0x000006dd       0x2e c:/program files (x86)/atmel/studio/7.0/toolchain/arm/arm-gnu-toolchain/bin/../lib/gcc/arm-none-eabi/6.3.1/../../../../arm-none-eabi/lib/thumb/v7e-m\libc.a(lib_a-fvwrite.o)
 .ARM.attributes
                0x0000070b       0x2e c:/program files (x86)/atmel/studio/7.0/toolchain/arm/arm-gnu-toolchain/bin/../lib/gcc/arm-none-eabi/6.3.1/../../../../arm-none-eabi/lib/thumb/v7e-m\libc.a(lib_a-fwalk.o)
 .ARM.attributes
                0x00000739       0x2e c:/program files (x86)/atmel/studio/7.0/toolchain/arm/arm-gnu-toolchain/bin/../lib/gcc/arm-none-eabi/6.3.1/../../../../arm-none-eabi/lib/thumb/v7e-m\libc.a(lib_a-iswspace.o)
 .ARM.attributes
                0x00000767       0x2e c:/program files (x86)/atmel/studio/7.0/toolchain/arm/arm-gnu-toolchain/bin/../lib/gcc/arm-none-eabi/6.3.1/../../../../arm-none-eabi/lib/thumb/v7e-m\libc.a(lib_a-locale.o)
 .ARM.attributes
                0x00000795       0x2e c:/program files (x86)/atmel/studio/7.0/toolchain/arm/arm-gnu-toolchain/bin/../lib/gcc/arm-none-eabi/6.3.1/../../../../arm-none-eabi/lib/thumb/v7e-m\libc.a(lib_a-lock.o)
 .ARM.attributes
                0x000007c3       0x2e c:/program files (x86)/atmel/studio/7.0/toolchain/arm/arm-gnu-toolchain/bin/../lib/gcc/arm-none-eabi/6.3.1/../../../../arm-none-eabi/lib/thumb/v7e-m\libc.a(lib_a-makebuf.o)
 .ARM.attributes
                0x000007f1       0x2e c:/program files (x86)/atmel/studio/7.0/toolchain/arm/arm-gnu-toolchain/bin/../lib/gcc/arm-none-eabi/6.3.1/../../../../arm-none-eabi/lib/thumb/v7e-m\libc.a(lib_a-malloc.o)
 .ARM.attributes
                0x0000081f       0x2e c:/program files (x86)/atmel/studio/7.0/toolchain/arm/arm-gnu-toolchain/bin/../lib/gcc/arm-none-eabi/6.3.1/../../../../arm-none-eabi/lib/thumb/v7e-m\libc.a(lib_a-mallocr.o)
 .ARM.attributes
                0x0000084d       0x2e c:/program files (x86)/atmel/studio/7.0/toolchain/arm/arm-gnu-toolchain/bin/../lib/gcc/arm-none-eabi/6.3.1/../../../../arm-none-eabi/lib/thumb/v7e-m\libc.a(lib_a-mbrtowc.o)
 .ARM.attributes
                0x0000087b       0x2e c:/program files (x86)/atmel/studio/7.0/toolchain/arm/arm-gnu-toolchain/bin/../lib/gcc/arm-none-eabi/6.3.1/../../../../arm-none-eabi/lib/thumb/v7e-m\libc.a(lib_a-mbtowc_r.o)
 .ARM.attributes
                0x000008a9       0x1c c:/program files (x86)/atmel/studio/7.0/toolchain/arm/arm-gnu-toolchain/bin/../lib/gcc/arm-none-eabi/6.3.1/../../../../arm-none-eabi/lib/thumb/v7e-m\libc.a(lib_a-memchr.o)
 .ARM.attributes
                0x000008c5       0x1c c:/program files (x86)/atmel/studio/7.0/toolchain/arm/arm-gnu-toolchain/bin/../lib/gcc/arm-none-eabi/6.3.1/../../../../arm-none-eabi/lib/thumb/v7e-m\libc.a(lib_a-memcpy.o)
 .ARM.attributes
                0x000008e1       0x2e c:/program files (x86)/atmel/studio/7.0/toolchain/arm/arm-gnu-toolchain/bin/../lib/gcc/arm-none-eabi/6.3.1/../../../../arm-none-eabi/lib/thumb/v7e-m\libc.a(lib_a-memmove.o)
 .ARM.attributes
                0x0000090f       0x2e c:/program files (x86)/atmel/studio/7.0/toolchain/arm/arm-gnu-toolchain/bin/../lib/gcc/arm-none-eabi/6.3.1/../../../../arm-none-eabi/lib/thumb/v7e-m\libc.a(lib_a-mlock.o)
 .ARM.attributes
                0x0000093d       0x2e c:/program files (x86)/atmel/studio/7.0/toolchain/arm/arm-gnu-toolchain/bin/../lib/gcc/arm-none-eabi/6.3.1/../../../../arm-none-eabi/lib/thumb/v7e-m\libc.a(lib_a-reallocr.o)
 .ARM.attributes
                0x0000096b       0x2e c:/program files (x86)/atmel/studio/7.0/toolchain/arm/arm-gnu-toolchain/bin/../lib/gcc/arm-none-eabi/6.3.1/../../../../arm-none-eabi/lib/thumb/v7e-m\libc.a(lib_a-refill.o)
 .ARM.attributes
                0x00000999       0x2e c:/program files (x86)/atmel/studio/7.0/toolchain/arm/arm-gnu-toolchain/bin/../lib/gcc/arm-none-eabi/6.3.1/../../../../arm-none-eabi/lib/thumb/v7e-m\libc.a(lib_a-sbrkr.o)
 .ARM.attributes
                0x000009c7       0x2e c:/program files (x86)/atmel/studio/7.0/toolchain/arm/arm-gnu-toolchain/bin/../lib/gcc/arm-none-eabi/6.3.1/../../../../arm-none-eabi/lib/thumb/v7e-m\libc.a(lib_a-sccl.o)
 .ARM.attributes
                0x000009f5       0x2e c:/program files (x86)/atmel/studio/7.0/toolchain/arm/arm-gnu-toolchain/bin/../lib/gcc/arm-none-eabi/6.3.1/../../../../arm-none-eabi/lib/thumb/v7e-m\libc.a(lib_a-stdio.o)
 .ARM.attributes
                0x00000a23       0x2e c:/program files (x86)/atmel/studio/7.0/toolchain/arm/arm-gnu-toolchain/bin/../lib/gcc/arm-none-eabi/6.3.1/../../../../arm-none-eabi/lib/thumb/v7e-m\libc.a(lib_a-strtol.o)
 .ARM.attributes
                0x00000a51       0x2e c:/program files (x86)/atmel/studio/7.0/toolchain/arm/arm-gnu-toolchain/bin/../lib/gcc/arm-none-eabi/6.3.1/../../../../arm-none-eabi/lib/thumb/v7e-m\libc.a(lib_a-strtoll.o)
 .ARM.attributes
                0x00000a7f       0x2e c:/program files (x86)/atmel/studio/7.0/toolchain/arm/arm-gnu-toolchain/bin/../lib/gcc/arm-none-eabi/6.3.1/../../../../arm-none-eabi/lib/thumb/v7e-m\libc.a(lib_a-strtoul.o)
 .ARM.attributes
                0x00000aad       0x2e c:/program files (x86)/atmel/studio/7.0/toolchain/arm/arm-gnu-toolchain/bin/../lib/gcc/arm-none-eabi/6.3.1/../../../../arm-none-eabi/lib/thumb/v7e-m\libc.a(lib_a-strtoull.o)
 .ARM.attributes
                0x00000adb       0x2e c:/program files (x86)/atmel/studio/7.0/toolchain/arm/arm-gnu-toolchain/bin/../lib/gcc/arm-none-eabi/6.3.1/../../../../arm-none-eabi/lib/thumb/v7e-m\libc.a(lib_a-ungetc.o)
 .ARM.attributes
                0x00000b09       0x2e c:/program files (x86)/atmel/studio/7.0/toolchain/arm/arm-gnu-toolchain/bin/../lib/gcc/arm-none-eabi/6.3.1/../../../../arm-none-eabi/lib/thumb/v7e-m\libc.a(lib_a-wbuf.o)
 .ARM.attributes
                0x00000b37       0x2e c:/program files (x86)/atmel/studio/7.0/toolchain/arm/arm-gnu-toolchain/bin/../lib/gcc/arm-none-eabi/6.3.1/../../../../arm-none-eabi/lib/thumb/v7e-m\libc.a(lib_a-wcrtomb.o)
 .ARM.attributes
                0x00000b65       0x2e c:/program files (x86)/atmel/studio/7.0/toolchain/arm/arm-gnu-toolchain/bin/../lib/gcc/arm-none-eabi/6.3.1/../../../../arm-none-eabi/lib/thumb/v7e-m\libc.a(lib_a-wctomb_r.o)
 .ARM.attributes
                0x00000b93       0x2e c:/program files (x86)/atmel/studio/7.0/toolchain/arm/arm-gnu-toolchain/bin/../lib/gcc/arm-none-eabi/6.3.1/../../../../arm-none-eabi/lib/thumb/v7e-m\libc.a(lib_a-writer.o)
 .ARM.attributes
                0x00000bc1       0x2e c:/program files (x86)/atmel/studio/7.0/toolchain/arm/arm-gnu-toolchain/bin/../lib/gcc/arm-none-eabi/6.3.1/../../../../arm-none-eabi/lib/thumb/v7e-m\libc.a(lib_a-__atexit.o)
 .ARM.attributes
                0x00000bef       0x2e c:/program files (x86)/atmel/studio/7.0/toolchain/arm/arm-gnu-toolchain/bin/../lib/gcc/arm-none-eabi/6.3.1/../../../../arm-none-eabi/lib/thumb/v7e-m\libc.a(lib_a-closer.o)
 .ARM.attributes
                0x00000c1d       0x2e c:/program files (x86)/atmel/studio/7.0/toolchain/arm/arm-gnu-toolchain/bin/../lib/gcc/arm-none-eabi/6.3.1/../../../../arm-none-eabi/lib/thumb/v7e-m\libc.a(lib_a-ctype_.o)
 .ARM.attributes
                0x00000c4b       0x2e c:/program files (x86)/atmel/studio/7.0/toolchain/arm/arm-gnu-toolchain/bin/../lib/gcc/arm-none-eabi/6.3.1/../../../../arm-none-eabi/lib/thumb/v7e-m\libc.a(lib_a-fclose.o)
 .ARM.attributes
                0x00000c79       0x2e c:/program files (x86)/atmel/studio/7.0/toolchain/arm/arm-gnu-toolchain/bin/../lib/gcc/arm-none-eabi/6.3.1/../../../../arm-none-eabi/lib/thumb/v7e-m\libc.a(lib_a-fstatr.o)
 .ARM.attributes
                0x00000ca7       0x2e c:/program files (x86)/atmel/studio/7.0/toolchain/arm/arm-gnu-toolchain/bin/../lib/gcc/arm-none-eabi/6.3.1/../../../../arm-none-eabi/lib/thumb/v7e-m\libc.a(lib_a-isattyr.o)
 .ARM.attributes
                0x00000cd5       0x2e c:/program files (x86)/atmel/studio/7.0/toolchain/arm/arm-gnu-toolchain/bin/../lib/gcc/arm-none-eabi/6.3.1/../../../../arm-none-eabi/lib/thumb/v7e-m\libc.a(lib_a-lseekr.o)
 .ARM.attributes
                0x00000d03       0x2e c:/program files (x86)/atmel/studio/7.0/toolchain/arm/arm-gnu-toolchain/bin/../lib/gcc/arm-none-eabi/6.3.1/../../../../arm-none-eabi/lib/thumb/v7e-m\libc.a(lib_a-readr.o)
 .ARM.attributes
                0x00000d31       0x2e c:/program files (x86)/atmel/studio/7.0/toolchain/arm/arm-gnu-toolchain/bin/../lib/gcc/arm-none-eabi/6.3.1/../../../../arm-none-eabi/lib/thumb/v7e-m\libc.a(lib_a-reent.o)
 .ARM.attributes
                0x00000d5f       0x1e c:/program files (x86)/atmel/studio/7.0/toolchain/arm/arm-gnu-toolchain/bin/../lib/gcc/arm-none-eabi/6.3.1/thumb/v7e-m\libgcc.a(_aeabi_uldivmod.o)
 .ARM.attributes
                0x00000d7d       0x2e c:/program files (x86)/atmel/studio/7.0/toolchain/arm/arm-gnu-toolchain/bin/../lib/gcc/arm-none-eabi/6.3.1/thumb/v7e-m\libgcc.a(_udivmoddi4.o)
 .ARM.attributes
                0x00000dab       0x1e c:/program files (x86)/atmel/studio/7.0/toolchain/arm/arm-gnu-toolchain/bin/../lib/gcc/arm-none-eabi/6.3.1/thumb/v7e-m\libgcc.a(_dvmd_tls.o)
 .ARM.attributes
                0x00000dc9       0x1e c:/program files (x86)/atmel/studio/7.0/toolchain/arm/arm-gnu-toolchain/bin/../lib/gcc/arm-none-eabi/6.3.1/thumb/v7e-m/crtn.o

.comment        0x00000000       0x59
 .comment       0x00000000       0x59 src/aes_example.o
                                 0x5a (size before relaxing)
 .comment       0x00000059       0x5a src/ASF/common/services/clock/samv71/sysclk.o
 .comment       0x00000059       0x5a src/ASF/common/utils/interrupt/interrupt_sam_nvic.o
 .comment       0x00000059       0x5a src/ASF/common/utils/stdio/read.o
 .comment       0x00000059       0x5a src/ASF/common/utils/stdio/write.o
 .comment       0x00000059       0x5a src/ASF/sam/boards/samv71_xplained_ultra/init.o
 .comment       0x00000059       0x5a src/ASF/sam/drivers/aes/aes.o
 .comment       0x00000059       0x5a src/ASF/sam/drivers/pio/pio.o
 .comment       0x00000059       0x5a src/ASF/sam/drivers/pio/pio_handler.o
 .comment       0x00000059       0x5a src/ASF/sam/drivers/pmc/pmc.o
 .comment       0x00000059       0x5a src/ASF/sam/drivers/uart/uart.o
 .comment       0x00000059       0x5a src/ASF/sam/drivers/usart/usart.o
 .comment       0x00000059       0x5a src/ASF/sam/utils/cmsis/samv71/source/templates/gcc/startup_samv71.o
 .comment       0x00000059       0x5a src/ASF/sam/utils/cmsis/samv71/source/templates/system_samv71.o
 .comment       0x00000059       0x5a src/ASF/sam/utils/syscalls/gcc/syscalls.o

.debug_info     0x00000000    0x1448d
 .debug_info    0x00000000     0x1af0 src/aes_example.o
 .debug_info    0x00001af0     0x12a4 src/ASF/common/services/clock/samv71/sysclk.o
 .debug_info    0x00002d94      0xaff src/ASF/common/utils/interrupt/interrupt_sam_nvic.o
 .debug_info    0x00003893      0xac9 src/ASF/common/utils/stdio/read.o
 .debug_info    0x0000435c      0xac6 src/ASF/common/utils/stdio/write.o
 .debug_info    0x00004e22     0x1ff9 src/ASF/sam/boards/samv71_xplained_ultra/init.o
 .debug_info    0x00006e1b     0x1c8e src/ASF/sam/drivers/aes/aes.o
 .debug_info    0x00008aa9     0x2174 src/ASF/sam/drivers/pio/pio.o
 .debug_info    0x0000ac1d     0x1bb8 src/ASF/sam/drivers/pio/pio_handler.o
 .debug_info    0x0000c7d5     0x1f1c src/ASF/sam/drivers/pmc/pmc.o
 .debug_info    0x0000e6f1     0x1072 src/ASF/sam/drivers/uart/uart.o
 .debug_info    0x0000f763     0x23ac src/ASF/sam/drivers/usart/usart.o
 .debug_info    0x00011b0f     0x15fe src/ASF/sam/utils/cmsis/samv71/source/templates/gcc/startup_samv71.o
 .debug_info    0x0001310d      0x5d0 src/ASF/sam/utils/cmsis/samv71/source/templates/system_samv71.o
 .debug_info    0x000136dd      0xdb0 src/ASF/sam/utils/syscalls/gcc/syscalls.o

.debug_abbrev   0x00000000     0x2bf1
 .debug_abbrev  0x00000000      0x3c3 src/aes_example.o
 .debug_abbrev  0x000003c3      0x31f src/ASF/common/services/clock/samv71/sysclk.o
 .debug_abbrev  0x000006e2      0x221 src/ASF/common/utils/interrupt/interrupt_sam_nvic.o
 .debug_abbrev  0x00000903      0x1fe src/ASF/common/utils/stdio/read.o
 .debug_abbrev  0x00000b01      0x1e9 src/ASF/common/utils/stdio/write.o
 .debug_abbrev  0x00000cea      0x338 src/ASF/sam/boards/samv71_xplained_ultra/init.o
 .debug_abbrev  0x00001022      0x43c src/ASF/sam/drivers/aes/aes.o
 .debug_abbrev  0x0000145e      0x410 src/ASF/sam/drivers/pio/pio.o
 .debug_abbrev  0x0000186e      0x34d src/ASF/sam/drivers/pio/pio_handler.o
 .debug_abbrev  0x00001bbb      0x398 src/ASF/sam/drivers/pmc/pmc.o
 .debug_abbrev  0x00001f53      0x27b src/ASF/sam/drivers/uart/uart.o
 .debug_abbrev  0x000021ce      0x3ca src/ASF/sam/drivers/usart/usart.o
 .debug_abbrev  0x00002598      0x2f3 src/ASF/sam/utils/cmsis/samv71/source/templates/gcc/startup_samv71.o
 .debug_abbrev  0x0000288b      0x102 src/ASF/sam/utils/cmsis/samv71/source/templates/system_samv71.o
 .debug_abbrev  0x0000298d      0x264 src/ASF/sam/utils/syscalls/gcc/syscalls.o

.debug_loc      0x00000000     0x449a
 .debug_loc     0x00000000      0x560 src/aes_example.o
 .debug_loc     0x00000560      0x183 src/ASF/common/services/clock/samv71/sysclk.o
 .debug_loc     0x000006e3       0xb3 src/ASF/common/utils/stdio/read.o
 .debug_loc     0x00000796      0x12b src/ASF/common/utils/stdio/write.o
 .debug_loc     0x000008c1      0x252 src/ASF/sam/boards/samv71_xplained_ultra/init.o
 .debug_loc     0x00000b13      0x5c5 src/ASF/sam/drivers/aes/aes.o
 .debug_loc     0x000010d8      0xea4 src/ASF/sam/drivers/pio/pio.o
 .debug_loc     0x00001f7c      0x59f src/ASF/sam/drivers/pio/pio_handler.o
 .debug_loc     0x0000251b      0xc33 src/ASF/sam/drivers/pmc/pmc.o
 .debug_loc     0x0000314e      0x2a3 src/ASF/sam/drivers/uart/uart.o
 .debug_loc     0x000033f1      0xf35 src/ASF/sam/drivers/usart/usart.o
 .debug_loc     0x00004326       0x77 src/ASF/sam/utils/cmsis/samv71/source/templates/gcc/startup_samv71.o
 .debug_loc     0x0000439d       0xfd src/ASF/sam/utils/syscalls/gcc/syscalls.o

.debug_aranges  0x00000000      0xa40
 .debug_aranges
                0x00000000       0x58 src/aes_example.o
 .debug_aranges
                0x00000058       0x40 src/ASF/common/services/clock/samv71/sysclk.o
 .debug_aranges
                0x00000098       0x28 src/ASF/common/utils/interrupt/interrupt_sam_nvic.o
 .debug_aranges
                0x000000c0       0x20 src/ASF/common/utils/stdio/read.o
 .debug_aranges
                0x000000e0       0x20 src/ASF/common/utils/stdio/write.o
 .debug_aranges
                0x00000100       0x20 src/ASF/sam/boards/samv71_xplained_ultra/init.o
 .debug_aranges
                0x00000120       0x70 src/ASF/sam/drivers/aes/aes.o
 .debug_aranges
                0x00000190      0x1a8 src/ASF/sam/drivers/pio/pio.o
 .debug_aranges
                0x00000338       0x60 src/ASF/sam/drivers/pio/pio_handler.o
 .debug_aranges
                0x00000398      0x270 src/ASF/sam/drivers/pmc/pmc.o
 .debug_aranges
                0x00000608       0xd8 src/ASF/sam/drivers/uart/uart.o
 .debug_aranges
                0x000006e0      0x2a8 src/ASF/sam/drivers/usart/usart.o
 .debug_aranges
                0x00000988       0x28 src/ASF/sam/utils/cmsis/samv71/source/templates/gcc/startup_samv71.o
 .debug_aranges
                0x000009b0       0x30 src/ASF/sam/utils/cmsis/samv71/source/templates/system_samv71.o
 .debug_aranges
                0x000009e0       0x60 src/ASF/sam/utils/syscalls/gcc/syscalls.o

.debug_ranges   0x00000000      0xa88
 .debug_ranges  0x00000000       0x60 src/aes_example.o
 .debug_ranges  0x00000060       0x30 src/ASF/common/services/clock/samv71/sysclk.o
 .debug_ranges  0x00000090       0x18 src/ASF/common/utils/interrupt/interrupt_sam_nvic.o
 .debug_ranges  0x000000a8       0x10 src/ASF/common/utils/stdio/read.o
 .debug_ranges  0x000000b8       0x10 src/ASF/common/utils/stdio/write.o
 .debug_ranges  0x000000c8       0x10 src/ASF/sam/boards/samv71_xplained_ultra/init.o
 .debug_ranges  0x000000d8       0x60 src/ASF/sam/drivers/aes/aes.o
 .debug_ranges  0x00000138      0x2a0 src/ASF/sam/drivers/pio/pio.o
 .debug_ranges  0x000003d8       0x68 src/ASF/sam/drivers/pio/pio_handler.o
 .debug_ranges  0x00000440      0x260 src/ASF/sam/drivers/pmc/pmc.o
 .debug_ranges  0x000006a0       0xc8 src/ASF/sam/drivers/uart/uart.o
 .debug_ranges  0x00000768      0x298 src/ASF/sam/drivers/usart/usart.o
 .debug_ranges  0x00000a00       0x18 src/ASF/sam/utils/cmsis/samv71/source/templates/gcc/startup_samv71.o
 .debug_ranges  0x00000a18       0x20 src/ASF/sam/utils/cmsis/samv71/source/templates/system_samv71.o
 .debug_ranges  0x00000a38       0x50 src/ASF/sam/utils/syscalls/gcc/syscalls.o

.debug_macro    0x00000000    0x20a64
 .debug_macro   0x00000000      0x847 src/aes_example.o
 .debug_macro   0x00000847      0x8ce src/aes_example.o
 .debug_macro   0x00001115      0x16d src/aes_example.o
 .debug_macro   0x00001282      0x71d src/aes_example.o
 .debug_macro   0x0000199f       0x76 src/aes_example.o
 .debug_macro   0x00001a15       0x16 src/aes_example.o
 .debug_macro   0x00001a2b      0x6da src/aes_example.o
 .debug_macro   0x00002105       0x22 src/aes_example.o
 .debug_macro   0x00002127       0x87 src/aes_example.o
 .debug_macro   0x000021ae       0x51 src/aes_example.o
 .debug_macro   0x000021ff       0xef src/aes_example.o
 .debug_macro   0x000022ee       0x6a src/aes_example.o
 .debug_macro   0x00002358      0x1df src/aes_example.o
 .debug_macro   0x00002537       0x51 src/aes_example.o
 .debug_macro   0x00002588       0x1c src/aes_example.o
 .debug_macro   0x000025a4       0x22 src/aes_example.o
 .debug_macro   0x000025c6       0xdf src/aes_example.o
 .debug_macro   0x000026a5     0x12cd src/aes_example.o
 .debug_macro   0x00003972      0x11f src/aes_example.o
 .debug_macro   0x00003a91       0x19 src/aes_example.o
 .debug_macro   0x00003aaa      0x191 src/aes_example.o
 .debug_macro   0x00003c3b      0x2ee src/aes_example.o
 .debug_macro   0x00003f29      0xa23 src/aes_example.o
 .debug_macro   0x0000494c      0x1b4 src/aes_example.o
 .debug_macro   0x00004b00      0x35f src/aes_example.o
 .debug_macro   0x00004e5f      0x15a src/aes_example.o
 .debug_macro   0x00004fb9     0x18f9 src/aes_example.o
 .debug_macro   0x000068b2       0x1c src/aes_example.o
 .debug_macro   0x000068ce      0x6a2 src/aes_example.o
 .debug_macro   0x00006f70      0x263 src/aes_example.o
 .debug_macro   0x000071d3      0x315 src/aes_example.o
 .debug_macro   0x000074e8      0x4f0 src/aes_example.o
 .debug_macro   0x000079d8      0x2c4 src/aes_example.o
 .debug_macro   0x00007c9c     0x1527 src/aes_example.o
 .debug_macro   0x000091c3      0x285 src/aes_example.o
 .debug_macro   0x00009448     0x2a40 src/aes_example.o
 .debug_macro   0x0000be88     0x113e src/aes_example.o
 .debug_macro   0x0000cfc6      0xcdb src/aes_example.o
 .debug_macro   0x0000dca1      0x3c6 src/aes_example.o
 .debug_macro   0x0000e067       0xa0 src/aes_example.o
 .debug_macro   0x0000e107       0x76 src/aes_example.o
 .debug_macro   0x0000e17d      0x41e src/aes_example.o
 .debug_macro   0x0000e59b       0x64 src/aes_example.o
 .debug_macro   0x0000e5ff      0x299 src/aes_example.o
 .debug_macro   0x0000e898      0x201 src/aes_example.o
 .debug_macro   0x0000ea99      0x264 src/aes_example.o
 .debug_macro   0x0000ecfd      0x539 src/aes_example.o
 .debug_macro   0x0000f236      0x650 src/aes_example.o
 .debug_macro   0x0000f886      0x6fd src/aes_example.o
 .debug_macro   0x0000ff83       0x64 src/aes_example.o
 .debug_macro   0x0000ffe7      0x4c4 src/aes_example.o
 .debug_macro   0x000104ab      0x237 src/aes_example.o
 .debug_macro   0x000106e2      0xa06 src/aes_example.o
 .debug_macro   0x000110e8     0x14f3 src/aes_example.o
 .debug_macro   0x000125db       0x40 src/aes_example.o
 .debug_macro   0x0001261b       0x76 src/aes_example.o
 .debug_macro   0x00012691      0xdd1 src/aes_example.o
 .debug_macro   0x00013462       0x88 src/aes_example.o
 .debug_macro   0x000134ea       0x7c src/aes_example.o
 .debug_macro   0x00013566       0x52 src/aes_example.o
 .debug_macro   0x000135b8      0x133 src/aes_example.o
 .debug_macro   0x000136eb      0x133 src/aes_example.o
 .debug_macro   0x0001381e      0x133 src/aes_example.o
 .debug_macro   0x00013951       0x76 src/aes_example.o
 .debug_macro   0x000139c7       0x76 src/aes_example.o
 .debug_macro   0x00013a3d      0x2fe src/aes_example.o
 .debug_macro   0x00013d3b       0xca src/aes_example.o
 .debug_macro   0x00013e05       0xca src/aes_example.o
 .debug_macro   0x00013ecf       0xca src/aes_example.o
 .debug_macro   0x00013f99      0x13b src/aes_example.o
 .debug_macro   0x000140d4      0x13b src/aes_example.o
 .debug_macro   0x0001420f      0x2cd src/aes_example.o
 .debug_macro   0x000144dc       0xbe src/aes_example.o
 .debug_macro   0x0001459a       0x64 src/aes_example.o
 .debug_macro   0x000145fe       0x46 src/aes_example.o
 .debug_macro   0x00014644       0x4c src/aes_example.o
 .debug_macro   0x00014690       0xa6 src/aes_example.o
 .debug_macro   0x00014736      0x4b7 src/aes_example.o
 .debug_macro   0x00014bed      0x133 src/aes_example.o
 .debug_macro   0x00014d20       0x52 src/aes_example.o
 .debug_macro   0x00014d72      0x2fe src/aes_example.o
 .debug_macro   0x00015070       0x76 src/aes_example.o
 .debug_macro   0x000150e6       0xbe src/aes_example.o
 .debug_macro   0x000151a4       0x76 src/aes_example.o
 .debug_macro   0x0001521a       0x70 src/aes_example.o
 .debug_macro   0x0001528a       0x34 src/aes_example.o
 .debug_macro   0x000152be      0x9b8 src/aes_example.o
 .debug_macro   0x00015c76       0x70 src/aes_example.o
 .debug_macro   0x00015ce6       0x8e src/aes_example.o
 .debug_macro   0x00015d74       0x5e src/aes_example.o
 .debug_macro   0x00015dd2       0xb8 src/aes_example.o
 .debug_macro   0x00015e8a       0x4c src/aes_example.o
 .debug_macro   0x00015ed6       0x4c src/aes_example.o
 .debug_macro   0x00015f22       0x16 src/aes_example.o
 .debug_macro   0x00015f38       0xfa src/aes_example.o
 .debug_macro   0x00016032       0x52 src/aes_example.o
 .debug_macro   0x00016084       0x16 src/aes_example.o
 .debug_macro   0x0001609a       0x52 src/aes_example.o
 .debug_macro   0x000160ec       0x2e src/aes_example.o
 .debug_macro   0x0001611a      0x1b3 src/aes_example.o
 .debug_macro   0x000162cd      0x1b3 src/aes_example.o
 .debug_macro   0x00016480      0x1b3 src/aes_example.o
 .debug_macro   0x00016633      0x1b3 src/aes_example.o
 .debug_macro   0x000167e6      0x1b3 src/aes_example.o
 .debug_macro   0x00016999       0x1c src/aes_example.o
 .debug_macro   0x000169b5       0x34 src/aes_example.o
 .debug_macro   0x000169e9       0x22 src/aes_example.o
 .debug_macro   0x00016a0b       0x1c src/aes_example.o
 .debug_macro   0x00016a27       0x58 src/aes_example.o
 .debug_macro   0x00016a7f       0x10 src/aes_example.o
 .debug_macro   0x00016a8f       0x1c src/aes_example.o
 .debug_macro   0x00016aab       0x52 src/aes_example.o
 .debug_macro   0x00016afd       0x52 src/aes_example.o
 .debug_macro   0x00016b4f       0x52 src/aes_example.o
 .debug_macro   0x00016ba1      0x345 src/aes_example.o
 .debug_macro   0x00016ee6     0x1073 src/aes_example.o
 .debug_macro   0x00017f59      0x107 src/aes_example.o
 .debug_macro   0x00018060       0x58 src/aes_example.o
 .debug_macro   0x000180b8       0x35 src/aes_example.o
 .debug_macro   0x000180ed       0x9c src/aes_example.o
 .debug_macro   0x00018189       0x16 src/aes_example.o
 .debug_macro   0x0001819f       0x35 src/aes_example.o
 .debug_macro   0x000181d4      0x34d src/aes_example.o
 .debug_macro   0x00018521       0x10 src/aes_example.o
 .debug_macro   0x00018531       0x58 src/aes_example.o
 .debug_macro   0x00018589       0x1f src/aes_example.o
 .debug_macro   0x000185a8       0x43 src/aes_example.o
 .debug_macro   0x000185eb       0x20 src/aes_example.o
 .debug_macro   0x0001860b      0x187 src/aes_example.o
 .debug_macro   0x00018792       0x10 src/aes_example.o
 .debug_macro   0x000187a2       0x1c src/aes_example.o
 .debug_macro   0x000187be       0x52 src/aes_example.o
 .debug_macro   0x00018810       0x40 src/aes_example.o
 .debug_macro   0x00018850       0x10 src/aes_example.o
 .debug_macro   0x00018860       0x40 src/aes_example.o
 .debug_macro   0x000188a0       0xd7 src/aes_example.o
 .debug_macro   0x00018977       0x16 src/aes_example.o
 .debug_macro   0x0001898d      0x18b src/aes_example.o
 .debug_macro   0x00018b18       0x22 src/aes_example.o
 .debug_macro   0x00018b3a       0x16 src/aes_example.o
 .debug_macro   0x00018b50       0x16 src/aes_example.o
 .debug_macro   0x00018b66       0x29 src/aes_example.o
 .debug_macro   0x00018b8f       0x73 src/aes_example.o
 .debug_macro   0x00018c02       0x3e src/aes_example.o
 .debug_macro   0x00018c40      0x3ca src/aes_example.o
 .debug_macro   0x0001900a       0x94 src/aes_example.o
 .debug_macro   0x0001909e       0x40 src/aes_example.o
 .debug_macro   0x000190de      0x2df src/aes_example.o
 .debug_macro   0x000193bd      0xc89 src/aes_example.o
 .debug_macro   0x0001a046       0x3a src/aes_example.o
 .debug_macro   0x0001a080       0x70 src/aes_example.o
 .debug_macro   0x0001a0f0       0x64 src/aes_example.o
 .debug_macro   0x0001a154       0x5f src/aes_example.o
 .debug_macro   0x0001a1b3       0xac src/aes_example.o
 .debug_macro   0x0001a25f       0x82 src/aes_example.o
 .debug_macro   0x0001a2e1      0x1cf src/aes_example.o
 .debug_macro   0x0001a4b0       0x34 src/aes_example.o
 .debug_macro   0x0001a4e4       0x16 src/aes_example.o
 .debug_macro   0x0001a4fa       0x1c src/aes_example.o
 .debug_macro   0x0001a516       0x10 src/aes_example.o
 .debug_macro   0x0001a526       0x1c src/aes_example.o
 .debug_macro   0x0001a542       0x2e src/aes_example.o
 .debug_macro   0x0001a570       0x28 src/aes_example.o
 .debug_macro   0x0001a598       0x16 src/aes_example.o
 .debug_macro   0x0001a5ae      0x71c src/ASF/common/services/clock/samv71/sysclk.o
 .debug_macro   0x0001acca      0x2d9 src/ASF/common/services/clock/samv71/sysclk.o
 .debug_macro   0x0001afa3      0x6a1 src/ASF/common/utils/interrupt/interrupt_sam_nvic.o
 .debug_macro   0x0001b644      0x6a1 src/ASF/common/utils/stdio/read.o
 .debug_macro   0x0001bce5      0x6a1 src/ASF/common/utils/stdio/write.o
 .debug_macro   0x0001c386      0x758 src/ASF/sam/boards/samv71_xplained_ultra/init.o
 .debug_macro   0x0001cade       0x16 src/ASF/sam/boards/samv71_xplained_ultra/init.o
 .debug_macro   0x0001caf4      0x753 src/ASF/sam/drivers/aes/aes.o
 .debug_macro   0x0001d247      0x6b7 src/ASF/sam/drivers/pio/pio.o
 .debug_macro   0x0001d8fe       0x8e src/ASF/sam/drivers/pio/pio.o
 .debug_macro   0x0001d98c      0x6c2 src/ASF/sam/drivers/pio/pio_handler.o
 .debug_macro   0x0001e04e      0x6b7 src/ASF/sam/drivers/pmc/pmc.o
 .debug_macro   0x0001e705       0x6a src/ASF/sam/drivers/pmc/pmc.o
 .debug_macro   0x0001e76f      0x6b1 src/ASF/sam/drivers/uart/uart.o
 .debug_macro   0x0001ee20       0x16 src/ASF/sam/drivers/uart/uart.o
 .debug_macro   0x0001ee36      0x6e7 src/ASF/sam/drivers/usart/usart.o
 .debug_macro   0x0001f51d       0x28 src/ASF/sam/drivers/usart/usart.o
 .debug_macro   0x0001f545      0x6b0 src/ASF/sam/utils/cmsis/samv71/source/templates/gcc/startup_samv71.o
 .debug_macro   0x0001fbf5       0x10 src/ASF/sam/utils/cmsis/samv71/source/templates/gcc/startup_samv71.o
 .debug_macro   0x0001fc05      0x49a src/ASF/sam/utils/cmsis/samv71/source/templates/system_samv71.o
 .debug_macro   0x0002009f      0x1d6 src/ASF/sam/utils/syscalls/gcc/syscalls.o
 .debug_macro   0x00020275       0x52 src/ASF/sam/utils/syscalls/gcc/syscalls.o
 .debug_macro   0x000202c7       0x8d src/ASF/sam/utils/syscalls/gcc/syscalls.o
 .debug_macro   0x00020354       0x57 src/ASF/sam/utils/syscalls/gcc/syscalls.o
 .debug_macro   0x000203ab       0x97 src/ASF/sam/utils/syscalls/gcc/syscalls.o
 .debug_macro   0x00020442      0x353 src/ASF/sam/utils/syscalls/gcc/syscalls.o
 .debug_macro   0x00020795       0xf6 src/ASF/sam/utils/syscalls/gcc/syscalls.o
 .debug_macro   0x0002088b       0x4c src/ASF/sam/utils/syscalls/gcc/syscalls.o
 .debug_macro   0x000208d7       0x16 src/ASF/sam/utils/syscalls/gcc/syscalls.o
 .debug_macro   0x000208ed       0x10 src/ASF/sam/utils/syscalls/gcc/syscalls.o
 .debug_macro   0x000208fd       0x10 src/ASF/sam/utils/syscalls/gcc/syscalls.o
 .debug_macro   0x0002090d       0x35 src/ASF/sam/utils/syscalls/gcc/syscalls.o
 .debug_macro   0x00020942      0x122 src/ASF/sam/utils/syscalls/gcc/syscalls.o

.debug_line     0x00000000     0xb2d5
 .debug_line    0x00000000      0xfe2 src/aes_example.o
 .debug_line    0x00000fe2      0xba0 src/ASF/common/services/clock/samv71/sysclk.o
 .debug_line    0x00001b82      0xa41 src/ASF/common/utils/interrupt/interrupt_sam_nvic.o
 .debug_line    0x000025c3      0xa2c src/ASF/common/utils/stdio/read.o
 .debug_line    0x00002fef      0xa24 src/ASF/common/utils/stdio/write.o
 .debug_line    0x00003a13      0xc8e src/ASF/sam/boards/samv71_xplained_ultra/init.o
 .debug_line    0x000046a1      0xdae src/ASF/sam/drivers/aes/aes.o
 .debug_line    0x0000544f      0xf28 src/ASF/sam/drivers/pio/pio.o
 .debug_line    0x00006377      0xb10 src/ASF/sam/drivers/pio/pio_handler.o
 .debug_line    0x00006e87     0x10ec src/ASF/sam/drivers/pmc/pmc.o
 .debug_line    0x00007f73      0xbbe src/ASF/sam/drivers/uart/uart.o
 .debug_line    0x00008b31     0x10bb src/ASF/sam/drivers/usart/usart.o
 .debug_line    0x00009bec      0xab1 src/ASF/sam/utils/cmsis/samv71/source/templates/gcc/startup_samv71.o
 .debug_line    0x0000a69d      0x82d src/ASF/sam/utils/cmsis/samv71/source/templates/system_samv71.o
 .debug_line    0x0000aeca      0x40b src/ASF/sam/utils/syscalls/gcc/syscalls.o

.debug_str      0x00000000    0x93ce2
 .debug_str     0x00000000    0x8ffb1 src/aes_example.o
                              0x90720 (size before relaxing)
 .debug_str     0x0008ffb1      0x449 src/ASF/common/services/clock/samv71/sysclk.o
                              0x8ea45 (size before relaxing)
 .debug_str     0x000903fa       0x94 src/ASF/common/utils/interrupt/interrupt_sam_nvic.o
                              0x89b74 (size before relaxing)
 .debug_str     0x0009048e       0x2c src/ASF/common/utils/stdio/read.o
                              0x89b1d (size before relaxing)
 .debug_str     0x000904ba       0x26 src/ASF/common/utils/stdio/write.o
                              0x89b1e (size before relaxing)
 .debug_str     0x000904e0      0x97f src/ASF/sam/boards/samv71_xplained_ultra/init.o
                              0x8f5aa (size before relaxing)
 .debug_str     0x00090e5f      0x689 src/ASF/sam/drivers/aes/aes.o
                              0x8f217 (size before relaxing)
 .debug_str     0x000914e8      0x5a3 src/ASF/sam/drivers/pio/pio.o
                              0x8a6d6 (size before relaxing)
 .debug_str     0x00091a8b       0xee src/ASF/sam/drivers/pio/pio_handler.o
                              0x8a8ba (size before relaxing)
 .debug_str     0x00091b79      0x6f2 src/ASF/sam/drivers/pmc/pmc.o
                              0x8a8ac (size before relaxing)
 .debug_str     0x0009226b      0x1fc src/ASF/sam/drivers/uart/uart.o
                              0x89e3b (size before relaxing)
 .debug_str     0x00092467      0x90a src/ASF/sam/drivers/usart/usart.o
                              0x8a6af (size before relaxing)
 .debug_str     0x00092d71      0x6d4 src/ASF/sam/utils/cmsis/samv71/source/templates/gcc/startup_samv71.o
                              0x8a40f (size before relaxing)
 .debug_str     0x00093445      0x122 src/ASF/sam/utils/cmsis/samv71/source/templates/system_samv71.o
                              0x79642 (size before relaxing)
 .debug_str     0x00093567      0x77b src/ASF/sam/utils/syscalls/gcc/syscalls.o
                               0x7435 (size before relaxing)

.debug_frame    0x00000000     0x2850
 .debug_frame   0x00000000      0x114 src/aes_example.o
 .debug_frame   0x00000114       0x88 src/ASF/common/services/clock/samv71/sysclk.o
 .debug_frame   0x0000019c       0x30 src/ASF/common/utils/interrupt/interrupt_sam_nvic.o
 .debug_frame   0x000001cc       0x30 src/ASF/common/utils/stdio/read.o
 .debug_frame   0x000001fc       0x48 src/ASF/common/utils/stdio/write.o
 .debug_frame   0x00000244       0x30 src/ASF/sam/boards/samv71_xplained_ultra/init.o
 .debug_frame   0x00000274      0x13c src/ASF/sam/drivers/aes/aes.o
 .debug_frame   0x000003b0      0x390 src/ASF/sam/drivers/pio/pio.o
 .debug_frame   0x00000740      0x110 src/ASF/sam/drivers/pio/pio_handler.o
 .debug_frame   0x00000850      0x4ec src/ASF/sam/drivers/pmc/pmc.o
 .debug_frame   0x00000d3c      0x19c src/ASF/sam/drivers/uart/uart.o
 .debug_frame   0x00000ed8      0x5c0 src/ASF/sam/drivers/usart/usart.o
 .debug_frame   0x00001498       0x38 src/ASF/sam/utils/cmsis/samv71/source/templates/gcc/startup_samv71.o
 .debug_frame   0x000014d0       0x40 src/ASF/sam/utils/cmsis/samv71/source/templates/system_samv71.o
 .debug_frame   0x00001510       0xa0 src/ASF/sam/utils/syscalls/gcc/syscalls.o
 .debug_frame   0x000015b0       0x2c c:/program files (x86)/atmel/studio/7.0/toolchain/arm/arm-gnu-toolchain/bin/../lib/gcc/arm-none-eabi/6.3.1/../../../../arm-none-eabi/lib/thumb/v7e-m\libc.a(lib_a-init.o)
 .debug_frame   0x000015dc       0x74 c:/program files (x86)/atmel/studio/7.0/toolchain/arm/arm-gnu-toolchain/bin/../lib/gcc/arm-none-eabi/6.3.1/../../../../arm-none-eabi/lib/thumb/v7e-m\libc.a(lib_a-iprintf.o)
 .debug_frame   0x00001650       0x74 c:/program files (x86)/atmel/studio/7.0/toolchain/arm/arm-gnu-toolchain/bin/../lib/gcc/arm-none-eabi/6.3.1/../../../../arm-none-eabi/lib/thumb/v7e-m\libc.a(lib_a-iscanf.o)
 .debug_frame   0x000016c4       0x34 c:/program files (x86)/atmel/studio/7.0/toolchain/arm/arm-gnu-toolchain/bin/../lib/gcc/arm-none-eabi/6.3.1/../../../../arm-none-eabi/lib/thumb/v7e-m\libc.a(lib_a-memset.o)
 .debug_frame   0x000016f8       0x20 c:/program files (x86)/atmel/studio/7.0/toolchain/arm/arm-gnu-toolchain/bin/../lib/gcc/arm-none-eabi/6.3.1/../../../../arm-none-eabi/lib/thumb/v7e-m\libc.a(lib_a-setbuf.o)
 .debug_frame   0x00001718       0x48 c:/program files (x86)/atmel/studio/7.0/toolchain/arm/arm-gnu-toolchain/bin/../lib/gcc/arm-none-eabi/6.3.1/../../../../arm-none-eabi/lib/thumb/v7e-m\libc.a(lib_a-setvbuf.o)
 .debug_frame   0x00001760       0xd8 c:/program files (x86)/atmel/studio/7.0/toolchain/arm/arm-gnu-toolchain/bin/../lib/gcc/arm-none-eabi/6.3.1/../../../../arm-none-eabi/lib/thumb/v7e-m\libc.a(lib_a-vfiprintf.o)
 .debug_frame   0x00001838       0xbc c:/program files (x86)/atmel/studio/7.0/toolchain/arm/arm-gnu-toolchain/bin/../lib/gcc/arm-none-eabi/6.3.1/../../../../arm-none-eabi/lib/thumb/v7e-m\libc.a(lib_a-vfiscanf.o)
 .debug_frame   0x000018f4       0x2c c:/program files (x86)/atmel/studio/7.0/toolchain/arm/arm-gnu-toolchain/bin/../lib/gcc/arm-none-eabi/6.3.1/../../../../arm-none-eabi/lib/thumb/v7e-m\libc.a(lib_a-wsetup.o)
 .debug_frame   0x00001920       0x5c c:/program files (x86)/atmel/studio/7.0/toolchain/arm/arm-gnu-toolchain/bin/../lib/gcc/arm-none-eabi/6.3.1/../../../../arm-none-eabi/lib/thumb/v7e-m\libc.a(lib_a-__call_atexit.o)
 .debug_frame   0x0000197c       0x20 c:/program files (x86)/atmel/studio/7.0/toolchain/arm/arm-gnu-toolchain/bin/../lib/gcc/arm-none-eabi/6.3.1/../../../../arm-none-eabi/lib/thumb/v7e-m\libc.a(lib_a-atexit.o)
 .debug_frame   0x0000199c       0x5c c:/program files (x86)/atmel/studio/7.0/toolchain/arm/arm-gnu-toolchain/bin/../lib/gcc/arm-none-eabi/6.3.1/../../../../arm-none-eabi/lib/thumb/v7e-m\libc.a(lib_a-fflush.o)
 .debug_frame   0x000019f8      0x148 c:/program files (x86)/atmel/studio/7.0/toolchain/arm/arm-gnu-toolchain/bin/../lib/gcc/arm-none-eabi/6.3.1/../../../../arm-none-eabi/lib/thumb/v7e-m\libc.a(lib_a-findfp.o)
 .debug_frame   0x00001b40       0x34 c:/program files (x86)/atmel/studio/7.0/toolchain/arm/arm-gnu-toolchain/bin/../lib/gcc/arm-none-eabi/6.3.1/../../../../arm-none-eabi/lib/thumb/v7e-m\libc.a(lib_a-fini.o)