Archive member included to satisfy reference by file (symbol)

c:/program files (x86)/atmel/studio/7.0/toolchain/arm/arm-gnu-toolchain/bin/../lib/gcc/arm-none-eabi/6.3.1/../../../../arm-none-eabi/lib/thumb/v7e-m\libc.a(lib_a-exit.o)
                              c:/program files (x86)/atmel/studio/7.0/toolchain/arm/arm-gnu-toolchain/bin/../lib/gcc/arm-none-eabi/6.3.1/../../../../arm-none-eabi/lib/thumb/v7e-m/crt0.o (exit)
c:/program files (x86)/atmel/studio/7.0/toolchain/arm/arm-gnu-toolchain/bin/../lib/gcc/arm-none-eabi/6.3.1/../../../../arm-none-eabi/lib/thumb/v7e-m\libc.a(lib_a-impure.o)
                              c:/program files (x86)/atmel/studio/7.0/toolchain/arm/arm-gnu-toolchain/bin/../lib/gcc/arm-none-eabi/6.3.1/../../../../arm-none-eabi/lib/thumb/v7e-m\libc.a(lib_a-exit.o) (_global_impure_ptr)
c:/program files (x86)/atmel/studio/7.0/toolchain/arm/arm-gnu-toolchain/bin/../lib/gcc/arm-none-eabi/6.3.1/../../../../arm-none-eabi/lib/thumb/v7e-m\libc.a(lib_a-init.o)
                              c:/program files (x86)/atmel/studio/7.0/toolchain/arm/arm-gnu-toolchain/bin/../lib/gcc/arm-none-eabi/6.3.1/../../../../arm-none-eabi/lib/thumb/v7e-m/crt0.o (__libc_init_array)
c:/program files (x86)/atmel/studio/7.0/toolchain/arm/arm-gnu-toolchain/bin/../lib/gcc/arm-none-eabi/6.3.1/../../../../arm-none-eabi/lib/thumb/v7e-m\libc.a(lib_a-iprintf.o)
                              src/rtt_example.o (iprintf)
c:/program files (x86)/atmel/studio/7.0/toolchain/arm/arm-gnu-toolchain/bin/../lib/gcc/arm-none-eabi/6.3.1/../../../../arm-none-eabi/lib/thumb/v7e-m\libc.a(lib_a-memset.o)
                              c:/program files (x86)/atmel/studio/7.0/toolchain/arm/arm-gnu-toolchain/bin/../lib/gcc/arm-none-eabi/6.3.1/../../../../arm-none-eabi/lib/thumb/v7e-m/crt0.o (memset)
c:/program files (x86)/atmel/studio/7.0/toolchain/arm/arm-gnu-toolchain/bin/../lib/gcc/arm-none-eabi/6.3.1/../../../../arm-none-eabi/lib/thumb/v7e-m\libc.a(lib_a-puts.o)
                              src/rtt_example.o (puts)
c:/program files (x86)/atmel/studio/7.0/toolchain/arm/arm-gnu-toolchain/bin/../lib/gcc/arm-none-eabi/6.3.1/../../../../arm-none-eabi/lib/thumb/v7e-m\libc.a(lib_a-setbuf.o)
                              src/rtt_example.o (setbuf)
c:/program files (x86)/atmel/studio/7.0/toolchain/arm/arm-gnu-toolchain/bin/../lib/gcc/arm-none-eabi/6.3.1/../../../../arm-none-eabi/lib/thumb/v7e-m\libc.a(lib_a-setvbuf.o)
                              c:/program files (x86)/atmel/studio/7.0/toolchain/arm/arm-gnu-toolchain/bin/../lib/gcc/arm-none-eabi/6.3.1/../../../../arm-none-eabi/lib/thumb/v7e-m\libc.a(lib_a-setbuf.o) (setvbuf)
c:/program files (x86)/atmel/studio/7.0/toolchain/arm/arm-gnu-toolchain/bin/../lib/gcc/arm-none-eabi/6.3.1/../../../../arm-none-eabi/lib/thumb/v7e-m\libc.a(lib_a-strlen.o)
                              c:/program files (x86)/atmel/studio/7.0/toolchain/arm/arm-gnu-toolchain/bin/../lib/gcc/arm-none-eabi/6.3.1/../../../../arm-none-eabi/lib/thumb/v7e-m\libc.a(lib_a-puts.o) (strlen)
c:/program files (x86)/atmel/studio/7.0/toolchain/arm/arm-gnu-toolchain/bin/../lib/gcc/arm-none-eabi/6.3.1/../../../../arm-none-eabi/lib/thumb/v7e-m\libc.a(lib_a-vfiprintf.o)
                              c:/program files (x86)/atmel/studio/7.0/toolchain/arm/arm-gnu-toolchain/bin/../lib/gcc/arm-none-eabi/6.3.1/../../../../arm-none-eabi/lib/thumb/v7e-m\libc.a(lib_a-iprintf.o) (_vfiprintf_r)
c:/program files (x86)/atmel/studio/7.0/toolchain/arm/arm-gnu-toolchain/bin/../lib/gcc/arm-none-eabi/6.3.1/../../../../arm-none-eabi/lib/thumb/v7e-m\libc.a(lib_a-wsetup.o)
                              c:/program files (x86)/atmel/studio/7.0/toolchain/arm/arm-gnu-toolchain/bin/../lib/gcc/arm-none-eabi/6.3.1/../../../../arm-none-eabi/lib/thumb/v7e-m\libc.a(lib_a-vfiprintf.o) (__swsetup_r)
c:/program files (x86)/atmel/studio/7.0/toolchain/arm/arm-gnu-toolchain/bin/../lib/gcc/arm-none-eabi/6.3.1/../../../../arm-none-eabi/lib/thumb/v7e-m\libc.a(lib_a-__call_atexit.o)
                              c:/program files (x86)/atmel/studio/7.0/toolchain/arm/arm-gnu-toolchain/bin/../lib/gcc/arm-none-eabi/6.3.1/../../../../arm-none-eabi/lib/thumb/v7e-m\libc.a(lib_a-exit.o) (__call_exitprocs)
c:/program files (x86)/atmel/studio/7.0/toolchain/arm/arm-gnu-toolchain/bin/../lib/gcc/arm-none-eabi/6.3.1/../../../../arm-none-eabi/lib/thumb/v7e-m\libc.a(lib_a-atexit.o)
                              c:/program files (x86)/atmel/studio/7.0/toolchain/arm/arm-gnu-toolchain/bin/../lib/gcc/arm-none-eabi/6.3.1/../../../../arm-none-eabi/lib/thumb/v7e-m\libc.a(lib_a-__call_atexit.o) (atexit)
c:/program files (x86)/atmel/studio/7.0/toolchain/arm/arm-gnu-toolchain/bin/../lib/gcc/arm-none-eabi/6.3.1/../../../../arm-none-eabi/lib/thumb/v7e-m\libc.a(lib_a-fflush.o)
                              c:/program files (x86)/atmel/studio/7.0/toolchain/arm/arm-gnu-toolchain/bin/../lib/gcc/arm-none-eabi/6.3.1/../../../../arm-none-eabi/lib/thumb/v7e-m\libc.a(lib_a-setvbuf.o) (_fflush_r)
[...]
Memory Configuration

Name             Origin             Length             Attributes
rom              0x00400000         0x00200000         xr
ram              0x20400000         0x00060000         xrw
*default*        0x00000000         0xffffffff

Linker script and memory map

LOAD c:/program files (x86)/atmel/studio/7.0/toolchain/arm/arm-gnu-toolchain/bin/../lib/gcc/arm-none-eabi/6.3.1/thumb/v7e-m/crti.o
LOAD c:/program files (x86)/atmel/studio/7.0/toolchain/arm/arm-gnu-toolchain/bin/../lib/gcc/arm-none-eabi/6.3.1/thumb/v7e-m/crtbegin.o
LOAD c:/program files (x86)/atmel/studio/7.0/toolchain/arm/arm-gnu-toolchain/bin/../lib/gcc/arm-none-eabi/6.3.1/../../../../arm-none-eabi/lib/thumb/v7e-m/crt0.o
LOAD src/ASF/common/services/clock/samv71/sysclk.o
LOAD src/ASF/common/services/serial/usart_serial.o
LOAD src/ASF/common/utils/interrupt/interrupt_sam_nvic.o
LOAD src/ASF/common/utils/stdio/read.o
LOAD src/ASF/common/utils/stdio/write.o
LOAD src/ASF/sam/boards/samv71_xplained_ultra/init.o
LOAD src/ASF/sam/drivers/mpu/mpu.o
LOAD src/ASF/sam/drivers/pio/pio.o
LOAD src/ASF/sam/drivers/pio/pio_handler.o
LOAD src/ASF/sam/drivers/pmc/pmc.o
LOAD src/ASF/sam/drivers/pmc/sleep.o
LOAD src/ASF/sam/drivers/rtt/rtt.o
LOAD src/ASF/sam/drivers/uart/uart.o
LOAD src/ASF/sam/drivers/usart/usart.o
LOAD src/ASF/sam/utils/cmsis/samv71/source/templates/gcc/startup_samv71.o
LOAD src/ASF/sam/utils/cmsis/samv71/source/templates/system_samv71.o
LOAD src/ASF/sam/utils/syscalls/gcc/syscalls.o
LOAD src/rtt_example.o
START GROUP
LOAD ../src/ASF/thirdparty/CMSIS/Lib/GCC\libarm_cortexM7lfsp_math_softfp.a
LOAD c:/program files (x86)/atmel/studio/7.0/toolchain/arm/arm-gnu-toolchain/bin/../lib/gcc/arm-none-eabi/6.3.1/../../../../arm-none-eabi/lib/thumb/v7e-m\libm.a
END GROUP
START GROUP
LOAD c:/program files (x86)/atmel/studio/7.0/toolchain/arm/arm-gnu-toolchain/bin/../lib/gcc/arm-none-eabi/6.3.1/thumb/v7e-m\libgcc.a
LOAD c:/program files (x86)/atmel/studio/7.0/toolchain/arm/arm-gnu-toolchain/bin/../lib/gcc/arm-none-eabi/6.3.1/../../../../arm-none-eabi/lib/thumb/v7e-m\libc.a
END GROUP
LOAD c:/program files (x86)/atmel/studio/7.0/toolchain/arm/arm-gnu-toolchain/bin/../lib/gcc/arm-none-eabi/6.3.1/thumb/v7e-m/crtend.o
LOAD c:/program files (x86)/atmel/studio/7.0/toolchain/arm/arm-gnu-toolchain/bin/../lib/gcc/arm-none-eabi/6.3.1/thumb/v7e-m/crtn.o
                0x00002000                STACK_SIZE = DEFINED (STACK_SIZE)?STACK_SIZE:0x2000
                0x2045fffc                __ram_end__ = ((ORIGIN (ram) + LENGTH (ram)) - 0x4)
                0x00000200                HEAP_SIZE = DEFINED (HEAP_SIZE)?HEAP_SIZE:0x200

.text           0x00400000     0x40c8
                0x00400000                . = ALIGN (0x4)
                0x00400000                _sfixed = .
 *(.vectors .vectors.*)
 .vectors       0x00400000      0x168 src/ASF/sam/utils/cmsis/samv71/source/templates/gcc/startup_samv71.o
                0x00400000                exception_table
 *(.text .text.* .gnu.linkonce.t.*)
 .text          0x00400168       0x6c c:/program files (x86)/atmel/studio/7.0/toolchain/arm/arm-gnu-toolchain/bin/../lib/gcc/arm-none-eabi/6.3.1/thumb/v7e-m/crtbegin.o
 .text.sysclk_init
                0x004001d4       0x70 src/ASF/common/services/clock/samv71/sysclk.o
                0x004001d4                sysclk_init
 .text._read    0x00400244       0x3c src/ASF/common/utils/stdio/read.o
                0x00400244                _read
 .text._write   0x00400280       0x50 src/ASF/common/utils/stdio/write.o
                0x00400280                _write
 .text.board_init
                0x004002d0      0x19c src/ASF/sam/boards/samv71_xplained_ultra/init.o
                0x004002d0                board_init
 .text.pio_get_interrupt_status
                0x0040046c        0x4 src/ASF/sam/drivers/pio/pio.o
                0x0040046c                pio_get_interrupt_status
 .text.pio_get_interrupt_mask
                0x00400470        0x4 src/ASF/sam/drivers/pio/pio.o
                0x00400470                pio_get_interrupt_mask
 .text.pio_handler_process
                0x00400474       0x50 src/ASF/sam/drivers/pio/pio_handler.o
                0x00400474                pio_handler_process
 .text.PIOA_Handler
                0x004004c4       0x14 src/ASF/sam/drivers/pio/pio_handler.o
                0x004004c4                PIOA_Handler
 .text.PIOB_Handler
                0x004004d8       0x14 src/ASF/sam/drivers/pio/pio_handler.o
                0x004004d8                PIOB_Handler
 .text.PIOC_Handler
                0x004004ec       0x14 src/ASF/sam/drivers/pio/pio_handler.o
                0x004004ec                PIOC_Handler
 .text.PIOD_Handler
                0x00400500       0x14 src/ASF/sam/drivers/pio/pio_handler.o
                0x00400500                PIOD_Handler
 .text.PIOE_Handler
                0x00400514       0x14 src/ASF/sam/drivers/pio/pio_handler.o
                0x00400514                PIOE_Handler
 .text.pmc_mck_set_division
                0x00400528       0x38 src/ASF/sam/drivers/pmc/pmc.o
                0x00400528                pmc_mck_set_division
 .text.pmc_switch_mck_to_pllack
                0x00400560       0x64 src/ASF/sam/drivers/pmc/pmc.o
                0x00400560                pmc_switch_mck_to_pllack
 .text.pmc_switch_mainck_to_xtal
                0x004005c4       0x54 src/ASF/sam/drivers/pmc/pmc.o
                0x004005c4                pmc_switch_mainck_to_xtal
 .text.pmc_osc_is_ready_mainck
                0x00400618       0x10 src/ASF/sam/drivers/pmc/pmc.o
                0x00400618                pmc_osc_is_ready_mainck
 .text.pmc_disable_pllack
                0x00400628       0x10 src/ASF/sam/drivers/pmc/pmc.o
                0x00400628                pmc_disable_pllack
 .text.pmc_is_locked_pllack
                0x00400638       0x10 src/ASF/sam/drivers/pmc/pmc.o
                0x00400638                pmc_is_locked_pllack
 .text.pmc_enable_periph_clk
                0x00400648       0x20 src/ASF/sam/drivers/pmc/pmc.o
                0x00400648                pmc_enable_periph_clk
 .text.rtt_init
                0x00400668       0x14 src/ASF/sam/drivers/rtt/rtt.o
                0x00400668                rtt_init
 .text.rtt_sel_source
                0x0040067c       0x2c src/ASF/sam/drivers/rtt/rtt.o
                0x0040067c                rtt_sel_source
 .text.rtt_enable_interrupt
                0x004006a8       0x14 src/ASF/sam/drivers/rtt/rtt.o
                0x004006a8                rtt_enable_interrupt
 .text.rtt_disable_interrupt
                0x004006bc       0x14 src/ASF/sam/drivers/rtt/rtt.o
                0x004006bc                rtt_disable_interrupt
 .text.rtt_read_timer_value
                0x004006d0       0x14 src/ASF/sam/drivers/rtt/rtt.o
                0x004006d0                rtt_read_timer_value
 .text.rtt_get_status
                0x004006e4        0x4 src/ASF/sam/drivers/rtt/rtt.o
                0x004006e4                rtt_get_status
 .text.rtt_write_alarm_time
                0x004006e8       0x44 src/ASF/sam/drivers/rtt/rtt.o
                0x004006e8                rtt_write_alarm_time
 .text.uart_write
                0x0040072c       0x12 src/ASF/sam/drivers/uart/uart.o
                0x0040072c                uart_write
 .text.uart_read
                0x0040073e       0x14 src/ASF/sam/drivers/uart/uart.o
                0x0040073e                uart_read
 .text.usart_set_async_baudrate
                0x00400752       0x5a src/ASF/sam/drivers/usart/usart.o
                0x00400752                usart_set_async_baudrate
 .text.usart_reset
                0x004007ac       0x28 src/ASF/sam/drivers/usart/usart.o
                0x004007ac                usart_reset
 .text.usart_init_rs232
                0x004007d4       0x54 src/ASF/sam/drivers/usart/usart.o
                0x004007d4                usart_init_rs232
 .text.usart_enable_tx
                0x00400828        0x6 src/ASF/sam/drivers/usart/usart.o
                0x00400828                usart_enable_tx
 .text.usart_enable_rx
                0x0040082e        0x6 src/ASF/sam/drivers/usart/usart.o
                0x0040082e                usart_enable_rx
 .text.usart_write
                0x00400834       0x16 src/ASF/sam/drivers/usart/usart.o
                0x00400834                usart_write
 .text.usart_read
                0x0040084a       0x18 src/ASF/sam/drivers/usart/usart.o
                0x0040084a                usart_read
 .text.Dummy_Handler
                0x00400862        0x2 src/ASF/sam/utils/cmsis/samv71/source/templates/gcc/startup_samv71.o
                0x00400862                DACC_Handler
                0x00400862                DebugMon_Handler
                0x00400862                UART3_Handler
                0x00400862                UART2_Handler
                0x00400862                TRNG_Handler
                0x00400862                HardFault_Handler
                0x00400862                TC2_Handler
                0x00400862                SysTick_Handler
                0x00400862                AFEC1_Handler
                0x00400862                PendSV_Handler
                0x00400862                NMI_Handler
                0x00400862                TC7_Handler
                0x00400862                QSPI_Handler
                0x00400862                ISI_Handler
                0x00400862                MCAN0_INT0_Handler
                0x00400862                TC9_Handler
                0x00400862                RSWDT_Handler
                0x00400862                USART0_Handler
                0x00400862                USBHS_Handler
                0x00400862                IXC_Handler
                0x00400862                CCF_Handler
                0x00400862                RTC_Handler
                0x00400862                UsageFault_Handler
                0x00400862                TC6_Handler
                0x00400862                WDT_Handler
                0x00400862                MCAN1_INT1_Handler
                0x00400862                TC4_Handler
                0x00400862                TC1_Handler
                0x00400862                HSMCI_Handler
                0x00400862                UART1_Handler
                0x00400862                TC3_Handler
                0x00400862                Dummy_Handler
                0x00400862                TWIHS1_Handler
                0x00400862                XDMAC_Handler
                0x00400862                UART4_Handler
                0x00400862                PWM1_Handler
                0x00400862                USART1_Handler
                0x00400862                PWM0_Handler
                0x00400862                AFEC0_Handler
                0x00400862                CCW_Handler
                0x00400862                SSC_Handler
                0x00400862                TC11_Handler
                0x00400862                ACC_Handler
                0x00400862                PMC_Handler
                0x00400862                GMAC_Handler
                0x00400862                MCAN0_INT1_Handler
                0x00400862                GMAC_Q5_Handler
                0x00400862                MemManage_Handler
                0x00400862                SUPC_Handler
                0x00400862                SVC_Handler
                0x00400862                TC8_Handler
                0x00400862                MCAN1_INT0_Handler
                0x00400862                EFC_Handler
                0x00400862                GMAC_Q1_Handler
                0x00400862                USART2_Handler
                0x00400862                SDRAMC_Handler
                0x00400862                GMAC_Q2_Handler
                0x00400862                SPI1_Handler
                0x00400862                TC10_Handler
                0x00400862                GMAC_Q3_Handler
                0x00400862                TWIHS2_Handler
                0x00400862                MLB_Handler
                0x00400862                I2SC0_Handler
                0x00400862                UART0_Handler
                0x00400862                I2SC1_Handler
                0x00400862                GMAC_Q4_Handler
                0x00400862                FPU_Handler
                0x00400862                BusFault_Handler
                0x00400862                RSTC_Handler
                0x00400862                TC0_Handler
                0x00400862                TC5_Handler
                0x00400862                ICM_Handler
                0x00400862                AES_Handler
                0x00400862                TWIHS0_Handler
                0x00400862                SPI0_Handler
 .text.Reset_Handler
                0x00400864       0xc8 src/ASF/sam/utils/cmsis/samv71/source/templates/gcc/startup_samv71.o
                0x00400864                Reset_Handler
 .text.SystemCoreClockUpdate
                0x0040092c      0x10c src/ASF/sam/utils/cmsis/samv71/source/templates/system_samv71.o
                0x0040092c                SystemCoreClockUpdate
 .text.system_init_flash
                0x00400a38       0x8c src/ASF/sam/utils/cmsis/samv71/source/templates/system_samv71.o
                0x00400a38                system_init_flash
 .text._sbrk    0x00400ac4       0x38 src/ASF/sam/utils/syscalls/gcc/syscalls.o
                0x00400ac4                _sbrk
 .text._close   0x00400afc        0x6 src/ASF/sam/utils/syscalls/gcc/syscalls.o
                0x00400afc                _close
 .text._fstat   0x00400b02        0xa src/ASF/sam/utils/syscalls/gcc/syscalls.o
                0x00400b02                _fstat
 .text._isatty  0x00400b0c        0x4 src/ASF/sam/utils/syscalls/gcc/syscalls.o
                0x00400b0c                _isatty
 .text._lseek   0x00400b10        0x4 src/ASF/sam/utils/syscalls/gcc/syscalls.o
                0x00400b10                _lseek
 .text.refresh_display
                0x00400b14       0x4c src/rtt_example.o
 .text.usart_serial_getchar
                0x00400b60       0xdc src/rtt_example.o
 .text.usart_serial_putchar
                0x00400c3c       0xd4 src/rtt_example.o
 .text.RTT_Handler
                0x00400d10       0x54 src/rtt_example.o
                0x00400d10                RTT_Handler
 .text.main     0x00400d64      0x13c src/rtt_example.o
                0x00400d64                main
 .text.__libc_init_array
                0x00400ea0       0x50 c:/program files (x86)/atmel/studio/7.0/toolchain/arm/arm-gnu-toolchain/bin/../lib/gcc/arm-none-eabi/6.3.1/../../../../arm-none-eabi/lib/thumb/v7e-m\libc.a(lib_a-init.o)
                0x00400ea0                __libc_init_array
 .text.iprintf  0x00400ef0       0x28 c:/program files (x86)/atmel/studio/7.0/toolchain/arm/arm-gnu-toolchain/bin/../lib/gcc/arm-none-eabi/6.3.1/../../../../arm-none-eabi/lib/thumb/v7e-m\libc.a(lib_a-iprintf.o)
                0x00400ef0                iprintf
 .text.memset   0x00400f18       0x9c c:/program files (x86)/atmel/studio/7.0/toolchain/arm/arm-gnu-toolchain/bin/../lib/gcc/arm-none-eabi/6.3.1/../../../../arm-none-eabi/lib/thumb/v7e-m\libc.a(lib_a-memset.o)
                0x00400f18                memset
 .text._puts_r  0x00400fb4       0x9c c:/program files (x86)/atmel/studio/7.0/toolchain/arm/arm-gnu-toolchain/bin/../lib/gcc/arm-none-eabi/6.3.1/../../../../arm-none-eabi/lib/thumb/v7e-m\libc.a(lib_a-puts.o)
                0x00400fb4                _puts_r
 .text.puts     0x00401050       0x10 c:/program files (x86)/atmel/studio/7.0/toolchain/arm/arm-gnu-toolchain/bin/../lib/gcc/arm-none-eabi/6.3.1/../../../../arm-none-eabi/lib/thumb/v7e-m\libc.a(lib_a-puts.o)
                0x00401050                puts
 .text.setbuf   0x00401060       0x10 c:/program files (x86)/atmel/studio/7.0/toolchain/arm/arm-gnu-toolchain/bin/../lib/gcc/arm-none-eabi/6.3.1/../../../../arm-none-eabi/lib/thumb/v7e-m\libc.a(lib_a-setbuf.o)
                0x00401060                setbuf
 .text.setvbuf  0x00401070      0x190 c:/program files (x86)/atmel/studio/7.0/toolchain/arm/arm-gnu-toolchain/bin/../lib/gcc/arm-none-eabi/6.3.1/../../../../arm-none-eabi/lib/thumb/v7e-m\libc.a(lib_a-setvbuf.o)
                0x00401070                setvbuf
 .text          0x00401200       0xdc c:/program files (x86)/atmel/studio/7.0/toolchain/arm/arm-gnu-toolchain/bin/../lib/gcc/arm-none-eabi/6.3.1/../../../../arm-none-eabi/lib/thumb/v7e-m\libc.a(lib_a-strlen.o)
                0x00401200                strlen
 .text.__sprint_r.part.0
                0x004012dc       0x80 c:/program files (x86)/atmel/studio/7.0/toolchain/arm/arm-gnu-toolchain/bin/../lib/gcc/arm-none-eabi/6.3.1/../../../../arm-none-eabi/lib/thumb/v7e-m\libc.a(lib_a-vfiprintf.o)
 .text._vfiprintf_r
                0x0040135c      0xc90 c:/program files (x86)/atmel/studio/7.0/toolchain/arm/arm-gnu-toolchain/bin/../lib/gcc/arm-none-eabi/6.3.1/../../../../arm-none-eabi/lib/thumb/v7e-m\libc.a(lib_a-vfiprintf.o)
                0x0040135c                _vfiprintf_r
 .text.__sbprintf
                0x00401fec       0x84 c:/program files (x86)/atmel/studio/7.0/toolchain/arm/arm-gnu-toolchain/bin/../lib/gcc/arm-none-eabi/6.3.1/../../../../arm-none-eabi/lib/thumb/v7e-m\libc.a(lib_a-vfiprintf.o)
 .text.__swsetup_r
                0x00402070       0xc8 c:/program files (x86)/atmel/studio/7.0/toolchain/arm/arm-gnu-toolchain/bin/../lib/gcc/arm-none-eabi/6.3.1/../../../../arm-none-eabi/lib/thumb/v7e-m\libc.a(lib_a-wsetup.o)
                0x00402070                __swsetup_r
 .text.startup.register_fini
                0x00402138       0x14 c:/program files (x86)/atmel/studio/7.0/toolchain/arm/arm-gnu-toolchain/bin/../lib/gcc/arm-none-eabi/6.3.1/../../../../arm-none-eabi/lib/thumb/v7e-m\libc.a(lib_a-__call_atexit.o)
 .text.atexit   0x0040214c        0xc c:/program files (x86)/atmel/studio/7.0/toolchain/arm/arm-gnu-toolchain/bin/../lib/gcc/arm-none-eabi/6.3.1/../../../../arm-none-eabi/lib/thumb/v7e-m\libc.a(lib_a-atexit.o)
                0x0040214c                atexit
 .text.__sflush_r
                0x00402158      0x140 c:/program files (x86)/atmel/studio/7.0/toolchain/arm/arm-gnu-toolchain/bin/../lib/gcc/arm-none-eabi/6.3.1/../../../../arm-none-eabi/lib/thumb/v7e-m\libc.a(lib_a-fflush.o)
                0x00402158                __sflush_r
 .text._fflush_r
                0x00402298       0x54 c:/program files (x86)/atmel/studio/7.0/toolchain/arm/arm-gnu-toolchain/bin/../lib/gcc/arm-none-eabi/6.3.1/../../../../arm-none-eabi/lib/thumb/v7e-m\libc.a(lib_a-fflush.o)
                0x00402298                _fflush_r
 .text._cleanup_r
                0x004022ec        0xc c:/program files (x86)/atmel/studio/7.0/toolchain/arm/arm-gnu-toolchain/bin/../lib/gcc/arm-none-eabi/6.3.1/../../../../arm-none-eabi/lib/thumb/v7e-m\libc.a(lib_a-findfp.o)
                0x004022ec                _cleanup_r
 .text.std.isra.0
                0x004022f8       0x50 c:/program files (x86)/atmel/studio/7.0/toolchain/arm/arm-gnu-toolchain/bin/../lib/gcc/arm-none-eabi/6.3.1/../../../../arm-none-eabi/lib/thumb/v7e-m\libc.a(lib_a-findfp.o)
 .text.__sinit  0x00402348       0x58 c:/program files (x86)/atmel/studio/7.0/toolchain/arm/arm-gnu-toolchain/bin/../lib/gcc/arm-none-eabi/6.3.1/../../../../arm-none-eabi/lib/thumb/v7e-m\libc.a(lib_a-findfp.o)
                0x00402348                __sinit
 .text.__sfp_lock_acquire
                0x004023a0        0xc c:/program files (x86)/atmel/studio/7.0/toolchain/arm/arm-gnu-toolchain/bin/../lib/gcc/arm-none-eabi/6.3.1/../../../../arm-none-eabi/lib/thumb/v7e-m\libc.a(lib_a-findfp.o)
                0x004023a0                __sfp_lock_acquire
 .text.__sfp_lock_release
                0x004023ac        0xc c:/program files (x86)/atmel/studio/7.0/toolchain/arm/arm-gnu-toolchain/bin/../lib/gcc/arm-none-eabi/6.3.1/../../../../arm-none-eabi/lib/thumb/v7e-m\libc.a(lib_a-findfp.o)
                0x004023ac                __sfp_lock_release
 .text.__libc_fini_array
                0x004023b8       0x34 c:/program files (x86)/atmel/studio/7.0/toolchain/arm/arm-gnu-toolchain/bin/../lib/gcc/arm-none-eabi/6.3.1/../../../../arm-none-eabi/lib/thumb/v7e-m\libc.a(lib_a-fini.o)
                0x004023b8                __libc_fini_array
 .text.__fputwc
                0x004023ec       0xa0 c:/program files (x86)/atmel/studio/7.0/toolchain/arm/arm-gnu-toolchain/bin/../lib/gcc/arm-none-eabi/6.3.1/../../../../arm-none-eabi/lib/thumb/v7e-m\libc.a(lib_a-fputwc.o)
                0x004023ec                __fputwc
 .text._fputwc_r
                0x0040248c       0x68 c:/program files (x86)/atmel/studio/7.0/toolchain/arm/arm-gnu-toolchain/bin/../lib/gcc/arm-none-eabi/6.3.1/../../../../arm-none-eabi/lib/thumb/v7e-m\libc.a(lib_a-fputwc.o)
                0x0040248c                _fputwc_r
 .text._malloc_trim_r
                0x004024f4       0xa0 c:/program files (x86)/atmel/studio/7.0/toolchain/arm/arm-gnu-toolchain/bin/../lib/gcc/arm-none-eabi/6.3.1/../../../../arm-none-eabi/lib/thumb/v7e-m\libc.a(lib_a-freer.o)
                0x004024f4                _malloc_trim_r
 .text._free_r  0x00402594      0x1cc c:/program files (x86)/atmel/studio/7.0/toolchain/arm/arm-gnu-toolchain/bin/../lib/gcc/arm-none-eabi/6.3.1/../../../../arm-none-eabi/lib/thumb/v7e-m\libc.a(lib_a-freer.o)
                0x00402594                _free_r
 .text.__sfvwrite_r
                0x00402760      0x2f0 c:/program files (x86)/atmel/studio/7.0/toolchain/arm/arm-gnu-toolchain/bin/../lib/gcc/arm-none-eabi/6.3.1/../../../../arm-none-eabi/lib/thumb/v7e-m\libc.a(lib_a-fvwrite.o)
                0x00402760                __sfvwrite_r
 .text._fwalk_reent
                0x00402a50       0x54 c:/program files (x86)/atmel/studio/7.0/toolchain/arm/arm-gnu-toolchain/bin/../lib/gcc/arm-none-eabi/6.3.1/../../../../arm-none-eabi/lib/thumb/v7e-m\libc.a(lib_a-fwalk.o)
                0x00402a50                _fwalk_reent
 .text.__locale_mb_cur_max
                0x00402aa4       0x1c c:/program files (x86)/atmel/studio/7.0/toolchain/arm/arm-gnu-toolchain/bin/../lib/gcc/arm-none-eabi/6.3.1/../../../../arm-none-eabi/lib/thumb/v7e-m\libc.a(lib_a-locale.o)
                0x00402aa4                __locale_mb_cur_max
 .text.__retarget_lock_init_recursive
                0x00402ac0        0x4 c:/program files (x86)/atmel/studio/7.0/toolchain/arm/arm-gnu-toolchain/bin/../lib/gcc/arm-none-eabi/6.3.1/../../../../arm-none-eabi/lib/thumb/v7e-m\libc.a(lib_a-lock.o)
                0x00402ac0                __retarget_lock_init_recursive
 .text.__retarget_lock_close_recursive
                0x00402ac4        0x4 c:/program files (x86)/atmel/studio/7.0/toolchain/arm/arm-gnu-toolchain/bin/../lib/gcc/arm-none-eabi/6.3.1/../../../../arm-none-eabi/lib/thumb/v7e-m\libc.a(lib_a-lock.o)
                0x00402ac4                __retarget_lock_close_recursive
 .text.__retarget_lock_acquire_recursive
                0x00402ac8        0x4 c:/program files (x86)/atmel/studio/7.0/toolchain/arm/arm-gnu-toolchain/bin/../lib/gcc/arm-none-eabi/6.3.1/../../../../arm-none-eabi/lib/thumb/v7e-m\libc.a(lib_a-lock.o)
                0x00402ac8                __retarget_lock_acquire_recursive
 .text.__retarget_lock_release_recursive
                0x00402acc        0x4 c:/program files (x86)/atmel/studio/7.0/toolchain/arm/arm-gnu-toolchain/bin/../lib/gcc/arm-none-eabi/6.3.1/../../../../arm-none-eabi/lib/thumb/v7e-m\libc.a(lib_a-lock.o)
                0x00402acc                __retarget_lock_release_recursive
 .text.__swhatbuf_r
                0x00402ad0       0x5c c:/program files (x86)/atmel/studio/7.0/toolchain/arm/arm-gnu-toolchain/bin/../lib/gcc/arm-none-eabi/6.3.1/../../../../arm-none-eabi/lib/thumb/v7e-m\libc.a(lib_a-makebuf.o)
                0x00402ad0                __swhatbuf_r
 .text.__smakebuf_r
                0x00402b2c       0x94 c:/program files (x86)/atmel/studio/7.0/toolchain/arm/arm-gnu-toolchain/bin/../lib/gcc/arm-none-eabi/6.3.1/../../../../arm-none-eabi/lib/thumb/v7e-m\libc.a(lib_a-makebuf.o)
                0x00402b2c                __smakebuf_r
 .text.malloc   0x00402bc0       0x10 c:/program files (x86)/atmel/studio/7.0/toolchain/arm/arm-gnu-toolchain/bin/../lib/gcc/arm-none-eabi/6.3.1/../../../../arm-none-eabi/lib/thumb/v7e-m\libc.a(lib_a-malloc.o)
                0x00402bc0                malloc
 .text._malloc_r
                0x00402bd0      0x560 c:/program files (x86)/atmel/studio/7.0/toolchain/arm/arm-gnu-toolchain/bin/../lib/gcc/arm-none-eabi/6.3.1/../../../../arm-none-eabi/lib/thumb/v7e-m\libc.a(lib_a-mallocr.o)
                0x00402bd0                _malloc_r
 .text.__ascii_mbtowc
                0x00403130       0x2c c:/program files (x86)/atmel/studio/7.0/toolchain/arm/arm-gnu-toolchain/bin/../lib/gcc/arm-none-eabi/6.3.1/../../../../arm-none-eabi/lib/thumb/v7e-m\libc.a(lib_a-mbtowc_r.o)
                0x00403130                __ascii_mbtowc
 *fill*         0x0040315c        0x4 
 .text          0x00403160       0xa0 c:/program files (x86)/atmel/studio/7.0/toolchain/arm/arm-gnu-toolchain/bin/../lib/gcc/arm-none-eabi/6.3.1/../../../../arm-none-eabi/lib/thumb/v7e-m\libc.a(lib_a-memchr.o)
                0x00403160                memchr
 .text          0x00403200      0x134 c:/program files (x86)/atmel/studio/7.0/toolchain/arm/arm-gnu-toolchain/bin/../lib/gcc/arm-none-eabi/6.3.1/../../../../arm-none-eabi/lib/thumb/v7e-m\libc.a(lib_a-memcpy.o)
                0x00403200                memcpy
 .text.memmove  0x00403334       0xc8 c:/program files (x86)/atmel/studio/7.0/toolchain/arm/arm-gnu-toolchain/bin/../lib/gcc/arm-none-eabi/6.3.1/../../../../arm-none-eabi/lib/thumb/v7e-m\libc.a(lib_a-memmove.o)
                0x00403334                memmove
 .text.__malloc_lock
                0x004033fc        0xc c:/program files (x86)/atmel/studio/7.0/toolchain/arm/arm-gnu-toolchain/bin/../lib/gcc/arm-none-eabi/6.3.1/../../../../arm-none-eabi/lib/thumb/v7e-m\libc.a(lib_a-mlock.o)
                0x004033fc                __malloc_lock
 .text.__malloc_unlock
                0x00403408        0xc c:/program files (x86)/atmel/studio/7.0/toolchain/arm/arm-gnu-toolchain/bin/../lib/gcc/arm-none-eabi/6.3.1/../../../../arm-none-eabi/lib/thumb/v7e-m\libc.a(lib_a-mlock.o)
                0x00403408                __malloc_unlock
 .text._realloc_r
                0x00403414      0x34c c:/program files (x86)/atmel/studio/7.0/toolchain/arm/arm-gnu-toolchain/bin/../lib/gcc/arm-none-eabi/6.3.1/../../../../arm-none-eabi/lib/thumb/v7e-m\libc.a(lib_a-reallocr.o)
                0x00403414                _realloc_r
 .text._sbrk_r  0x00403760       0x24 c:/program files (x86)/atmel/studio/7.0/toolchain/arm/arm-gnu-toolchain/bin/../lib/gcc/arm-none-eabi/6.3.1/../../../../arm-none-eabi/lib/thumb/v7e-m\libc.a(lib_a-sbrkr.o)
                0x00403760                _sbrk_r
 .text.__sread  0x00403784       0x24 c:/program files (x86)/atmel/studio/7.0/toolchain/arm/arm-gnu-toolchain/bin/../lib/gcc/arm-none-eabi/6.3.1/../../../../arm-none-eabi/lib/thumb/v7e-m\libc.a(lib_a-stdio.o)
                0x00403784                __sread
 .text.__swrite
                0x004037a8       0x3c c:/program files (x86)/atmel/studio/7.0/toolchain/arm/arm-gnu-toolchain/bin/../lib/gcc/arm-none-eabi/6.3.1/../../../../arm-none-eabi/lib/thumb/v7e-m\libc.a(lib_a-stdio.o)
                0x004037a8                __swrite
 .text.__sseek  0x004037e4       0x20 c:/program files (x86)/atmel/studio/7.0/toolchain/arm/arm-gnu-toolchain/bin/../lib/gcc/arm-none-eabi/6.3.1/../../../../arm-none-eabi/lib/thumb/v7e-m\libc.a(lib_a-stdio.o)
                0x004037e4                __sseek
 .text.__sclose
                0x00403804        0x8 c:/program files (x86)/atmel/studio/7.0/toolchain/arm/arm-gnu-toolchain/bin/../lib/gcc/arm-none-eabi/6.3.1/../../../../arm-none-eabi/lib/thumb/v7e-m\libc.a(lib_a-stdio.o)
                0x00403804                __sclose
 .text.__swbuf_r
                0x0040380c       0xb0 c:/program files (x86)/atmel/studio/7.0/toolchain/arm/arm-gnu-toolchain/bin/../lib/gcc/arm-none-eabi/6.3.1/../../../../arm-none-eabi/lib/thumb/v7e-m\libc.a(lib_a-wbuf.o)
                0x0040380c                __swbuf_r
 .text._wcrtomb_r
                0x004038bc       0x54 c:/program files (x86)/atmel/studio/7.0/toolchain/arm/arm-gnu-toolchain/bin/../lib/gcc/arm-none-eabi/6.3.1/../../../../arm-none-eabi/lib/thumb/v7e-m\libc.a(lib_a-wcrtomb.o)
                0x004038bc                _wcrtomb_r
 .text.__ascii_wctomb
                0x00403910       0x1c c:/program files (x86)/atmel/studio/7.0/toolchain/arm/arm-gnu-toolchain/bin/../lib/gcc/arm-none-eabi/6.3.1/../../../../arm-none-eabi/lib/thumb/v7e-m\libc.a(lib_a-wctomb_r.o)
                0x00403910                __ascii_wctomb
 .text._write_r
                0x0040392c       0x2c c:/program files (x86)/atmel/studio/7.0/toolchain/arm/arm-gnu-toolchain/bin/../lib/gcc/arm-none-eabi/6.3.1/../../../../arm-none-eabi/lib/thumb/v7e-m\libc.a(lib_a-writer.o)
                0x0040392c                _write_r
 .text.__register_exitproc
                0x00403958       0xc4 c:/program files (x86)/atmel/studio/7.0/toolchain/arm/arm-gnu-toolchain/bin/../lib/gcc/arm-none-eabi/6.3.1/../../../../arm-none-eabi/lib/thumb/v7e-m\libc.a(lib_a-__atexit.o)
                0x00403958                __register_exitproc
 .text._close_r
                0x00403a1c       0x24 c:/program files (x86)/atmel/studio/7.0/toolchain/arm/arm-gnu-toolchain/bin/../lib/gcc/arm-none-eabi/6.3.1/../../../../arm-none-eabi/lib/thumb/v7e-m\libc.a(lib_a-closer.o)
                0x00403a1c                _close_r
 .text._fclose_r
                0x00403a40       0xc4 c:/program files (x86)/atmel/studio/7.0/toolchain/arm/arm-gnu-toolchain/bin/../lib/gcc/arm-none-eabi/6.3.1/../../../../arm-none-eabi/lib/thumb/v7e-m\libc.a(lib_a-fclose.o)
                0x00403a40                _fclose_r
 .text._fstat_r
                0x00403b04       0x28 c:/program files (x86)/atmel/studio/7.0/toolchain/arm/arm-gnu-toolchain/bin/../lib/gcc/arm-none-eabi/6.3.1/../../../../arm-none-eabi/lib/thumb/v7e-m\libc.a(lib_a-fstatr.o)
                0x00403b04                _fstat_r
 .text._isatty_r
                0x00403b2c       0x24 c:/program files (x86)/atmel/studio/7.0/toolchain/arm/arm-gnu-toolchain/bin/../lib/gcc/arm-none-eabi/6.3.1/../../../../arm-none-eabi/lib/thumb/v7e-m\libc.a(lib_a-isattyr.o)
                0x00403b2c                _isatty_r
 .text._lseek_r
                0x00403b50       0x2c c:/program files (x86)/atmel/studio/7.0/toolchain/arm/arm-gnu-toolchain/bin/../lib/gcc/arm-none-eabi/6.3.1/../../../../arm-none-eabi/lib/thumb/v7e-m\libc.a(lib_a-lseekr.o)
                0x00403b50                _lseek_r
 .text._read_r  0x00403b7c       0x2c c:/program files (x86)/atmel/studio/7.0/toolchain/arm/arm-gnu-toolchain/bin/../lib/gcc/arm-none-eabi/6.3.1/../../../../arm-none-eabi/lib/thumb/v7e-m\libc.a(lib_a-readr.o)
                0x00403b7c                _read_r
 .text          0x00403ba8       0x30 c:/program files (x86)/atmel/studio/7.0/toolchain/arm/arm-gnu-toolchain/bin/../lib/gcc/arm-none-eabi/6.3.1/thumb/v7e-m\libgcc.a(_aeabi_uldivmod.o)
                0x00403ba8                __aeabi_uldivmod
 .text          0x00403bd8      0x2dc c:/program files (x86)/atmel/studio/7.0/toolchain/arm/arm-gnu-toolchain/bin/../lib/gcc/arm-none-eabi/6.3.1/thumb/v7e-m\libgcc.a(_udivmoddi4.o)
                0x00403bd8                __udivmoddi4
 .text          0x00403eb4        0x4 c:/program files (x86)/atmel/studio/7.0/toolchain/arm/arm-gnu-toolchain/bin/../lib/gcc/arm-none-eabi/6.3.1/thumb/v7e-m\libgcc.a(_dvmd_tls.o)
                0x00403eb4                __aeabi_idiv0
                0x00403eb4                __aeabi_ldiv0
 *(.glue_7t)
 .glue_7t       0x00403eb8        0x0 linker stubs
 *(.glue_7)
 .glue_7        0x00403eb8        0x0 linker stubs
 *(.rodata .rodata* .gnu.linkonce.r.*)
 .rodata.main.str1.4
                0x00403eb8       0x5c src/rtt_example.o
 .rodata.refresh_display.str1.4
                0x00403f14       0x23 src/rtt_example.o
 *fill*         0x00403f37        0x1 
 .rodata._global_impure_ptr
                0x00403f38        0x4 c:/program files (x86)/atmel/studio/7.0/toolchain/arm/arm-gnu-toolchain/bin/../lib/gcc/arm-none-eabi/6.3.1/../../../../arm-none-eabi/lib/thumb/v7e-m\libc.a(lib_a-impure.o)
                0x00403f38                _global_impure_ptr
 .rodata._puts_r.str1.4
                0x00403f3c        0x2 c:/program files (x86)/atmel/studio/7.0/toolchain/arm/arm-gnu-toolchain/bin/../lib/gcc/arm-none-eabi/6.3.1/../../../../arm-none-eabi/lib/thumb/v7e-m\libc.a(lib_a-puts.o)
 *fill*         0x00403f3e        0x2 
 .rodata._vfiprintf_r.str1.4
                0x00403f40       0x2f c:/program files (x86)/atmel/studio/7.0/toolchain/arm/arm-gnu-toolchain/bin/../lib/gcc/arm-none-eabi/6.3.1/../../../../arm-none-eabi/lib/thumb/v7e-m\libc.a(lib_a-vfiprintf.o)
 *fill*         0x00403f6f        0x1 
 .rodata.blanks.7217
                0x00403f70       0x10 c:/program files (x86)/atmel/studio/7.0/toolchain/arm/arm-gnu-toolchain/bin/../lib/gcc/arm-none-eabi/6.3.1/../../../../arm-none-eabi/lib/thumb/v7e-m\libc.a(lib_a-vfiprintf.o)
 .rodata.zeroes.7218
                0x00403f80       0x10 c:/program files (x86)/atmel/studio/7.0/toolchain/arm/arm-gnu-toolchain/bin/../lib/gcc/arm-none-eabi/6.3.1/../../../../arm-none-eabi/lib/thumb/v7e-m\libc.a(lib_a-vfiprintf.o)
 .rodata._setlocale_r.str1.4
                0x00403f90        0xa c:/program files (x86)/atmel/studio/7.0/toolchain/arm/arm-gnu-toolchain/bin/../lib/gcc/arm-none-eabi/6.3.1/../../../../arm-none-eabi/lib/thumb/v7e-m\libc.a(lib_a-locale.o)
                                  0xd (size before relaxing)
 *fill*         0x00403f9a        0x2 
 .rodata.str1.4
                0x00403f9c        0x4 c:/program files (x86)/atmel/studio/7.0/toolchain/arm/arm-gnu-toolchain/bin/../lib/gcc/arm-none-eabi/6.3.1/../../../../arm-none-eabi/lib/thumb/v7e-m\libc.a(lib_a-locale.o)
                                  0x2 (size before relaxing)
 .rodata._ctype_
                0x00403fa0      0x101 c:/program files (x86)/atmel/studio/7.0/toolchain/arm/arm-gnu-toolchain/bin/../lib/gcc/arm-none-eabi/6.3.1/../../../../arm-none-eabi/lib/thumb/v7e-m\libc.a(lib_a-ctype_.o)
                0x00403fa0                _ctype_
 *(.ARM.extab* .gnu.linkonce.armextab.*)
                0x004040a4                . = ALIGN (0x4)
 *fill*         0x004040a1        0x3 
 *(.init)
 .init          0x004040a4        0x4 c:/program files (x86)/atmel/studio/7.0/toolchain/arm/arm-gnu-toolchain/bin/../lib/gcc/arm-none-eabi/6.3.1/thumb/v7e-m/crti.o
                0x004040a4                _init
 .init          0x004040a8        0x8 c:/program files (x86)/atmel/studio/7.0/toolchain/arm/arm-gnu-toolchain/bin/../lib/gcc/arm-none-eabi/6.3.1/thumb/v7e-m/crtn.o
                0x004040b0                . = ALIGN (0x4)
                0x004040b0                __preinit_array_start = .
 *(.preinit_array)
                0x004040b0                __preinit_array_end = .
                0x004040b0                . = ALIGN (0x4)
                0x004040b0                __init_array_start = .
 *(SORT(.init_array.*))
 .init_array.00000
                0x004040b0        0x4 c:/program files (x86)/atmel/studio/7.0/toolchain/arm/arm-gnu-toolchain/bin/../lib/gcc/arm-none-eabi/6.3.1/../../../../arm-none-eabi/lib/thumb/v7e-m\libc.a(lib_a-__call_atexit.o)
 *(.init_array)
 .init_array    0x004040b4        0x4 c:/program files (x86)/atmel/studio/7.0/toolchain/arm/arm-gnu-toolchain/bin/../lib/gcc/arm-none-eabi/6.3.1/thumb/v7e-m/crtbegin.o
                0x004040b8                __init_array_end = .
                0x004040b8                . = ALIGN (0x4)
 *crtbegin.o(.ctors)
 *(EXCLUDE_FILE(*crtend.o) .ctors)
 *(SORT(.ctors.*))
 *crtend.o(.ctors)
                0x004040b8                . = ALIGN (0x4)
 *(.fini)
 .fini          0x004040b8        0x4 c:/program files (x86)/atmel/studio/7.0/toolchain/arm/arm-gnu-toolchain/bin/../lib/gcc/arm-none-eabi/6.3.1/thumb/v7e-m/crti.o
                0x004040b8                _fini
 .fini          0x004040bc        0x8 c:/program files (x86)/atmel/studio/7.0/toolchain/arm/arm-gnu-toolchain/bin/../lib/gcc/arm-none-eabi/6.3.1/thumb/v7e-m/crtn.o
                0x004040c4                . = ALIGN (0x4)
                0x004040c4                __fini_array_start = .
 *(.fini_array)
 .fini_array    0x004040c4        0x4 c:/program files (x86)/atmel/studio/7.0/toolchain/arm/arm-gnu-toolchain/bin/../lib/gcc/arm-none-eabi/6.3.1/thumb/v7e-m/crtbegin.o
 *(SORT(.fini_array.*))
                0x004040c8                __fini_array_end = .
 *crtbegin.o(.dtors)
 *(EXCLUDE_FILE(*crtend.o) .dtors)
 *(SORT(.dtors.*))
 *crtend.o(.dtors)
                0x004040c8                . = ALIGN (0x4)
                0x004040c8                _efixed = .
                [!provide]                PROVIDE (__exidx_start, .)

.vfp11_veneer   0x004040c8        0x0
 .vfp11_veneer  0x004040c8        0x0 linker stubs

.v4_bx          0x004040c8        0x0
 .v4_bx         0x004040c8        0x0 linker stubs

.iplt           0x004040c8        0x0
 .iplt          0x004040c8        0x0 c:/program files (x86)/atmel/studio/7.0/toolchain/arm/arm-gnu-toolchain/bin/../lib/gcc/arm-none-eabi/6.3.1/thumb/v7e-m/crtbegin.o

.ARM.exidx      0x004040c8        0x8
 *(.ARM.exidx* .gnu.linkonce.armexidx.*)
 .ARM.exidx     0x004040c8        0x8 c:/program files (x86)/atmel/studio/7.0/toolchain/arm/arm-gnu-toolchain/bin/../lib/gcc/arm-none-eabi/6.3.1/thumb/v7e-m\libgcc.a(_udivmoddi4.o)
                [!provide]                PROVIDE (__exidx_end, .)

.eh_frame       0x004040d0        0x0
 .eh_frame      0x004040d0        0x0 c:/program files (x86)/atmel/studio/7.0/toolchain/arm/arm-gnu-toolchain/bin/../lib/gcc/arm-none-eabi/6.3.1/thumb/v7e-m/crtbegin.o

.rel.dyn        0x004040d0        0x0
 .rel.iplt      0x004040d0        0x0 c:/program files (x86)/atmel/studio/7.0/toolchain/arm/arm-gnu-toolchain/bin/../lib/gcc/arm-none-eabi/6.3.1/thumb/v7e-m/crtbegin.o

.jcr            0x004040d0        0x0
 .jcr           0x004040d0        0x0 c:/program files (x86)/atmel/studio/7.0/toolchain/arm/arm-gnu-toolchain/bin/../lib/gcc/arm-none-eabi/6.3.1/thumb/v7e-m/crtbegin.o

.igot.plt       0x004040d0        0x0
 .igot.plt      0x004040d0        0x0 c:/program files (x86)/atmel/studio/7.0/toolchain/arm/arm-gnu-toolchain/bin/../lib/gcc/arm-none-eabi/6.3.1/thumb/v7e-m/crtbegin.o
                0x004040d0                . = ALIGN (0x4)
                0x004040d0                _etext = .

.relocate       0x20400000      0x9b8 load address 0x004040d0
                0x20400000                . = ALIGN (0x4)
                0x20400000                _srelocate = .
 *(.ramfunc .ramfunc.*)
 *(.data .data.*)
 .data.g_interrupt_enabled
                0x20400000        0x1 src/ASF/common/utils/interrupt/interrupt_sam_nvic.o
                0x20400000                g_interrupt_enabled
 *fill*         0x20400001        0x3 
 .data.SystemCoreClock
                0x20400004        0x4 src/ASF/sam/utils/cmsis/samv71/source/templates/system_samv71.o
                0x20400004                SystemCoreClock
 .data._impure_ptr
                0x20400008        0x4 c:/program files (x86)/atmel/studio/7.0/toolchain/arm/arm-gnu-toolchain/bin/../lib/gcc/arm-none-eabi/6.3.1/../../../../arm-none-eabi/lib/thumb/v7e-m\libc.a(lib_a-impure.o)
                0x20400008                _impure_ptr
 *fill*         0x2040000c        0x4 
 .data.impure_data
                0x20400010      0x428 c:/program files (x86)/atmel/studio/7.0/toolchain/arm/arm-gnu-toolchain/bin/../lib/gcc/arm-none-eabi/6.3.1/../../../../arm-none-eabi/lib/thumb/v7e-m\libc.a(lib_a-impure.o)
 .data.__atexit_recursive_mutex
                0x20400438        0x4 c:/program files (x86)/atmel/studio/7.0/toolchain/arm/arm-gnu-toolchain/bin/../lib/gcc/arm-none-eabi/6.3.1/../../../../arm-none-eabi/lib/thumb/v7e-m\libc.a(lib_a-__call_atexit.o)
                0x20400438                __atexit_recursive_mutex
 .data.__global_locale
                0x2040043c      0x16c c:/program files (x86)/atmel/studio/7.0/toolchain/arm/arm-gnu-toolchain/bin/../lib/gcc/arm-none-eabi/6.3.1/../../../../arm-none-eabi/lib/thumb/v7e-m\libc.a(lib_a-locale.o)
                0x2040043c                __global_locale
 .data.__malloc_av_
                0x204005a8      0x408 c:/program files (x86)/atmel/studio/7.0/toolchain/arm/arm-gnu-toolchain/bin/../lib/gcc/arm-none-eabi/6.3.1/../../../../arm-none-eabi/lib/thumb/v7e-m\libc.a(lib_a-mallocr.o)
                0x204005a8                __malloc_av_
 .data.__malloc_sbrk_base
                0x204009b0        0x4 c:/program files (x86)/atmel/studio/7.0/toolchain/arm/arm-gnu-toolchain/bin/../lib/gcc/arm-none-eabi/6.3.1/../../../../arm-none-eabi/lib/thumb/v7e-m\libc.a(lib_a-mallocr.o)
                0x204009b0                __malloc_sbrk_base
 .data.__malloc_trim_threshold
                0x204009b4        0x4 c:/program files (x86)/atmel/studio/7.0/toolchain/arm/arm-gnu-toolchain/bin/../lib/gcc/arm-none-eabi/6.3.1/../../../../arm-none-eabi/lib/thumb/v7e-m\libc.a(lib_a-mallocr.o)
                0x204009b4                __malloc_trim_threshold
                0x204009b8                . = ALIGN (0x4)
                0x204009b8                _erelocate = .

.bss            0x204009b8      0x104 load address 0x00404a88
                0x204009b8                . = ALIGN (0x4)
                0x204009b8                _sbss = .
                0x204009b8                _szero = .
 *(.bss .bss.*)
 .bss           0x204009b8       0x1c c:/program files (x86)/atmel/studio/7.0/toolchain/arm/arm-gnu-toolchain/bin/../lib/gcc/arm-none-eabi/6.3.1/thumb/v7e-m/crtbegin.o
 .bss.gs_interrupt_sources
                0x204009d4       0x70 src/ASF/sam/drivers/pio/pio_handler.o
 .bss.g_wobits_in_rtt_mr
                0x20400a44        0x4 src/ASF/sam/drivers/rtt/rtt.o
 .bss.ul_reg_val.9529
                0x20400a48        0x4 src/ASF/sam/drivers/usart/usart.o
 .bss.heap.6420
                0x20400a4c        0x4 src/ASF/sam/utils/syscalls/gcc/syscalls.o
 .bss.__malloc_current_mallinfo
                0x20400a50       0x28 c:/program files (x86)/atmel/studio/7.0/toolchain/arm/arm-gnu-toolchain/bin/../lib/gcc/arm-none-eabi/6.3.1/../../../../arm-none-eabi/lib/thumb/v7e-m\libc.a(lib_a-mallocr.o)
                0x20400a50                __malloc_current_mallinfo
 .bss.__malloc_max_sbrked_mem
                0x20400a78        0x4 c:/program files (x86)/atmel/studio/7.0/toolchain/arm/arm-gnu-toolchain/bin/../lib/gcc/arm-none-eabi/6.3.1/../../../../arm-none-eabi/lib/thumb/v7e-m\libc.a(lib_a-mallocr.o)
                0x20400a78                __malloc_max_sbrked_mem
 .bss.__malloc_max_total_mem
                0x20400a7c        0x4 c:/program files (x86)/atmel/studio/7.0/toolchain/arm/arm-gnu-toolchain/bin/../lib/gcc/arm-none-eabi/6.3.1/../../../../arm-none-eabi/lib/thumb/v7e-m\libc.a(lib_a-mallocr.o)
                0x20400a7c                __malloc_max_total_mem
 .bss.__malloc_top_pad
                0x20400a80        0x4 c:/program files (x86)/atmel/studio/7.0/toolchain/arm/arm-gnu-toolchain/bin/../lib/gcc/arm-none-eabi/6.3.1/../../../../arm-none-eabi/lib/thumb/v7e-m\libc.a(lib_a-mallocr.o)
                0x20400a80                __malloc_top_pad
 *(COMMON)
 COMMON         0x20400a84        0x4 src/ASF/common/utils/stdio/read.o
                0x20400a84                ptr_get
 COMMON         0x20400a88        0x8 src/ASF/common/utils/stdio/write.o
                0x20400a88                ptr_put
                0x20400a8c                stdio_base
 COMMON         0x20400a90        0x1 src/rtt_example.o
                0x20400a90                g_uc_alarmed
 *fill*         0x20400a91        0x3 
 COMMON         0x20400a94       0x21 c:/program files (x86)/atmel/studio/7.0/toolchain/arm/arm-gnu-toolchain/bin/../lib/gcc/arm-none-eabi/6.3.1/../../../../arm-none-eabi/lib/thumb/v7e-m\libc.a(lib_a-lock.o)
                0x20400a94                __lock___atexit_recursive_mutex
                0x20400a98                __lock___arc4random_mutex
                0x20400a9c                __lock___env_recursive_mutex
                0x20400aa0                __lock___sinit_recursive_mutex
                0x20400aa4                __lock___malloc_recursive_mutex
                0x20400aa8                __lock___at_quick_exit_mutex
                0x20400aac                __lock___dd_hash_mutex
                0x20400ab0                __lock___tz_mutex
                0x20400ab4                __lock___sfp_recursive_mutex
 *fill*         0x20400ab5        0x3 
 COMMON         0x20400ab8        0x4 c:/program files (x86)/atmel/studio/7.0/toolchain/arm/arm-gnu-toolchain/bin/../lib/gcc/arm-none-eabi/6.3.1/../../../../arm-none-eabi/lib/thumb/v7e-m\libc.a(lib_a-reent.o)
                0x20400ab8                errno
                0x20400abc                . = ALIGN (0x4)
                0x20400abc                _ebss = .
                0x20400abc                _ezero = .

.stack          0x20400abc     0x2004 load address 0x00404b8c
                0x20400ac0                . = ALIGN (0x8)
 *fill*         0x20400abc        0x4 
                0x20400ac0                _sstack = .
                0x20402ac0                . = (. + STACK_SIZE)
 *fill*         0x20400ac0     0x2000 
                0x20402ac0                . = ALIGN (0x8)
                0x20402ac0                _estack = .

.heap           0x20402ac0      0x200 load address 0x00406b90
                0x20402ac0                . = ALIGN (0x8)
                0x20402ac0                _sheap = .
                0x20402cc0                . = (. + HEAP_SIZE)
 *fill*         0x20402ac0      0x200 
                0x20402cc0                . = ALIGN (0x8)
                0x20402cc0                _eheap = .
                0x20402cc0                . = ALIGN (0x4)
                0x20402cc0                _end = .
                0x2045ffff                _ram_end_ = ((ORIGIN (ram) + LENGTH (ram)) - 0x1)
OUTPUT(RTT.elf elf32-littlearm)

.ARM.attributes
                0x00000000       0x2e
 .ARM.attributes
                0x00000000       0x1e c:/program files (x86)/atmel/studio/7.0/toolchain/arm/arm-gnu-toolchain/bin/../lib/gcc/arm-none-eabi/6.3.1/thumb/v7e-m/crti.o
 .ARM.attributes
                0x0000001e       0x2e c:/program files (x86)/atmel/studio/7.0/toolchain/arm/arm-gnu-toolchain/bin/../lib/gcc/arm-none-eabi/6.3.1/thumb/v7e-m/crtbegin.o
 .ARM.attributes
                0x0000004c       0x37 src/ASF/common/services/clock/samv71/sysclk.o
 .ARM.attributes
                0x00000083       0x37 src/ASF/common/utils/interrupt/interrupt_sam_nvic.o
 .ARM.attributes
                0x000000ba       0x37 src/ASF/common/utils/stdio/read.o
 .ARM.attributes
                0x000000f1       0x37 src/ASF/common/utils/stdio/write.o
 .ARM.attributes
                0x00000128       0x37 src/ASF/sam/boards/samv71_xplained_ultra/init.o
 .ARM.attributes
                0x0000015f       0x37 src/ASF/sam/drivers/pio/pio.o
 .ARM.attributes
                0x00000196       0x37 src/ASF/sam/drivers/pio/pio_handler.o
 .ARM.attributes
                0x000001cd       0x37 src/ASF/sam/drivers/pmc/pmc.o
 .ARM.attributes
                0x00000204       0x37 src/ASF/sam/drivers/rtt/rtt.o
 .ARM.attributes
                0x0000023b       0x37 src/ASF/sam/drivers/uart/uart.o
 .ARM.attributes
                0x00000272       0x37 src/ASF/sam/drivers/usart/usart.o
 .ARM.attributes
                0x000002a9       0x37 src/ASF/sam/utils/cmsis/samv71/source/templates/gcc/startup_samv71.o
 .ARM.attributes
                0x000002e0       0x37 src/ASF/sam/utils/cmsis/samv71/source/templates/system_samv71.o
 .ARM.attributes
                0x00000317       0x37 src/ASF/sam/utils/syscalls/gcc/syscalls.o
 .ARM.attributes
                0x0000034e       0x37 src/rtt_example.o
 .ARM.attributes
                0x00000385       0x2e c:/program files (x86)/atmel/studio/7.0/toolchain/arm/arm-gnu-toolchain/bin/../lib/gcc/arm-none-eabi/6.3.1/../../../../arm-none-eabi/lib/thumb/v7e-m\libc.a(lib_a-impure.o)
 .ARM.attributes
                0x000003b3       0x2e c:/program files (x86)/atmel/studio/7.0/toolchain/arm/arm-gnu-toolchain/bin/../lib/gcc/arm-none-eabi/6.3.1/../../../../arm-none-eabi/lib/thumb/v7e-m\libc.a(lib_a-init.o)
 .ARM.attributes
                0x000003e1       0x2e c:/program files (x86)/atmel/studio/7.0/toolchain/arm/arm-gnu-toolchain/bin/../lib/gcc/arm-none-eabi/6.3.1/../../../../arm-none-eabi/lib/thumb/v7e-m\libc.a(lib_a-iprintf.o)
 .ARM.attributes
                0x0000040f       0x2e c:/program files (x86)/atmel/studio/7.0/toolchain/arm/arm-gnu-toolchain/bin/../lib/gcc/arm-none-eabi/6.3.1/../../../../arm-none-eabi/lib/thumb/v7e-m\libc.a(lib_a-memset.o)
 .ARM.attributes
                0x0000043d       0x2e c:/program files (x86)/atmel/studio/7.0/toolchain/arm/arm-gnu-toolchain/bin/../lib/gcc/arm-none-eabi/6.3.1/../../../../arm-none-eabi/lib/thumb/v7e-m\libc.a(lib_a-puts.o)
 .ARM.attributes
                0x0000046b       0x2e c:/program files (x86)/atmel/studio/7.0/toolchain/arm/arm-gnu-toolchain/bin/../lib/gcc/arm-none-eabi/6.3.1/../../../../arm-none-eabi/lib/thumb/v7e-m\libc.a(lib_a-setbuf.o)
 .ARM.attributes
                0x00000499       0x2e c:/program files (x86)/atmel/studio/7.0/toolchain/arm/arm-gnu-toolchain/bin/../lib/gcc/arm-none-eabi/6.3.1/../../../../arm-none-eabi/lib/thumb/v7e-m\libc.a(lib_a-setvbuf.o)
 .ARM.attributes
                0x000004c7       0x1c c:/program files (x86)/atmel/studio/7.0/toolchain/arm/arm-gnu-toolchain/bin/../lib/gcc/arm-none-eabi/6.3.1/../../../../arm-none-eabi/lib/thumb/v7e-m\libc.a(lib_a-strlen.o)
 .ARM.attributes
                0x000004e3       0x2e c:/program files (x86)/atmel/studio/7.0/toolchain/arm/arm-gnu-toolchain/bin/../lib/gcc/arm-none-eabi/6.3.1/../../../../arm-none-eabi/lib/thumb/v7e-m\libc.a(lib_a-vfiprintf.o)
 .ARM.attributes
                0x00000511       0x2e c:/program files (x86)/atmel/studio/7.0/toolchain/arm/arm-gnu-toolchain/bin/../lib/gcc/arm-none-eabi/6.3.1/../../../../arm-none-eabi/lib/thumb/v7e-m\libc.a(lib_a-wsetup.o)
 .ARM.attributes
                0x0000053f       0x2e c:/program files (x86)/atmel/studio/7.0/toolchain/arm/arm-gnu-toolchain/bin/../lib/gcc/arm-none-eabi/6.3.1/../../../../arm-none-eabi/lib/thumb/v7e-m\libc.a(lib_a-__call_atexit.o)
 .ARM.attributes
                0x0000056d       0x2e c:/program files (x86)/atmel/studio/7.0/toolchain/arm/arm-gnu-toolchain/bin/../lib/gcc/arm-none-eabi/6.3.1/../../../../arm-none-eabi/lib/thumb/v7e-m\libc.a(lib_a-atexit.o)
 .ARM.attributes
                0x0000059b       0x2e c:/program files (x86)/atmel/studio/7.0/toolchain/arm/arm-gnu-toolchain/bin/../lib/gcc/arm-none-eabi/6.3.1/../../../../arm-none-eabi/lib/thumb/v7e-m\libc.a(lib_a-fflush.o)
 .ARM.attributes
                0x000005c9       0x2e c:/program files (x86)/atmel/studio/7.0/toolchain/arm/arm-gnu-toolchain/bin/../lib/gcc/arm-none-eabi/6.3.1/../../../../arm-none-eabi/lib/thumb/v7e-m\libc.a(lib_a-findfp.o)
 .ARM.attributes
                0x000005f7       0x2e c:/program files (x86)/atmel/studio/7.0/toolchain/arm/arm-gnu-toolchain/bin/../lib/gcc/arm-none-eabi/6.3.1/../../../../arm-none-eabi/lib/thumb/v7e-m\libc.a(lib_a-fini.o)
 .ARM.attributes
                0x00000625       0x2e c:/program files (x86)/atmel/studio/7.0/toolchain/arm/arm-gnu-toolchain/bin/../lib/gcc/arm-none-eabi/6.3.1/../../../../arm-none-eabi/lib/thumb/v7e-m\libc.a(lib_a-fputwc.o)
 .ARM.attributes
                0x00000653       0x2e c:/program files (x86)/atmel/studio/7.0/toolchain/arm/arm-gnu-toolchain/bin/../lib/gcc/arm-none-eabi/6.3.1/../../../../arm-none-eabi/lib/thumb/v7e-m\libc.a(lib_a-freer.o)
 .ARM.attributes
                0x00000681       0x2e c:/program files (x86)/atmel/studio/7.0/toolchain/arm/arm-gnu-toolchain/bin/../lib/gcc/arm-none-eabi/6.3.1/../../../../arm-none-eabi/lib/thumb/v7e-m\libc.a(lib_a-fvwrite.o)
 .ARM.attributes
                0x000006af       0x2e c:/program files (x86)/atmel/studio/7.0/toolchain/arm/arm-gnu-toolchain/bin/../lib/gcc/arm-none-eabi/6.3.1/../../../../arm-none-eabi/lib/thumb/v7e-m\libc.a(lib_a-fwalk.o)
 .ARM.attributes
                0x000006dd       0x2e c:/program files (x86)/atmel/studio/7.0/toolchain/arm/arm-gnu-toolchain/bin/../lib/gcc/arm-none-eabi/6.3.1/../../../../arm-none-eabi/lib/thumb/v7e-m\libc.a(lib_a-locale.o)
 .ARM.attributes
                0x0000070b       0x2e c:/program files (x86)/atmel/studio/7.0/toolchain/arm/arm-gnu-toolchain/bin/../lib/gcc/arm-none-eabi/6.3.1/../../../../arm-none-eabi/lib/thumb/v7e-m\libc.a(lib_a-lock.o)
 .ARM.attributes
                0x00000739       0x2e c:/program files (x86)/atmel/studio/7.0/toolchain/arm/arm-gnu-toolchain/bin/../lib/gcc/arm-none-eabi/6.3.1/../../../../arm-none-eabi/lib/thumb/v7e-m\libc.a(lib_a-makebuf.o)
 .ARM.attributes
                0x00000767       0x2e c:/program files (x86)/atmel/studio/7.0/toolchain/arm/arm-gnu-toolchain/bin/../lib/gcc/arm-none-eabi/6.3.1/../../../../arm-none-eabi/lib/thumb/v7e-m\libc.a(lib_a-malloc.o)
 .ARM.attributes
                0x00000795       0x2e c:/program files (x86)/atmel/studio/7.0/toolchain/arm/arm-gnu-toolchain/bin/../lib/gcc/arm-none-eabi/6.3.1/../../../../arm-none-eabi/lib/thumb/v7e-m\libc.a(lib_a-mallocr.o)
 .ARM.attributes
                0x000007c3       0x2e c:/program files (x86)/atmel/studio/7.0/toolchain/arm/arm-gnu-toolchain/bin/../lib/gcc/arm-none-eabi/6.3.1/../../../../arm-none-eabi/lib/thumb/v7e-m\libc.a(lib_a-mbtowc_r.o)
 .ARM.attributes
                0x000007f1       0x1c c:/program files (x86)/atmel/studio/7.0/toolchain/arm/arm-gnu-toolchain/bin/../lib/gcc/arm-none-eabi/6.3.1/../../../../arm-none-eabi/lib/thumb/v7e-m\libc.a(lib_a-memchr.o)
 .ARM.attributes
                0x0000080d       0x1c c:/program files (x86)/atmel/studio/7.0/toolchain/arm/arm-gnu-toolchain/bin/../lib/gcc/arm-none-eabi/6.3.1/../../../../arm-none-eabi/lib/thumb/v7e-m\libc.a(lib_a-memcpy.o)
 .ARM.attributes
                0x00000829       0x2e c:/program files (x86)/atmel/studio/7.0/toolchain/arm/arm-gnu-toolchain/bin/../lib/gcc/arm-none-eabi/6.3.1/../../../../arm-none-eabi/lib/thumb/v7e-m\libc.a(lib_a-memmove.o)
 .ARM.attributes
                0x00000857       0x2e c:/program files (x86)/atmel/studio/7.0/toolchain/arm/arm-gnu-toolchain/bin/../lib/gcc/arm-none-eabi/6.3.1/../../../../arm-none-eabi/lib/thumb/v7e-m\libc.a(lib_a-mlock.o)
 .ARM.attributes
                0x00000885       0x2e c:/program files (x86)/atmel/studio/7.0/toolchain/arm/arm-gnu-toolchain/bin/../lib/gcc/arm-none-eabi/6.3.1/../../../../arm-none-eabi/lib/thumb/v7e-m\libc.a(lib_a-reallocr.o)
 .ARM.attributes
                0x000008b3       0x2e c:/program files (x86)/atmel/studio/7.0/toolchain/arm/arm-gnu-toolchain/bin/../lib/gcc/arm-none-eabi/6.3.1/../../../../arm-none-eabi/lib/thumb/v7e-m\libc.a(lib_a-sbrkr.o)
 .ARM.attributes
                0x000008e1       0x2e c:/program files (x86)/atmel/studio/7.0/toolchain/arm/arm-gnu-toolchain/bin/../lib/gcc/arm-none-eabi/6.3.1/../../../../arm-none-eabi/lib/thumb/v7e-m\libc.a(lib_a-stdio.o)
 .ARM.attributes
                0x0000090f       0x2e c:/program files (x86)/atmel/studio/7.0/toolchain/arm/arm-gnu-toolchain/bin/../lib/gcc/arm-none-eabi/6.3.1/../../../../arm-none-eabi/lib/thumb/v7e-m\libc.a(lib_a-wbuf.o)
 .ARM.attributes
                0x0000093d       0x2e c:/program files (x86)/atmel/studio/7.0/toolchain/arm/arm-gnu-toolchain/bin/../lib/gcc/arm-none-eabi/6.3.1/../../../../arm-none-eabi/lib/thumb/v7e-m\libc.a(lib_a-wcrtomb.o)
 .ARM.attributes
                0x0000096b       0x2e c:/program files (x86)/atmel/studio/7.0/toolchain/arm/arm-gnu-toolchain/bin/../lib/gcc/arm-none-eabi/6.3.1/../../../../arm-none-eabi/lib/thumb/v7e-m\libc.a(lib_a-wctomb_r.o)
 .ARM.attributes
                0x00000999       0x2e c:/program files (x86)/atmel/studio/7.0/toolchain/arm/arm-gnu-toolchain/bin/../lib/gcc/arm-none-eabi/6.3.1/../../../../arm-none-eabi/lib/thumb/v7e-m\libc.a(lib_a-writer.o)
 .ARM.attributes
                0x000009c7       0x2e c:/program files (x86)/atmel/studio/7.0/toolchain/arm/arm-gnu-toolchain/bin/../lib/gcc/arm-none-eabi/6.3.1/../../../../arm-none-eabi/lib/thumb/v7e-m\libc.a(lib_a-__atexit.o)
 .ARM.attributes
                0x000009f5       0x2e c:/program files (x86)/atmel/studio/7.0/toolchain/arm/arm-gnu-toolchain/bin/../lib/gcc/arm-none-eabi/6.3.1/../../../../arm-none-eabi/lib/thumb/v7e-m\libc.a(lib_a-closer.o)
 .ARM.attributes
                0x00000a23       0x2e c:/program files (x86)/atmel/studio/7.0/toolchain/arm/arm-gnu-toolchain/bin/../lib/gcc/arm-none-eabi/6.3.1/../../../../arm-none-eabi/lib/thumb/v7e-m\libc.a(lib_a-ctype_.o)
 .ARM.attributes
                0x00000a51       0x2e c:/program files (x86)/atmel/studio/7.0/toolchain/arm/arm-gnu-toolchain/bin/../lib/gcc/arm-none-eabi/6.3.1/../../../../arm-none-eabi/lib/thumb/v7e-m\libc.a(lib_a-fclose.o)
 .ARM.attributes
                0x00000a7f       0x2e c:/program files (x86)/atmel/studio/7.0/toolchain/arm/arm-gnu-toolchain/bin/../lib/gcc/arm-none-eabi/6.3.1/../../../../arm-none-eabi/lib/thumb/v7e-m\libc.a(lib_a-fstatr.o)
 .ARM.attributes
                0x00000aad       0x2e c:/program files (x86)/atmel/studio/7.0/toolchain/arm/arm-gnu-toolchain/bin/../lib/gcc/arm-none-eabi/6.3.1/../../../../arm-none-eabi/lib/thumb/v7e-m\libc.a(lib_a-isattyr.o)
 .ARM.attributes
                0x00000adb       0x2e c:/program files (x86)/atmel/studio/7.0/toolchain/arm/arm-gnu-toolchain/bin/../lib/gcc/arm-none-eabi/6.3.1/../../../../arm-none-eabi/lib/thumb/v7e-m\libc.a(lib_a-lseekr.o)
 .ARM.attributes
                0x00000b09       0x2e c:/program files (x86)/atmel/studio/7.0/toolchain/arm/arm-gnu-toolchain/bin/../lib/gcc/arm-none-eabi/6.3.1/../../../../arm-none-eabi/lib/thumb/v7e-m\libc.a(lib_a-readr.o)
 .ARM.attributes
                0x00000b37       0x2e c:/program files (x86)/atmel/studio/7.0/toolchain/arm/arm-gnu-toolchain/bin/../lib/gcc/arm-none-eabi/6.3.1/../../../../arm-none-eabi/lib/thumb/v7e-m\libc.a(lib_a-reent.o)
 .ARM.attributes
                0x00000b65       0x1e c:/program files (x86)/atmel/studio/7.0/toolchain/arm/arm-gnu-toolchain/bin/../lib/gcc/arm-none-eabi/6.3.1/thumb/v7e-m\libgcc.a(_aeabi_uldivmod.o)
 .ARM.attributes
                0x00000b83       0x2e c:/program files (x86)/atmel/studio/7.0/toolchain/arm/arm-gnu-toolchain/bin/../lib/gcc/arm-none-eabi/6.3.1/thumb/v7e-m\libgcc.a(_udivmoddi4.o)
 .ARM.attributes
                0x00000bb1       0x1e c:/program files (x86)/atmel/studio/7.0/toolchain/arm/arm-gnu-toolchain/bin/../lib/gcc/arm-none-eabi/6.3.1/thumb/v7e-m\libgcc.a(_dvmd_tls.o)
 .ARM.attributes
                0x00000bcf       0x1e c:/program files (x86)/atmel/studio/7.0/toolchain/arm/arm-gnu-toolchain/bin/../lib/gcc/arm-none-eabi/6.3.1/thumb/v7e-m/crtn.o

.comment        0x00000000       0x59
 .comment       0x00000000       0x59 src/ASF/common/services/clock/samv71/sysclk.o
                                 0x5a (size before relaxing)
 .comment       0x00000059       0x5a src/ASF/common/utils/interrupt/interrupt_sam_nvic.o
 .comment       0x00000059       0x5a src/ASF/common/utils/stdio/read.o
 .comment       0x00000059       0x5a src/ASF/common/utils/stdio/write.o
 .comment       0x00000059       0x5a src/ASF/sam/boards/samv71_xplained_ultra/init.o
 .comment       0x00000059       0x5a src/ASF/sam/drivers/pio/pio.o
 .comment       0x00000059       0x5a src/ASF/sam/drivers/pio/pio_handler.o
 .comment       0x00000059       0x5a src/ASF/sam/drivers/pmc/pmc.o
 .comment       0x00000059       0x5a src/ASF/sam/drivers/rtt/rtt.o
 .comment       0x00000059       0x5a src/ASF/sam/drivers/uart/uart.o
 .comment       0x00000059       0x5a src/ASF/sam/drivers/usart/usart.o
 .comment       0x00000059       0x5a src/ASF/sam/utils/cmsis/samv71/source/templates/gcc/startup_samv71.o
 .comment       0x00000059       0x5a src/ASF/sam/utils/cmsis/samv71/source/templates/system_samv71.o
 .comment       0x00000059       0x5a src/ASF/sam/utils/syscalls/gcc/syscalls.o
 .comment       0x00000059       0x5a src/rtt_example.o

.debug_info     0x00000000    0x138e6
 .debug_info    0x00000000     0x12a4 src/ASF/common/services/clock/samv71/sysclk.o
 .debug_info    0x000012a4      0xaff src/ASF/common/utils/interrupt/interrupt_sam_nvic.o
 .debug_info    0x00001da3      0xac9 src/ASF/common/utils/stdio/read.o
 .debug_info    0x0000286c      0xac6 src/ASF/common/utils/stdio/write.o
 .debug_info    0x00003332     0x1ff9 src/ASF/sam/boards/samv71_xplained_ultra/init.o
 .debug_info    0x0000532b     0x2174 src/ASF/sam/drivers/pio/pio.o
 .debug_info    0x0000749f     0x1bb8 src/ASF/sam/drivers/pio/pio_handler.o
 .debug_info    0x00009057     0x1f1c src/ASF/sam/drivers/pmc/pmc.o
 .debug_info    0x0000af73      0xcd1 src/ASF/sam/drivers/rtt/rtt.o
 .debug_info    0x0000bc44     0x1072 src/ASF/sam/drivers/uart/uart.o
 .debug_info    0x0000ccb6     0x23ac src/ASF/sam/drivers/usart/usart.o
 .debug_info    0x0000f062     0x15fe src/ASF/sam/utils/cmsis/samv71/source/templates/gcc/startup_samv71.o
 .debug_info    0x00010660      0x5d0 src/ASF/sam/utils/cmsis/samv71/source/templates/system_samv71.o
 .debug_info    0x00010c30      0xdb0 src/ASF/sam/utils/syscalls/gcc/syscalls.o
 .debug_info    0x000119e0     0x1f06 src/rtt_example.o

.debug_abbrev   0x00000000     0x2a53
 .debug_abbrev  0x00000000      0x31f src/ASF/common/services/clock/samv71/sysclk.o
 .debug_abbrev  0x0000031f      0x221 src/ASF/common/utils/interrupt/interrupt_sam_nvic.o
 .debug_abbrev  0x00000540      0x1fe src/ASF/common/utils/stdio/read.o
 .debug_abbrev  0x0000073e      0x1e9 src/ASF/common/utils/stdio/write.o
 .debug_abbrev  0x00000927      0x338 src/ASF/sam/boards/samv71_xplained_ultra/init.o
 .debug_abbrev  0x00000c5f      0x410 src/ASF/sam/drivers/pio/pio.o
 .debug_abbrev  0x0000106f      0x34d src/ASF/sam/drivers/pio/pio_handler.o
 .debug_abbrev  0x000013bc      0x398 src/ASF/sam/drivers/pmc/pmc.o
 .debug_abbrev  0x00001754      0x256 src/ASF/sam/drivers/rtt/rtt.o
 .debug_abbrev  0x000019aa      0x27b src/ASF/sam/drivers/uart/uart.o
 .debug_abbrev  0x00001c25      0x3ca src/ASF/sam/drivers/usart/usart.o
 .debug_abbrev  0x00001fef      0x2f3 src/ASF/sam/utils/cmsis/samv71/source/templates/gcc/startup_samv71.o
 .debug_abbrev  0x000022e2      0x102 src/ASF/sam/utils/cmsis/samv71/source/templates/system_samv71.o
 .debug_abbrev  0x000023e4      0x264 src/ASF/sam/utils/syscalls/gcc/syscalls.o
 .debug_abbrev  0x00002648      0x40b src/rtt_example.o

.debug_loc      0x00000000     0x3fdf
 .debug_loc     0x00000000      0x183 src/ASF/common/services/clock/samv71/sysclk.o
 .debug_loc     0x00000183       0xb3 src/ASF/common/utils/stdio/read.o
 .debug_loc     0x00000236      0x12b src/ASF/common/utils/stdio/write.o
 .debug_loc     0x00000361      0x252 src/ASF/sam/boards/samv71_xplained_ultra/init.o
 .debug_loc     0x000005b3      0xea4 src/ASF/sam/drivers/pio/pio.o
 .debug_loc     0x00001457      0x59f src/ASF/sam/drivers/pio/pio_handler.o
 .debug_loc     0x000019f6      0xc33 src/ASF/sam/drivers/pmc/pmc.o
 .debug_loc     0x00002629      0x1c7 src/ASF/sam/drivers/rtt/rtt.o
 .debug_loc     0x000027f0      0x2a3 src/ASF/sam/drivers/uart/uart.o
 .debug_loc     0x00002a93      0xf35 src/ASF/sam/drivers/usart/usart.o
 .debug_loc     0x000039c8       0x77 src/ASF/sam/utils/cmsis/samv71/source/templates/gcc/startup_samv71.o
 .debug_loc     0x00003a3f       0xfd src/ASF/sam/utils/syscalls/gcc/syscalls.o
 .debug_loc     0x00003b3c      0x4a3 src/rtt_example.o

.debug_aranges  0x00000000      0xa18
 .debug_aranges
                0x00000000       0x40 src/ASF/common/services/clock/samv71/sysclk.o
 .debug_aranges
                0x00000040       0x28 src/ASF/common/utils/interrupt/interrupt_sam_nvic.o
 .debug_aranges
                0x00000068       0x20 src/ASF/common/utils/stdio/read.o
 .debug_aranges
                0x00000088       0x20 src/ASF/common/utils/stdio/write.o
 .debug_aranges
                0x000000a8       0x20 src/ASF/sam/boards/samv71_xplained_ultra/init.o
 .debug_aranges
                0x000000c8      0x1a8 src/ASF/sam/drivers/pio/pio.o
 .debug_aranges
                0x00000270       0x60 src/ASF/sam/drivers/pio/pio_handler.o
 .debug_aranges
                0x000002d0      0x270 src/ASF/sam/drivers/pmc/pmc.o
 .debug_aranges
                0x00000540       0x60 src/ASF/sam/drivers/rtt/rtt.o
 .debug_aranges
                0x000005a0       0xd8 src/ASF/sam/drivers/uart/uart.o
 .debug_aranges
                0x00000678      0x2a8 src/ASF/sam/drivers/usart/usart.o
 .debug_aranges
                0x00000920       0x28 src/ASF/sam/utils/cmsis/samv71/source/templates/gcc/startup_samv71.o
 .debug_aranges
                0x00000948       0x30 src/ASF/sam/utils/cmsis/samv71/source/templates/system_samv71.o
 .debug_aranges
                0x00000978       0x60 src/ASF/sam/utils/syscalls/gcc/syscalls.o
 .debug_aranges
                0x000009d8       0x40 src/rtt_example.o

.debug_ranges   0x00000000      0xa48
 .debug_ranges  0x00000000       0x30 src/ASF/common/services/clock/samv71/sysclk.o
 .debug_ranges  0x00000030       0x18 src/ASF/common/utils/interrupt/interrupt_sam_nvic.o
 .debug_ranges  0x00000048       0x10 src/ASF/common/utils/stdio/read.o
 .debug_ranges  0x00000058       0x10 src/ASF/common/utils/stdio/write.o
 .debug_ranges  0x00000068       0x10 src/ASF/sam/boards/samv71_xplained_ultra/init.o
 .debug_ranges  0x00000078      0x2a0 src/ASF/sam/drivers/pio/pio.o
 .debug_ranges  0x00000318       0x68 src/ASF/sam/drivers/pio/pio_handler.o
 .debug_ranges  0x00000380      0x260 src/ASF/sam/drivers/pmc/pmc.o
 .debug_ranges  0x000005e0       0x50 src/ASF/sam/drivers/rtt/rtt.o
 .debug_ranges  0x00000630       0xc8 src/ASF/sam/drivers/uart/uart.o
 .debug_ranges  0x000006f8      0x298 src/ASF/sam/drivers/usart/usart.o
 .debug_ranges  0x00000990       0x18 src/ASF/sam/utils/cmsis/samv71/source/templates/gcc/startup_samv71.o
 .debug_ranges  0x000009a8       0x20 src/ASF/sam/utils/cmsis/samv71/source/templates/system_samv71.o
 .debug_ranges  0x000009c8       0x50 src/ASF/sam/utils/syscalls/gcc/syscalls.o
 .debug_ranges  0x00000a18       0x30 src/rtt_example.o

.debug_macro    0x00000000    0x205c6
 .debug_macro   0x00000000      0x71c src/ASF/common/services/clock/samv71/sysclk.o
 .debug_macro   0x0000071c      0x8ce src/ASF/common/services/clock/samv71/sysclk.o
 .debug_macro   0x00000fea      0x71d src/ASF/common/services/clock/samv71/sysclk.o
 .debug_macro   0x00001707       0x3a src/ASF/common/services/clock/samv71/sysclk.o
 .debug_macro   0x00001741      0x16d src/ASF/common/services/clock/samv71/sysclk.o
 .debug_macro   0x000018ae       0x76 src/ASF/common/services/clock/samv71/sysclk.o
 .debug_macro   0x00001924       0x16 src/ASF/common/services/clock/samv71/sysclk.o
 .debug_macro   0x0000193a      0x6da src/ASF/common/services/clock/samv71/sysclk.o
 .debug_macro   0x00002014       0x22 src/ASF/common/services/clock/samv71/sysclk.o
 .debug_macro   0x00002036       0x87 src/ASF/common/services/clock/samv71/sysclk.o
 .debug_macro   0x000020bd       0x51 src/ASF/common/services/clock/samv71/sysclk.o
 .debug_macro   0x0000210e       0xef src/ASF/common/services/clock/samv71/sysclk.o
 .debug_macro   0x000021fd       0x6a src/ASF/common/services/clock/samv71/sysclk.o
 .debug_macro   0x00002267      0x1df src/ASF/common/services/clock/samv71/sysclk.o
 .debug_macro   0x00002446       0x51 src/ASF/common/services/clock/samv71/sysclk.o
 .debug_macro   0x00002497       0x1c src/ASF/common/services/clock/samv71/sysclk.o
 .debug_macro   0x000024b3       0x22 src/ASF/common/services/clock/samv71/sysclk.o
 .debug_macro   0x000024d5       0xdf src/ASF/common/services/clock/samv71/sysclk.o
 .debug_macro   0x000025b4     0x12cd src/ASF/common/services/clock/samv71/sysclk.o
 .debug_macro   0x00003881      0x11f src/ASF/common/services/clock/samv71/sysclk.o
 .debug_macro   0x000039a0       0x19 src/ASF/common/services/clock/samv71/sysclk.o
 .debug_macro   0x000039b9      0x191 src/ASF/common/services/clock/samv71/sysclk.o
 .debug_macro   0x00003b4a      0x2ee src/ASF/common/services/clock/samv71/sysclk.o
 .debug_macro   0x00003e38      0xa23 src/ASF/common/services/clock/samv71/sysclk.o
 .debug_macro   0x0000485b      0x1b4 src/ASF/common/services/clock/samv71/sysclk.o
 .debug_macro   0x00004a0f      0x35f src/ASF/common/services/clock/samv71/sysclk.o
 .debug_macro   0x00004d6e      0x15a src/ASF/common/services/clock/samv71/sysclk.o
 .debug_macro   0x00004ec8     0x18f9 src/ASF/common/services/clock/samv71/sysclk.o
 .debug_macro   0x000067c1       0x1c src/ASF/common/services/clock/samv71/sysclk.o
 .debug_macro   0x000067dd      0x6a2 src/ASF/common/services/clock/samv71/sysclk.o
 .debug_macro   0x00006e7f      0x263 src/ASF/common/services/clock/samv71/sysclk.o
 .debug_macro   0x000070e2      0x315 src/ASF/common/services/clock/samv71/sysclk.o
 .debug_macro   0x000073f7      0x4f0 src/ASF/common/services/clock/samv71/sysclk.o
 .debug_macro   0x000078e7      0x2c4 src/ASF/common/services/clock/samv71/sysclk.o
 .debug_macro   0x00007bab     0x1527 src/ASF/common/services/clock/samv71/sysclk.o
 .debug_macro   0x000090d2      0x285 src/ASF/common/services/clock/samv71/sysclk.o
 .debug_macro   0x00009357     0x2a40 src/ASF/common/services/clock/samv71/sysclk.o
 .debug_macro   0x0000bd97     0x113e src/ASF/common/services/clock/samv71/sysclk.o
 .debug_macro   0x0000ced5      0xcdb src/ASF/common/services/clock/samv71/sysclk.o
 .debug_macro   0x0000dbb0      0x3c6 src/ASF/common/services/clock/samv71/sysclk.o
 .debug_macro   0x0000df76       0xa0 src/ASF/common/services/clock/samv71/sysclk.o
 .debug_macro   0x0000e016       0x76 src/ASF/common/services/clock/samv71/sysclk.o
 .debug_macro   0x0000e08c      0x41e src/ASF/common/services/clock/samv71/sysclk.o
 .debug_macro   0x0000e4aa       0x64 src/ASF/common/services/clock/samv71/sysclk.o
 .debug_macro   0x0000e50e      0x299 src/ASF/common/services/clock/samv71/sysclk.o
 .debug_macro   0x0000e7a7      0x201 src/ASF/common/services/clock/samv71/sysclk.o
 .debug_macro   0x0000e9a8      0x264 src/ASF/common/services/clock/samv71/sysclk.o
 .debug_macro   0x0000ec0c      0x539 src/ASF/common/services/clock/samv71/sysclk.o
 .debug_macro   0x0000f145      0x650 src/ASF/common/services/clock/samv71/sysclk.o
 .debug_macro   0x0000f795      0x6fd src/ASF/common/services/clock/samv71/sysclk.o
 .debug_macro   0x0000fe92       0x64 src/ASF/common/services/clock/samv71/sysclk.o
 .debug_macro   0x0000fef6      0x4c4 src/ASF/common/services/clock/samv71/sysclk.o
 .debug_macro   0x000103ba      0x237 src/ASF/common/services/clock/samv71/sysclk.o
 .debug_macro   0x000105f1      0xa06 src/ASF/common/services/clock/samv71/sysclk.o
 .debug_macro   0x00010ff7     0x14f3 src/ASF/common/services/clock/samv71/sysclk.o
 .debug_macro   0x000124ea       0x40 src/ASF/common/services/clock/samv71/sysclk.o
 .debug_macro   0x0001252a       0x76 src/ASF/common/services/clock/samv71/sysclk.o
 .debug_macro   0x000125a0      0xdd1 src/ASF/common/services/clock/samv71/sysclk.o
 .debug_macro   0x00013371       0x88 src/ASF/common/services/clock/samv71/sysclk.o
 .debug_macro   0x000133f9       0x7c src/ASF/common/services/clock/samv71/sysclk.o
 .debug_macro   0x00013475       0x52 src/ASF/common/services/clock/samv71/sysclk.o
 .debug_macro   0x000134c7      0x133 src/ASF/common/services/clock/samv71/sysclk.o
 .debug_macro   0x000135fa      0x133 src/ASF/common/services/clock/samv71/sysclk.o
 .debug_macro   0x0001372d      0x133 src/ASF/common/services/clock/samv71/sysclk.o
 .debug_macro   0x00013860       0x76 src/ASF/common/services/clock/samv71/sysclk.o
 .debug_macro   0x000138d6       0x76 src/ASF/common/services/clock/samv71/sysclk.o
 .debug_macro   0x0001394c      0x2fe src/ASF/common/services/clock/samv71/sysclk.o
 .debug_macro   0x00013c4a       0xca src/ASF/common/services/clock/samv71/sysclk.o
 .debug_macro   0x00013d14       0xca src/ASF/common/services/clock/samv71/sysclk.o
 .debug_macro   0x00013dde       0xca src/ASF/common/services/clock/samv71/sysclk.o
 .debug_macro   0x00013ea8      0x13b src/ASF/common/services/clock/samv71/sysclk.o
 .debug_macro   0x00013fe3      0x13b src/ASF/common/services/clock/samv71/sysclk.o
 .debug_macro   0x0001411e      0x2cd src/ASF/common/services/clock/samv71/sysclk.o
 .debug_macro   0x000143eb       0xbe src/ASF/common/services/clock/samv71/sysclk.o
 .debug_macro   0x000144a9       0x64 src/ASF/common/services/clock/samv71/sysclk.o
 .debug_macro   0x0001450d       0x46 src/ASF/common/services/clock/samv71/sysclk.o
 .debug_macro   0x00014553       0x4c src/ASF/common/services/clock/samv71/sysclk.o
 .debug_macro   0x0001459f       0xa6 src/ASF/common/services/clock/samv71/sysclk.o
 .debug_macro   0x00014645      0x4b7 src/ASF/common/services/clock/samv71/sysclk.o
 .debug_macro   0x00014afc      0x133 src/ASF/common/services/clock/samv71/sysclk.o
 .debug_macro   0x00014c2f       0x52 src/ASF/common/services/clock/samv71/sysclk.o
 .debug_macro   0x00014c81      0x2fe src/ASF/common/services/clock/samv71/sysclk.o
 .debug_macro   0x00014f7f       0x76 src/ASF/common/services/clock/samv71/sysclk.o
 .debug_macro   0x00014ff5       0xbe src/ASF/common/services/clock/samv71/sysclk.o
 .debug_macro   0x000150b3       0x76 src/ASF/common/services/clock/samv71/sysclk.o
 .debug_macro   0x00015129       0x70 src/ASF/common/services/clock/samv71/sysclk.o
 .debug_macro   0x00015199       0x34 src/ASF/common/services/clock/samv71/sysclk.o
 .debug_macro   0x000151cd      0x9b8 src/ASF/common/services/clock/samv71/sysclk.o
 .debug_macro   0x00015b85       0x70 src/ASF/common/services/clock/samv71/sysclk.o
 .debug_macro   0x00015bf5       0x8e src/ASF/common/services/clock/samv71/sysclk.o
 .debug_macro   0x00015c83       0x5e src/ASF/common/services/clock/samv71/sysclk.o
 .debug_macro   0x00015ce1       0xb8 src/ASF/common/services/clock/samv71/sysclk.o
 .debug_macro   0x00015d99       0x4c src/ASF/common/services/clock/samv71/sysclk.o
 .debug_macro   0x00015de5       0x4c src/ASF/common/services/clock/samv71/sysclk.o
 .debug_macro   0x00015e31       0x16 src/ASF/common/services/clock/samv71/sysclk.o
 .debug_macro   0x00015e47       0xfa src/ASF/common/services/clock/samv71/sysclk.o
 .debug_macro   0x00015f41       0x52 src/ASF/common/services/clock/samv71/sysclk.o
 .debug_macro   0x00015f93       0x16 src/ASF/common/services/clock/samv71/sysclk.o
 .debug_macro   0x00015fa9       0x52 src/ASF/common/services/clock/samv71/sysclk.o
 .debug_macro   0x00015ffb       0x2e src/ASF/common/services/clock/samv71/sysclk.o
 .debug_macro   0x00016029      0x1b3 src/ASF/common/services/clock/samv71/sysclk.o
 .debug_macro   0x000161dc      0x1b3 src/ASF/common/services/clock/samv71/sysclk.o
 .debug_macro   0x0001638f      0x1b3 src/ASF/common/services/clock/samv71/sysclk.o
 .debug_macro   0x00016542      0x1b3 src/ASF/common/services/clock/samv71/sysclk.o
 .debug_macro   0x000166f5      0x1b3 src/ASF/common/services/clock/samv71/sysclk.o
 .debug_macro   0x000168a8       0x1c src/ASF/common/services/clock/samv71/sysclk.o
 .debug_macro   0x000168c4       0x34 src/ASF/common/services/clock/samv71/sysclk.o
 .debug_macro   0x000168f8       0x22 src/ASF/common/services/clock/samv71/sysclk.o
 .debug_macro   0x0001691a       0x1c src/ASF/common/services/clock/samv71/sysclk.o
 .debug_macro   0x00016936       0x58 src/ASF/common/services/clock/samv71/sysclk.o
 .debug_macro   0x0001698e       0x10 src/ASF/common/services/clock/samv71/sysclk.o
 .debug_macro   0x0001699e       0x1c src/ASF/common/services/clock/samv71/sysclk.o
 .debug_macro   0x000169ba       0x52 src/ASF/common/services/clock/samv71/sysclk.o
 .debug_macro   0x00016a0c       0x52 src/ASF/common/services/clock/samv71/sysclk.o
 .debug_macro   0x00016a5e       0x52 src/ASF/common/services/clock/samv71/sysclk.o
 .debug_macro   0x00016ab0      0x345 src/ASF/common/services/clock/samv71/sysclk.o
 .debug_macro   0x00016df5     0x1073 src/ASF/common/services/clock/samv71/sysclk.o
 .debug_macro   0x00017e68      0x107 src/ASF/common/services/clock/samv71/sysclk.o
 .debug_macro   0x00017f6f       0x58 src/ASF/common/services/clock/samv71/sysclk.o
 .debug_macro   0x00017fc7       0x35 src/ASF/common/services/clock/samv71/sysclk.o
 .debug_macro   0x00017ffc       0x9c src/ASF/common/services/clock/samv71/sysclk.o
 .debug_macro   0x00018098       0x16 src/ASF/common/services/clock/samv71/sysclk.o
 .debug_macro   0x000180ae       0x35 src/ASF/common/services/clock/samv71/sysclk.o
 .debug_macro   0x000180e3      0x34d src/ASF/common/services/clock/samv71/sysclk.o
 .debug_macro   0x00018430       0x10 src/ASF/common/services/clock/samv71/sysclk.o
 .debug_macro   0x00018440       0x58 src/ASF/common/services/clock/samv71/sysclk.o
 .debug_macro   0x00018498       0x1f src/ASF/common/services/clock/samv71/sysclk.o
 .debug_macro   0x000184b7       0x43 src/ASF/common/services/clock/samv71/sysclk.o
 .debug_macro   0x000184fa       0x20 src/ASF/common/services/clock/samv71/sysclk.o
 .debug_macro   0x0001851a      0x187 src/ASF/common/services/clock/samv71/sysclk.o
 .debug_macro   0x000186a1       0x10 src/ASF/common/services/clock/samv71/sysclk.o
 .debug_macro   0x000186b1       0x1c src/ASF/common/services/clock/samv71/sysclk.o
 .debug_macro   0x000186cd       0x52 src/ASF/common/services/clock/samv71/sysclk.o
 .debug_macro   0x0001871f       0x40 src/ASF/common/services/clock/samv71/sysclk.o
 .debug_macro   0x0001875f       0x10 src/ASF/common/services/clock/samv71/sysclk.o
 .debug_macro   0x0001876f       0x40 src/ASF/common/services/clock/samv71/sysclk.o
 .debug_macro   0x000187af       0xd7 src/ASF/common/services/clock/samv71/sysclk.o
 .debug_macro   0x00018886       0x16 src/ASF/common/services/clock/samv71/sysclk.o
 .debug_macro   0x0001889c      0x18b src/ASF/common/services/clock/samv71/sysclk.o
 .debug_macro   0x00018a27       0x22 src/ASF/common/services/clock/samv71/sysclk.o
 .debug_macro   0x00018a49       0x16 src/ASF/common/services/clock/samv71/sysclk.o
 .debug_macro   0x00018a5f       0x16 src/ASF/common/services/clock/samv71/sysclk.o
 .debug_macro   0x00018a75       0x29 src/ASF/common/services/clock/samv71/sysclk.o
 .debug_macro   0x00018a9e       0x73 src/ASF/common/services/clock/samv71/sysclk.o
 .debug_macro   0x00018b11       0x3e src/ASF/common/services/clock/samv71/sysclk.o
 .debug_macro   0x00018b4f      0x3ca src/ASF/common/services/clock/samv71/sysclk.o
 .debug_macro   0x00018f19      0x2d9 src/ASF/common/services/clock/samv71/sysclk.o
 .debug_macro   0x000191f2      0xc89 src/ASF/common/services/clock/samv71/sysclk.o
 .debug_macro   0x00019e7b       0x70 src/ASF/common/services/clock/samv71/sysclk.o
 .debug_macro   0x00019eeb       0x64 src/ASF/common/services/clock/samv71/sysclk.o
 .debug_macro   0x00019f4f       0x5f src/ASF/common/services/clock/samv71/sysclk.o
 .debug_macro   0x00019fae       0xac src/ASF/common/services/clock/samv71/sysclk.o
 .debug_macro   0x0001a05a      0x6a1 src/ASF/common/utils/interrupt/interrupt_sam_nvic.o
 .debug_macro   0x0001a6fb      0x6a1 src/ASF/common/utils/stdio/read.o
 .debug_macro   0x0001ad9c      0x6a1 src/ASF/common/utils/stdio/write.o
 .debug_macro   0x0001b43d      0x758 src/ASF/sam/boards/samv71_xplained_ultra/init.o
 .debug_macro   0x0001bb95       0x16 src/ASF/sam/boards/samv71_xplained_ultra/init.o
 .debug_macro   0x0001bbab       0x82 src/ASF/sam/boards/samv71_xplained_ultra/init.o
 .debug_macro   0x0001bc2d       0x94 src/ASF/sam/boards/samv71_xplained_ultra/init.o
 .debug_macro   0x0001bcc1      0x6b7 src/ASF/sam/drivers/pio/pio.o
 .debug_macro   0x0001c378       0x8e src/ASF/sam/drivers/pio/pio.o
 .debug_macro   0x0001c406      0x6c2 src/ASF/sam/drivers/pio/pio_handler.o
 .debug_macro   0x0001cac8      0x6b7 src/ASF/sam/drivers/pmc/pmc.o
 .debug_macro   0x0001d17f       0x6a src/ASF/sam/drivers/pmc/pmc.o
 .debug_macro   0x0001d1e9      0x6ac src/ASF/sam/drivers/rtt/rtt.o
 .debug_macro   0x0001d895      0x6b1 src/ASF/sam/drivers/uart/uart.o
 .debug_macro   0x0001df46       0x16 src/ASF/sam/drivers/uart/uart.o
 .debug_macro   0x0001df5c      0x6e7 src/ASF/sam/drivers/usart/usart.o
 .debug_macro   0x0001e643       0x28 src/ASF/sam/drivers/usart/usart.o
 .debug_macro   0x0001e66b      0x6b0 src/ASF/sam/utils/cmsis/samv71/source/templates/gcc/startup_samv71.o
 .debug_macro   0x0001ed1b       0x10 src/ASF/sam/utils/cmsis/samv71/source/templates/gcc/startup_samv71.o
 .debug_macro   0x0001ed2b      0x49a src/ASF/sam/utils/cmsis/samv71/source/templates/system_samv71.o
 .debug_macro   0x0001f1c5      0x1d6 src/ASF/sam/utils/syscalls/gcc/syscalls.o
 .debug_macro   0x0001f39b       0x52 src/ASF/sam/utils/syscalls/gcc/syscalls.o
 .debug_macro   0x0001f3ed       0x8d src/ASF/sam/utils/syscalls/gcc/syscalls.o
 .debug_macro   0x0001f47a       0x57 src/ASF/sam/utils/syscalls/gcc/syscalls.o
 .debug_macro   0x0001f4d1       0x97 src/ASF/sam/utils/syscalls/gcc/syscalls.o
 .debug_macro   0x0001f568      0x353 src/ASF/sam/utils/syscalls/gcc/syscalls.o
 .debug_macro   0x0001f8bb       0xf6 src/ASF/sam/utils/syscalls/gcc/syscalls.o
 .debug_macro   0x0001f9b1       0x4c src/ASF/sam/utils/syscalls/gcc/syscalls.o
 .debug_macro   0x0001f9fd       0x16 src/ASF/sam/utils/syscalls/gcc/syscalls.o
 .debug_macro   0x0001fa13       0x10 src/ASF/sam/utils/syscalls/gcc/syscalls.o
 .debug_macro   0x0001fa23       0x10 src/ASF/sam/utils/syscalls/gcc/syscalls.o
 .debug_macro   0x0001fa33       0x35 src/ASF/sam/utils/syscalls/gcc/syscalls.o
 .debug_macro   0x0001fa68      0x122 src/ASF/sam/utils/syscalls/gcc/syscalls.o
 .debug_macro   0x0001fb8a      0x7fb src/rtt_example.o
 .debug_macro   0x00020385       0x40 src/rtt_example.o
 .debug_macro   0x000203c5      0x1cf src/rtt_example.o
 .debug_macro   0x00020594       0x16 src/rtt_example.o
 .debug_macro   0x000205aa       0x1c src/rtt_example.o

.debug_line     0x00000000     0xaf16
 .debug_line    0x00000000      0xba0 src/ASF/common/services/clock/samv71/sysclk.o
 .debug_line    0x00000ba0      0xa41 src/ASF/common/utils/interrupt/interrupt_sam_nvic.o
 .debug_line    0x000015e1      0xa2c src/ASF/common/utils/stdio/read.o
 .debug_line    0x0000200d      0xa24 src/ASF/common/utils/stdio/write.o
 .debug_line    0x00002a31      0xc8e src/ASF/sam/boards/samv71_xplained_ultra/init.o
 .debug_line    0x000036bf      0xf28 src/ASF/sam/drivers/pio/pio.o
 .debug_line    0x000045e7      0xb10 src/ASF/sam/drivers/pio/pio_handler.o
 .debug_line    0x000050f7     0x10ec src/ASF/sam/drivers/pmc/pmc.o
 .debug_line    0x000061e3      0xab7 src/ASF/sam/drivers/rtt/rtt.o
 .debug_line    0x00006c9a      0xbbe src/ASF/sam/drivers/uart/uart.o
 .debug_line    0x00007858     0x10bb src/ASF/sam/drivers/usart/usart.o
 .debug_line    0x00008913      0xab1 src/ASF/sam/utils/cmsis/samv71/source/templates/gcc/startup_samv71.o
 .debug_line    0x000093c4      0x82d src/ASF/sam/utils/cmsis/samv71/source/templates/system_samv71.o
 .debug_line    0x00009bf1      0x40b src/ASF/sam/utils/syscalls/gcc/syscalls.o
 .debug_line    0x00009ffc      0xf1a src/rtt_example.o

.debug_str      0x00000000    0x9389a
 .debug_str     0x00000000    0x8e353 src/ASF/common/services/clock/samv71/sysclk.o
                              0x8ea45 (size before relaxing)
 .debug_str     0x0008e353       0x94 src/ASF/common/utils/interrupt/interrupt_sam_nvic.o
                              0x89b74 (size before relaxing)
 .debug_str     0x0008e3e7       0x3f src/ASF/common/utils/stdio/read.o
                              0x89b1d (size before relaxing)
 .debug_str     0x0008e426       0x2e src/ASF/common/utils/stdio/write.o
                              0x89b1e (size before relaxing)
 .debug_str     0x0008e454      0xf78 src/ASF/sam/boards/samv71_xplained_ultra/init.o
                              0x8f5aa (size before relaxing)
 .debug_str     0x0008f3cc      0x5ab src/ASF/sam/drivers/pio/pio.o
                              0x8a6d6 (size before relaxing)
 .debug_str     0x0008f977      0x4c2 src/ASF/sam/drivers/pio/pio_handler.o
                              0x8a8ba (size before relaxing)
 .debug_str     0x0008fe39      0x709 src/ASF/sam/drivers/pmc/pmc.o
                              0x8a8ac (size before relaxing)
 .debug_str     0x00090542      0x132 src/ASF/sam/drivers/rtt/rtt.o
                              0x89c29 (size before relaxing)
 .debug_str     0x00090674      0x303 src/ASF/sam/drivers/uart/uart.o
                              0x89e3b (size before relaxing)
 .debug_str     0x00090977      0xb49 src/ASF/sam/drivers/usart/usart.o
                              0x8a6af (size before relaxing)
 .debug_str     0x000914c0      0x771 src/ASF/sam/utils/cmsis/samv71/source/templates/gcc/startup_samv71.o
                              0x8a40f (size before relaxing)
 .debug_str     0x00091c31      0x122 src/ASF/sam/utils/cmsis/samv71/source/templates/system_samv71.o
                              0x79642 (size before relaxing)
 .debug_str     0x00091d53      0x787 src/ASF/sam/utils/syscalls/gcc/syscalls.o
                               0x7435 (size before relaxing)
 .debug_str     0x000924da     0x13c0 src/rtt_example.o
                              0x90a4e (size before relaxing)

.debug_frame    0x00000000     0x2228
 .debug_frame   0x00000000       0x88 src/ASF/common/services/clock/samv71/sysclk.o
 .debug_frame   0x00000088       0x30 src/ASF/common/utils/interrupt/interrupt_sam_nvic.o
 .debug_frame   0x000000b8       0x30 src/ASF/common/utils/stdio/read.o
 .debug_frame   0x000000e8       0x48 src/ASF/common/utils/stdio/write.o
 .debug_frame   0x00000130       0x30 src/ASF/sam/boards/samv71_xplained_ultra/init.o
 .debug_frame   0x00000160      0x390 src/ASF/sam/drivers/pio/pio.o
 .debug_frame   0x000004f0      0x110 src/ASF/sam/drivers/pio/pio_handler.o
 .debug_frame   0x00000600      0x4ec src/ASF/sam/drivers/pmc/pmc.o
 .debug_frame   0x00000aec       0xac src/ASF/sam/drivers/rtt/rtt.o
 .debug_frame   0x00000b98      0x19c src/ASF/sam/drivers/uart/uart.o
 .debug_frame   0x00000d34      0x5c0 src/ASF/sam/drivers/usart/usart.o
 .debug_frame   0x000012f4       0x38 src/ASF/sam/utils/cmsis/samv71/source/templates/gcc/startup_samv71.o
 .debug_frame   0x0000132c       0x40 src/ASF/sam/utils/cmsis/samv71/source/templates/system_samv71.o
 .debug_frame   0x0000136c       0xa0 src/ASF/sam/utils/syscalls/gcc/syscalls.o
 .debug_frame   0x0000140c       0x9c src/rtt_example.o
 .debug_frame   0x000014a8       0x2c c:/program files (x86)/atmel/studio/7.0/toolchain/arm/arm-gnu-toolchain/bin/../lib/gcc/arm-none-eabi/6.3.1/../../../../arm-none-eabi/lib/thumb/v7e-m\libc.a(lib_a-init.o)
 .debug_frame   0x000014d4       0x74 c:/program files (x86)/atmel/studio/7.0/toolchain/arm/arm-gnu-toolchain/bin/../lib/gcc/arm-none-eabi/6.3.1/../../../../arm-none-eabi/lib/thumb/v7e-m\libc.a(lib_a-iprintf.o)
 .debug_frame   0x00001548       0x34 c:/program files (x86)/atmel/studio/7.0/toolchain/arm/arm-gnu-toolchain/bin/../lib/gcc/arm-none-eabi/6.3.1/../../../../arm-none-eabi/lib/thumb/v7e-m\libc.a(lib_a-memset.o)
 .debug_frame   0x0000157c       0x4c c:/program files (x86)/atmel/studio/7.0/toolchain/arm/arm-gnu-toolchain/bin/../lib/gcc/arm-none-eabi/6.3.1/../../../../arm-none-eabi/lib/thumb/v7e-m\libc.a(lib_a-puts.o)
 .debug_frame   0x000015c8       0x20 c:/program files (x86)/atmel/studio/7.0/toolchain/arm/arm-gnu-toolchain/bin/../lib/gcc/arm-none-eabi/6.3.1/../../../../arm-none-eabi/lib/thumb/v7e-m\libc.a(lib_a-setbuf.o)
 .debug_frame   0x000015e8       0x48 c:/program files (x86)/atmel/studio/7.0/toolchain/arm/arm-gnu-toolchain/bin/../lib/gcc/arm-none-eabi/6.3.1/../../../../arm-none-eabi/lib/thumb/v7e-m\libc.a(lib_a-setvbuf.o)
 .debug_frame   0x00001630       0xd8 c:/program files (x86)/atmel/studio/7.0/toolchain/arm/arm-gnu-toolchain/bin/../lib/gcc/arm-none-eabi/6.3.1/../../../../arm-none-eabi/lib/thumb/v7e-m\libc.a(lib_a-vfiprintf.o)
 .debug_frame   0x00001708       0x2c c:/program files (x86)/atmel/studio/7.0/toolchain/arm/arm-gnu-toolchain/bin/../lib/gcc/arm-none-eabi/6.3.1/../../../../arm-none-eabi/lib/thumb/v7e-m\libc.a(lib_a-wsetup.o)
 .debug_frame   0x00001734       0x5c c:/program files (x86)/atmel/studio/7.0/toolchain/arm/arm-gnu-toolchain/bin/../lib/gcc/arm-none-eabi/6.3.1/../../../../arm-none-eabi/lib/thumb/v7e-m\libc.a(lib_a-__call_atexit.o)
 .debug_frame   0x00001790       0x20 c:/program files (x86)/atmel/studio/7.0/toolchain/arm/arm-gnu-toolchain/bin/../lib/gcc/arm-none-eabi/6.3.1/../../../../arm-none-eabi/lib/thumb/v7e-m\libc.a(lib_a-atexit.o)
 .debug_frame   0x000017b0       0x5c c:/program files (x86)/atmel/studio/7.0/toolchain/arm/arm-gnu-toolchain/bin/../lib/gcc/arm-none-eabi/6.3.1/../../../../arm-none-eabi/lib/thumb/v7e-m\libc.a(lib_a-fflush.o)
 .debug_frame   0x0000180c      0x148 c:/program files (x86)/atmel/studio/7.0/toolchain/arm/arm-gnu-toolchain/bin/../lib/gcc/arm-none-eabi/6.3.1/../../../../arm-none-eabi/lib/thumb/v7e-m\libc.a(lib_a-findfp.o)
 .debug_frame   0x00001954       0x34 c:/program files (x86)/atmel/studio/7.0/toolchain/arm/arm-gnu-toolchain/bin/../lib/gcc/arm-none-eabi/6.3.1/../../../../arm-none-eabi/lib/thumb/v7e-m\libc.a(lib_a-fini.o)
 .debug_frame   0x00001988       0x94 c:/program files (x86)/atmel/studio/7.0/toolchain/arm/arm-gnu-toolchain/bin/../lib/gcc/arm-none-eabi/6.3.1/../../../../arm-none-eabi/lib/thumb/v7e-m\libc.a(lib_a-fputwc.o)
 .debug_frame   0x00001a1c       0x74 c:/program files (x86)/atmel/studio/7.0/toolchain/arm/arm-gnu-toolchain/bin/../lib/gcc/arm-none-eabi/6.3.1/../../../../arm-none-eabi/lib/thumb/v7e-m\libc.a(lib_a-freer.o)
 .debug_frame   0x00001a90       0x68 c:/program files (x86)/atmel/studio/7.0/toolchain/arm/arm-gnu-toolchain/bin/../lib/gcc/arm-none-eabi/6.3.1/../../../../arm-none-eabi/lib/thumb/v7e-m\libc.a(lib_a-fvwrite.o)
 .debug_frame   0x00001af8       0x54 c:/program files (x86)/atmel/studio/7.0/toolchain/arm/arm-gnu-toolchain/bin/../lib/gcc/arm-none-eabi/6.3.1/../../../../arm-none-eabi/lib/thumb/v7e-m\libc.a(lib_a-fwalk.o)
 .debug_frame   0x00001b4c       0x6c c:/program files (x86)/atmel/studio/7.0/toolchain/arm/arm-gnu-toolchain/bin/../lib/gcc/arm-none-eabi/6.3.1/../../../../arm-none-eabi/lib/thumb/v7e-m\libc.a(lib_a-locale.o)
 .debug_frame   0x00001bb8       0xb0 c:/program files (x86)/atmel/studio/7.0/toolchain/arm/arm-gnu-toolchain/bin/../lib/gcc/arm-none-eabi/6.3.1/../../../../arm-none-eabi/lib/thumb/v7e-m\libc.a(lib_a-lock.o)
 .debug_frame   0x00001c68       0x68 c:/program files (x86)/atmel/studio/7.0/toolchain/arm/arm-gnu-toolchain/bin/../lib/gcc/arm-none-eabi/6.3.1/../../../../arm-none-eabi/lib/thumb/v7e-m\libc.a(lib_a-makebuf.o)
 .debug_frame   0x00001cd0       0x30 c:/program files (x86)/atmel/studio/7.0/toolchain/arm/arm-gnu-toolchain/bin/../lib/gcc/arm-none-eabi/6.3.1/../../../../arm-none-eabi/lib/thumb/v7e-m\libc.a(lib_a-malloc.o)
 .debug_frame   0x00001d00       0x58 c:/program files (x86)/atmel/studio/7.0/toolchain/arm/arm-gnu-toolchain/bin/../lib/gcc/arm-none-eabi/6.3.1/../../../../arm-none-eabi/lib/thumb/v7e-m\libc.a(lib_a-mallocr.o)
 .debug_frame   0x00001d58       0x4c c:/program files (x86)/atmel/studio/7.0/toolchain/arm/arm-gnu-toolchain/bin/../lib/gcc/arm-none-eabi/6.3.1/../../../../arm-none-eabi/lib/thumb/v7e-m\libc.a(lib_a-mbtowc_r.o)
 .debug_frame   0x00001da4       0x30 c:/program files (x86)/atmel/studio/7.0/toolchain/arm/arm-gnu-toolchain/bin/../lib/gcc/arm-none-eabi/6.3.1/../../../../arm-none-eabi/lib/thumb/v7e-m\libc.a(lib_a-memmove.o)
 .debug_frame   0x00001dd4       0x30 c:/program files (x86)/atmel/studio/7.0/toolchain/arm/arm-gnu-toolchain/bin/../lib/gcc/arm-none-eabi/6.3.1/../../../../arm-none-eabi/lib/thumb/v7e-m\libc.a(lib_a-mlock.o)
 .debug_frame   0x00001e04       0x68 c:/program files (x86)/atmel/studio/7.0/toolchain/arm/arm-gnu-toolchain/bin/../lib/gcc/arm-none-eabi/6.3.1/../../../../arm-none-eabi/lib/thumb/v7e-m\libc.a(lib_a-reallocr.o)
 .debug_frame   0x00001e6c       0x2c c:/program files (x86)/atmel/studio/7.0/toolchain/arm/arm-gnu-toolchain/bin/../lib/gcc/arm-none-eabi/6.3.1/../../../../arm-none-eabi/lib/thumb/v7e-m\libc.a(lib_a-sbrkr.o)
 .debug_frame   0x00001e98       0x88 c:/program files (x86)/atmel/studio/7.0/toolchain/arm/arm-gnu-toolchain/bin/../lib/gcc/arm-none-eabi/6.3.1/../../../../arm-none-eabi/lib/thumb/v7e-m\libc.a(lib_a-stdio.o)
 .debug_frame   0x00001f20       0x40 c:/program files (x86)/atmel/studio/7.0/toolchain/arm/arm-gnu-toolchain/bin/../lib/gcc/arm-none-eabi/6.3.1/../../../../arm-none-eabi/lib/thumb/v7e-m\libc.a(lib_a-wbuf.o)
 .debug_frame   0x00001f60       0x5c c:/program files (x86)/atmel/studio/7.0/toolchain/arm/arm-gnu-toolchain/bin/../lib/gcc/arm-none-eabi/6.3.1/../../../../arm-none-eabi/lib/thumb/v7e-m\libc.a(lib_a-wcrtomb.o)
 .debug_frame   0x00001fbc       0x3c c:/program files (x86)/atmel/studio/7.0/toolchain/arm/arm-gnu-toolchain/bin/../lib/gcc/arm-none-eabi/6.3.1/../../../../arm-none-eabi/lib/thumb/v7e-m\libc.a(lib_a-wctomb_r.o)
 .debug_frame   0x00001ff8       0x2c c:/program files (x86)/atmel/studio/7.0/toolchain/arm/arm-gnu-toolchain/bin/../lib/gcc/arm-none-eabi/6.3.1/../../../../arm-none-eabi/lib/thumb/v7e-m\libc.a(lib_a-writer.o)
 .debug_frame   0x00002024       0x34 c:/program files (x86)/atmel/studio/7.0/toolchain/arm/arm-gnu-toolchain/bin/../lib/gcc/arm-none-eabi/6.3.1/../../../../arm-none-eabi/lib/thumb/v7e-m\libc.a(lib_a-__atexit.o)
 .debug_frame   0x00002058       0x2c c:/program files (x86)/atmel/studio/7.0/toolchain/arm/arm-gnu-toolchain/bin/../lib/gcc/arm-none-eabi/6.3.1/../../../../arm-none-eabi/lib/thumb/v7e-m\libc.a(lib_a-closer.o)
 .debug_frame   0x00002084       0x3c c:/program files (x86)/atmel/studio/7.0/toolchain/arm/arm-gnu-toolchain/bin/../lib/gcc/arm-none-eabi/6.3.1/../../../../arm-none-eabi/lib/thumb/v7e-m\libc.a(lib_a-fclose.o)
 .debug_frame   0x000020c0       0x2c c:/program files (x86)/atmel/studio/7.0/toolchain/arm/arm-gnu-toolchain/bin/../lib/gcc/arm-none-eabi/6.3.1/../../../../arm-none-eabi/lib/thumb/v7e-m\libc.a(lib_a-fstatr.o)
 .debug_frame   0x000020ec       0x2c c:/program files (x86)/atmel/studio/7.0/toolchain/arm/arm-gnu-toolchain/bin/../lib/gcc/arm-none-eabi/6.3.1/../../../../arm-none-eabi/lib/thumb/v7e-m\libc.a(lib_a-isattyr.o)
 .debug_frame   0x00002118       0x2c c:/program files (x86)/atmel/studio/7.0/toolchain/arm/arm-gnu-toolchain/bin/../lib/gcc/arm-none-eabi/6.3.1/../../../../arm-none-eabi/lib/thumb/v7e-m\libc.a(lib_a-lseekr.o)